06-21 16:23:51.493 29390 29390 I allery3d:searc: 
06-21 16:23:51.493 29390 29390 I allery3d:searc: QarthPatchMonintor::StartWatch
06-21 16:23:51.493 29390 29390 I allery3d:searc: 
06-21 16:23:51.493 29390 29390 I allery3d:searc: QarthPatchMonintor::WatchPackage: /data/hotpatch/fwkhotpatch/
06-21 16:23:51.493 29390 29390 I allery3d:searc: 
06-21 16:23:51.493 29390 29390 I allery3d:searc: QarthPatchMonintor::CheckAndWatchPatch: /data/hotpatch/fwkhotpatch/com.android.gallery3d
06-21 16:23:51.493 29390 29390 I allery3d:searc: 
06-21 16:23:51.493 29390 29390 I allery3d:searc: QarthPatchMonintor::CheckAndWatchPatch: /data/hotpatch/fwkhotpatch/all
06-21 16:23:51.493 29390 29390 I allery3d:searc: 
06-21 16:23:51.493 29390 29390 I allery3d:searc: QarthPatchMonintor::Run
06-21 16:23:51.493 29390 29390 I allery3d:searc: 
06-21 16:23:51.497 29390 29390 W allery3d:search: type=1400 audit(0.0:688283): avc: denied { read } for name="size" dev="proc" ino=4026532262 scontext=u:r:priv_app:s0:c512,c768 tcontext=u:object_r:proc_bootdevice_size:s0 tclass=file permissive=0
06-21 16:23:51.497 29390 29390 D DeviceInfo: No path exception=java.io.FileNotFoundException: /proc/partitions (Permission denied)
06-21 16:23:51.498 29390 29390 D DeviceInfo: No path exception=java.io.FileNotFoundException: /proc/bootdevice/size (Permission denied)
06-21 16:23:51.498 29390 29390 D DeviceInfo: ramSize =4194304
06-21 16:23:51.500 29390 29390 I AppFeatureLoader: loadFeature entryClazz:com.huawei.gallery.featurelayer.feature.dynamic.Panorama3DFeatureEntry clazz:com.huawei.gallery.feature.panorama3d.IPanorama3DFeature
06-21 16:23:51.504 29390 29407 I allery3d:searc: QarthPatchMonintor::Reading
06-21 16:23:51.504 29390 29407 I allery3d:searc: 
06-21 16:23:51.504 29390 29407 I allery3d:searc: QarthPatchMonintor::CheckNotifyEvent
06-21 16:23:51.504 29390 29407 I allery3d:searc: 
06-21 16:23:51.504 29390 29407 I allery3d:searc: QarthPatchMonintor::CheckNotifyEvent before read
06-21 16:23:51.504 29390 29407 I allery3d:searc: 
06-21 16:23:51.510 29390 29404 I AwareBitmapCacher: init processName:com.android.gallery3d:search pid=29390 uid=10028
06-21 16:23:51.512   596  2145 I GRALLOC : getCallingPid=649, shrFd=32,fmt=0x1,intFmt=0x1,btStrd=4352,size=315392,pid=596 
06-21 16:23:51.512   596  2145 I GRALLOC : 	 yuv=2,w=1080,h=72,Stride u=0 v=0,offset u=0 v=0 
06-21 16:23:51.512   596  2145 I GRALLOC : 	 iova_size=315392,conUsg=0xb00,proUsg=0xb00,	 strd=1088,[afbc]HdrStrd=0 PyldStrd=0 Scrmbl=0,ionhnd = 1 
06-21 16:23:51.519 29390 29410 I com.fyusion.sdk.common: 2021-06-21T16:23:51.513+0800 [Auth]: Fyuse SDK version: 1.02.24-rel7 | '4dd9b23ea' | 2017-08-08T21:21:58-07:00 | Vislib: A-SDK-1.03-01 | cc0bb74a3 | 1.0.5
06-21 16:23:51.525 29390 29390 W Thread-5: type=1400 audit(0.0:688284): avc: denied { call } for scontext=u:r:priv_app:s0:c512,c768 tcontext=u:r:hal_sensors_default:s0 tclass=binder permissive=0
06-21 16:23:51.525 29390 29411 I HwApiCacheMangerEx: apicache path=/storage/emulated/0 state=mounted key=com.android.gallery3d#10028#512
06-21 16:23:51.528 29390 29390 I AppFeatureLoader: loadFeature entryClazz:com.huawei.gallery.featurelayer.feature.dynamic.GalleryVisionFeatureEntry clazz:com.huawei.gallery.feature.galleryvision.IGalleryVisionFeature
06-21 16:23:51.529 29390 29412 W ServiceManagement: getService: unable to call into hwbinder service for vendor.huawei.hardware.sensors@1.0::ISensors/default.
06-21 16:23:51.530 29390 29404 E MemoryLeakMonitorManager: MemoryLeakMonitor.jar is not exist!
06-21 16:23:51.536 29390 29411 I AppFeatureLoader: loadFeature entryClazz:com.huawei.gallery.featurelayer.feature.dynamic.PhotoRectifyFeatureEntry clazz:com.huawei.gallery.feature.photorectify.IPhotoRectifyFeature
06-21 16:23:51.542 29390 29411 E FontFamily: Error mapping font file /system/fonts/slim.ttf
06-21 16:23:51.543 29390 29411 W Gallery2_Common_GalleryUtils: Font not found!
06-21 16:23:51.556 29390 29408 D DE I -de: nativeInit:66: Loading algorithms
06-21 16:23:51.556 29390 29408 D DE I -de: initLogSwitch:23: isProductDebuggable=0, isDebugLogOn=0
06-21 16:23:51.575   467   467 E OEMINFO_NVM_SERVER:  OeminfoRead:index(75), oeminfo data not find !!!!
06-21 16:23:51.575   467   467 E OEMINFO_NVM_SERVER:  OeminfoReadData, index(75) fail to read oeminfo
06-21 16:23:51.575   467   467 E OEMINFO_NVM_SERVER:  OinvCmdHandler: pid 506, operation oeminfo_read and ret -1 fail.
06-21 16:23:51.575   506   506 E OEMINFO_NVM_CLIENT: OinvRecvReturn: RET_FAIL return.
06-21 16:23:51.575   506   506 E OEMINFO_NVM_CLIENT: rmt_oeminfo_read: index(75) get data from server fail.
06-21 16:23:51.576  1305  3617 D hw_oeminfo_nv_interface: rmt_common_oeminfo_read: index(75) ret = -1
06-21 16:23:51.587 28499 29387 I Cloud[10.11.11.303]Sync.KeepLockTask: scheduleKeepLock interval: 300
06-21 16:23:51.598 28499 29387 I Cloud[10.11.11.303]Sync.SyncProcessBase: isCloudDataChanged localCtag = 0
06-21 16:23:51.599 28499 29387 I Cloud[10.11.11.303]Sync.SyncProcessBase: Local ctag is equal to cloud ctag
06-21 16:23:51.599 28499 29387 I Cloud[10.11.11.303]Sync.StartSyncImpl: CallBack, value = 0
06-21 16:23:51.599 28499 29387 I Cloud[10.11.11.303]Sync.SyncLogicService: syncModulePackageName = com.android.gallery3d, sdkVersion = 101
06-21 16:23:51.599 28499 29387 I Cloud[10.11.11.303]Sync.SyncLogicService: getSdkVersion, syncModulePackageName = com.android.gallery3d, sdkVersion = 101
06-21 16:23:51.599 28499 29387 I Cloud[10.11.11.303]Sync.StartSyncImpl: cloudCtagMap.size = 2
06-21 16:23:51.600 28499 29387 I Cloud[10.11.11.303]Sync.SyncLogicService: getSdkVersion, syncModulePackageName = com.android.gallery3d, sdkVersion = 101
06-21 16:23:51.600 28499 29387 I Cloud[10.11.11.303]Sync.StartSyncImpl: cloudEtagMap.size = 0
06-21 16:23:51.601 28499 29387 I Cloud[10.11.11.303]Sync.CBTask: this == cgh@1[RUN, normal]
06-21 16:23:51.602 28499 28499 I Cloud[10.11.11.303]Sync.SyncLogicService: handleMessage No:0;MSG content is:handleMessage callback,msg.what=10001, bundle=[cloud_ctag_map=com.huawei.android.hicloud.sync.service.aidl.ParcelableMap@9691889;traceId=03001_01_1624263831_86987771;resultCode=0;is_incrementally_query=false;sync_module_package_name=com.android.gallery3d;cloud_etag_map=com.huawei.android.hicloud.sync.service.aidl.ParcelableMap@a2f608e;]
06-21 16:23:51.602 29390 29411 W HwCust  : CUST VERSION = true, use class = class com.android.gallery3d.util.HwCustBlackList
06-21 16:23:51.602 29194 29306 I CloudSyncSdk[1.1.0.2].CloudSyncBase: handlerEventMsg, mHandler is null: false
06-21 16:23:51.602 29194 29373 I CloudSyncSdk[1.1.0.2].CloudSyncBase: Begin handleMessage msg.what = 10001
06-21 16:23:51.603 29194 29373 I CloudSyncSdk[1.1.0.2].CloudSyncBase: sendInBatches: false
06-21 16:23:51.603 29194 29373 I CloudSyncSdk[1.1.0.2].CloudSyncV100: isIncrementallyQuery: false
06-21 16:23:51.604 28499 28499 I Cloud[10.11.11.303]Sync.SyncLogicService: sendSDKTimeOutMessage syncType = atlas
06-21 16:23:51.604 29194 29373 I CloudSyncSdk[1.1.0.2].CloudSyncV100: getCloudCtagAndCloudEag, CloudCtagMap: {atlastag=[ctag=0, status=200, expired=true], face=[ctag=0, status=200, expired=true]}
06-21 16:23:51.604 29194 29373 I CloudSyncSdk[1.1.0.2].CloudSyncV100: getCloudCtagAndCloudEag, CloudEtagMap: {}
06-21 16:23:51.607 29194 29373 I CloudSyncSdk[1.1.0.2].CloudSyncV100: localCtag : 0, cloudCtag : 0
06-21 16:23:51.607 29194 29373 I CloudSyncSdk[1.1.0.2].SyncProcessBase: Call App onDownloadSyncStart
06-21 16:23:51.607 29194 29373 I CloudSyncSdk[1.1.0.2].CloudSyncBase: Download data from cloud, remain to download: 0
06-21 16:23:51.607 29194 29373 I CloudSyncSdk[1.1.0.2].CloudSyncV100: updateLocalCtag
06-21 16:23:51.607 29194 29373 I CloudSyncSdk[1.1.0.2].CloudSyncV100: updateLocalCtag, dataType: atlastagcTagValue: 0, current sync: 
06-21 16:23:51.607 29194 29373 I CloudSyncSdk[1.1.0.2].CloudSyncV100: updateCtagInfoList, list size = 1
06-21 16:23:51.612   596  2145 I GRALLOC : getCallingPid=649, shrFd=32,fmt=0x1,intFmt=0x1,btStrd=4352,size=3571712,pid=596 
06-21 16:23:51.612   596  2145 I GRALLOC : 	 yuv=2,w=1080,h=819,Stride u=0 v=0,offset u=0 v=0 
06-21 16:23:51.612   596  2145 I GRALLOC : 	 iova_size=3571712,conUsg=0x906,proUsg=0x966,	 strd=1088,[afbc]HdrStrd=0 PyldStrd=0 Scrmbl=0,ionhnd = 1 
06-21 16:23:51.615 29194 29373 I CloudSyncSdk[1.1.0.2].SyncProcessBase: Call app queryLocalIds
06-21 16:23:51.618 29194 29373 I CloudSyncSdk[1.1.0.2].CloudSyncV100: localIdList: []
06-21 16:23:51.622  2065  2228 E HSM_BG  : NormalTrafficAnalysis:alert byte = 0, so return
06-21 16:23:51.625 29194 29373 I CloudSyncSdk[1.1.0.2].CloudSyncV100: Query local etag, data type: atlastag, size is 0
06-21 16:23:51.625 29194 29373 I CloudSyncSdk[1.1.0.2].CloudSyncV100: localAddedId.size = 0, localModifiedId.size = 0, localDeletedId.size = 0
06-21 16:23:51.625 29194 29373 I CloudSyncSdk[1.1.0.2].SyncProcessBase: Call app onUploadSyncStart
06-21 16:23:51.625 29194 29373 I CloudSyncSdk[1.1.0.2].CloudSyncBase: Prepare upload data, lAddId list = []
06-21 16:23:51.626 29194 29373 I CloudSyncSdk[1.1.0.2].CloudSyncBase: addFileId = []
06-21 16:23:51.626 29194 29373 I CloudSyncSdk[1.1.0.2].CloudSyncBase: addId = []
06-21 16:23:51.626 29194 29373 I CloudSyncSdk[1.1.0.2].CloudSyncBase: lModifyId list = []
06-21 16:23:51.626 29194 29373 I CloudSyncSdk[1.1.0.2].CloudSyncBase: modifyFileId = []
06-21 16:23:51.626 29194 29373 I CloudSyncSdk[1.1.0.2].CloudSyncBase: modifyId = []
06-21 16:23:51.626 29194 29373 I CloudSyncSdk[1.1.0.2].CloudSyncBase: process localdata to cloud.
06-21 16:23:51.626 29194 29373 I CloudSyncSdk[1.1.0.2].CloudSyncBase: end process localdata to cloud, dataSyncEnd: isAllUnstructDataSuccess = true
06-21 16:23:51.626 29194 29373 I CloudSyncSdk[1.1.0.2].SyncProcessBase: Call app onDataSyncEnd, resultCode = 0
06-21 16:23:51.626 29194 29373 I CloudSyncSdk[1.1.0.2].CloudSyncBase: end process localdata to cloud.
06-21 16:23:51.635 29194 29373 I CloudSyncSdk[1.1.0.2].CloudSync: App call: syncdata, syncType = atlas, dataType = face, order = 2, batchNumber = 100, versionCode = 101
06-21 16:23:51.636 29194 29373 I CloudSyncSdk[1.1.0.2].QueryHuaweiCloud: Query switch status, syncType = atlas
06-21 16:23:51.638 28499 28815 I Cloud[10.11.11.303]Sync.HiSyncUtil: getAllShownSyncServiceId 
06-21 16:23:51.638 28499 28815 I Cloud[10.11.11.303]Sync.HiSyncUtil: getShownSyncServiceId 
06-21 16:23:51.638 28499 28815 I Cloud[10.11.11.303]Sync.HiSyncUtil: getShownSyncServiceItems 
06-21 16:23:51.640 28499 28815 W Cloud[10.11.11.303]Sync.SyncConfigOperator: services is null, return empty list
06-21 16:23:51.640 29390 29408 I AppFeatureLoader: loadFeature entryClazz:com.huawei.gallery.featurelayer.feature.dynamic.SearchFeatureEntry clazz:com.huawei.gallery.feature.search.ISearchFeature
06-21 16:23:51.641 28499 28815 I Cloud[10.11.11.303]Sync.HiSyncUtil: getShownSyncServiceItems no added sync module. 
06-21 16:23:51.641 28499 28815 I Cloud[10.11.11.303]Sync.HiSyncUtil: getShownSyncServiceItems get OM services is empty
06-21 16:23:51.645 28499 28815 I Cloud[10.11.11.303]Sync.SyncProvider: Module name: atlas, isSwitchOn = true
06-21 16:23:51.648 29194 29373 I CloudSyncSdk[1.1.0.2].SyncServiceProtocol: serviceConnection: isServiceConnected = true
06-21 16:23:51.648 29194 29373 I CloudSyncSdk[1.1.0.2].SyncServiceProtocol: onCloudServiceConnected: mCallbackRegistered = true
06-21 16:23:51.648 29194 29373 I CloudSyncSdk[1.1.0.2].SyncServiceProtocol: register callback, mCallbackRegistered:true
06-21 16:23:51.648 29194 29373 I CloudSyncSdk[1.1.0.2].SyncServiceProtocol: getHisyncNewVersion
06-21 16:23:51.649 29194 29373 I CloudSyncSdk[1.1.0.2].CloudSyncBase: handlerEventMsg, mHandler is null: false
06-21 16:23:51.649 29194 29373 I CloudSyncSdk[1.1.0.2].CloudSyncBase: Begin handleMessage msg.what = 10011
06-21 16:23:51.649 29194 29373 I CloudSyncSdk[1.1.0.2].CloudSyncBase: sendInBatches: false
06-21 16:23:51.649 29194 29373 I CloudSyncSdk[1.1.0.2].CloudSyncV101: newVersion = 105
06-21 16:23:51.649 29194 29373 I CloudSyncSdk[1.1.0.2].CloudSyncBase: isHiCloudVersionMatch, AppAbilityVersion: 101
06-21 16:23:51.650   757  3391 E LOGSERVER_UTILS: [Erecovery]readEvent: eRecEventManager readEvent 0
06-21 16:23:51.650 29194 29373 I CloudSyncSdk[1.1.0.2].SyncServiceProtocol: serviceConnection: isServiceConnected = true
06-21 16:23:51.651 29194 29373 I CloudSyncSdk[1.1.0.2].SyncServiceProtocol: onCloudServiceConnected: mCallbackRegistered = true
06-21 16:23:51.651 29194 29373 I CloudSyncSdk[1.1.0.2].SyncServiceProtocol: register callback, mCallbackRegistered:true
06-21 16:23:51.651 28499 28815 I Cloud[10.11.11.303]Sync.SyncLogicService: reportSDKVersionCode sdkVersionCode = 101
06-21 16:23:51.652 28499 28815 I Cloud[10.11.11.303]Sync.SyncLogicService: getCallingPackageName: callingAppPackageName = com.android.gallery3d
06-21 16:23:51.653 29194 29373 I CloudSyncSdk[1.1.0.2].SyncServiceProtocol: startSyncV101, dataType: face, local ctagInfo size = 2
06-21 16:23:51.653 28499 28815 I Cloud[10.11.11.303]Sync.SyncLogicService: startSyncV101 syncType = atlas, dataType = face
06-21 16:23:51.653 28499 28815 I Cloud[10.11.11.303]Sync.SyncLogicService: removeTimeOutMessage syncType = atlas
06-21 16:23:51.653 28499 28815 I Cloud[10.11.11.303]Sync.SyncLogicService: getCallingPackageName: callingAppPackageName = com.android.gallery3d
06-21 16:23:51.654 28499 28815 I Cloud[10.11.11.303]Sync.SyncLogicService: startSync syncType = atlas, dataType = face, traceId = 03001_01_1624263831_86987771
06-21 16:23:51.654 28499 28815 I Cloud[10.11.11.303]Sync.CBTaskManager: add task : cgh@2[READY, normal]
06-21 16:23:51.654 28499 29387 I Cloud[10.11.11.303]Sync.StartSyncTask: beforeWorkStart, syncType = atlas and dataType = face
06-21 16:23:51.655 28499 29387 I Cloud[10.11.11.303]Sync.StartSyncTask: Begin doWork
06-21 16:23:51.655 28499 29387 I Cloud[10.11.11.303]Sync.StartSyncImpl: Sync type = atlas, dataType = face, order = 2, packageName = com.android.gallery3d
06-21 16:23:51.655 28499 29387 I Cloud[10.11.11.303]Sync.StartSyncTask: getErrorCode : deleteState = 0
06-21 16:23:51.655 28499 29387 I Cloud[10.11.11.303]Sync.SyncLogicService: syncModulePackageName = com.android.gallery3d, sdkVersion = 101
06-21 16:23:51.655 28499 29387 I Cloud[10.11.11.303]Sync.SyncProcessBase: isCloudDataChanged localCtag = 0
06-21 16:23:51.655 28499 29387 I Cloud[10.11.11.303]Sync.SyncProcessBase: Local ctag is equal to cloud ctag
06-21 16:23:51.655 28499 29387 I Cloud[10.11.11.303]Sync.StartSyncImpl: CallBack, value = 0
06-21 16:23:51.655 28499 29387 I Cloud[10.11.11.303]Sync.SyncLogicService: syncModulePackageName = com.android.gallery3d, sdkVersion = 101
06-21 16:23:51.655 28499 29387 I Cloud[10.11.11.303]Sync.SyncLogicService: getSdkVersion, syncModulePackageName = com.android.gallery3d, sdkVersion = 101
06-21 16:23:51.655 28499 29387 I Cloud[10.11.11.303]Sync.StartSyncImpl: cloudCtagMap.size = 0
06-21 16:23:51.655 28499 29387 I Cloud[10.11.11.303]Sync.SyncLogicService: getSdkVersion, syncModulePackageName = com.android.gallery3d, sdkVersion = 101
06-21 16:23:51.655 28499 29387 I Cloud[10.11.11.303]Sync.StartSyncImpl: cloudEtagMap.size = 0
06-21 16:23:51.656 28499 29387 I Cloud[10.11.11.303]Sync.CBTask: this == cgh@2[RUN, normal]
06-21 16:23:51.656 28499 28499 I Cloud[10.11.11.303]Sync.SyncLogicService: handleMessage No:0;MSG content is:handleMessage callback,msg.what=10001, bundle=[cloud_ctag_map=com.huawei.android.hicloud.sync.service.aidl.ParcelableMap@16b90af;traceId=03001_01_1624263831_86987771;resultCode=0;is_incrementally_query=false;sync_module_package_name=com.android.gallery3d;cloud_etag_map=com.huawei.android.hicloud.sync.service.aidl.ParcelableMap@73c1cbc;]
06-21 16:23:51.657 29194 29306 I CloudSyncSdk[1.1.0.2].CloudSyncBase: handlerEventMsg, mHandler is null: false
06-21 16:23:51.657 28499 28499 I Cloud[10.11.11.303]Sync.SyncLogicService: sendSDKTimeOutMessage syncType = atlas
06-21 16:23:51.658 29194 29373 I CloudSyncSdk[1.1.0.2].CloudSyncBase: Begin handleMessage msg.what = 10001
06-21 16:23:51.658 29194 29373 I CloudSyncSdk[1.1.0.2].CloudSyncBase: sendInBatches: false
06-21 16:23:51.658 29194 29373 I CloudSyncSdk[1.1.0.2].CloudSyncV100: isIncrementallyQuery: false
06-21 16:23:51.658 29194 29373 I CloudSyncSdk[1.1.0.2].CloudSyncV100: getCloudCtagAndCloudEag, CloudCtagMap: {atlastag=[ctag=0, status=200, expired=true], face=[ctag=0, status=200, expired=true]}
06-21 16:23:51.658 29194 29373 I CloudSyncSdk[1.1.0.2].CloudSyncV100: getCloudCtagAndCloudEag, CloudEtagMap: {}
06-21 16:23:51.659 29194 29373 I CloudSyncSdk[1.1.0.2].CloudSyncV100: localCtag : 0, cloudCtag : 0
06-21 16:23:51.659 29194 29373 I CloudSyncSdk[1.1.0.2].SyncProcessBase: Call App onDownloadSyncStart
06-21 16:23:51.661 29194 29373 I CloudSyncSdk[1.1.0.2].CloudSyncBase: Download data from cloud, remain to download: 0
06-21 16:23:51.661 29194 29373 I CloudSyncSdk[1.1.0.2].CloudSyncV100: updateLocalCtag
06-21 16:23:51.661 29194 29373 I CloudSyncSdk[1.1.0.2].CloudSyncV100: updateLocalCtag, dataType: facecTagValue: 0, current sync: 1593532423812
06-21 16:23:51.661 29194 29373 I CloudSyncSdk[1.1.0.2].CloudSyncV100: updateCtagInfoList, list size = 1
06-21 16:23:51.666 29390 29408 E Gallery2_Common_TouchForceManager: NoSuchMethodException com.huawei.android.app.Activity failed
06-21 16:23:51.672 29390 29408 E libscanner: fox_v1.0.0_20181225_>>>Version:  WB_v363_CC_r<<<
06-21 16:23:51.683 29390 29412 D OpenGLRenderer: Skia GL Pipeline
06-21 16:23:51.686 29194 29373 I CloudSyncSdk[1.1.0.2].SyncProcessBase: Call app queryLocalIds
06-21 16:23:51.688 29194 29373 I CloudSyncSdk[1.1.0.2].CloudSyncV100: localIdList: []
06-21 16:23:51.689 29194 29373 I CloudSyncSdk[1.1.0.2].CloudSyncV100: Query local etag, data type: face, size is 0
06-21 16:23:51.689 29194 29373 I CloudSyncSdk[1.1.0.2].CloudSyncV100: localAddedId.size = 0, localModifiedId.size = 0, localDeletedId.size = 0
06-21 16:23:51.689 29194 29373 I CloudSyncSdk[1.1.0.2].SyncProcessBase: Call app onUploadSyncStart
06-21 16:23:51.689 29194 29373 I CloudSyncSdk[1.1.0.2].CloudSyncBase: Prepare upload data, lAddId list = []
06-21 16:23:51.689 29194 29373 I CloudSyncSdk[1.1.0.2].CloudSyncBase: addFileId = []
06-21 16:23:51.689 29194 29373 I CloudSyncSdk[1.1.0.2].CloudSyncBase: addId = []
06-21 16:23:51.689 29194 29373 I CloudSyncSdk[1.1.0.2].CloudSyncBase: lModifyId list = []
06-21 16:23:51.689 29194 29373 I CloudSyncSdk[1.1.0.2].CloudSyncBase: modifyFileId = []
06-21 16:23:51.689 29194 29373 I CloudSyncSdk[1.1.0.2].CloudSyncBase: modifyId = []
06-21 16:23:51.689 29194 29373 I CloudSyncSdk[1.1.0.2].CloudSyncBase: process localdata to cloud.
06-21 16:23:51.689 29194 29373 I CloudSyncSdk[1.1.0.2].CloudSyncBase: end process localdata to cloud, dataSyncEnd: isAllUnstructDataSuccess = true
06-21 16:23:51.689 29194 29373 I CloudSyncSdk[1.1.0.2].SyncProcessBase: Call app onDataSyncEnd, resultCode = 0
06-21 16:23:51.689 29194 29373 I CloudSyncSdk[1.1.0.2].CloudSync: App call: endSync, syncType = atlas
06-21 16:23:51.689 29194 29373 I CloudSyncSdk[1.1.0.2].CloudSyncV101: App call: endSyncV101
06-21 16:23:51.690 29194 29373 I CloudSyncSdk[1.1.0.2].SyncServiceProtocol: serviceConnection: isServiceConnected = true
06-21 16:23:51.690 29194 29373 I CloudSyncSdk[1.1.0.2].SyncServiceProtocol: onCloudServiceConnected: mCallbackRegistered = true
06-21 16:23:51.690 29194 29373 I CloudSyncSdk[1.1.0.2].SyncServiceProtocol: register callback, mCallbackRegistered:true
06-21 16:23:51.690 29194 29373 I CloudSyncSdk[1.1.0.2].SyncServiceProtocol: endSyncV100: [atlastag, face], [0, 0]
06-21 16:23:51.692 28499 28815 I Cloud[10.11.11.303]Sync.SyncLogicService: endSyncV100
06-21 16:23:51.693 28499 28815 I Cloud[10.11.11.303]Sync.SyncLogicService: getCallingPackageName: callingAppPackageName = com.android.gallery3d
06-21 16:23:51.693 28499 28815 I Cloud[10.11.11.303]Sync.SyncLogicService: getCallingPackageName: callingAppPackageName = com.android.gallery3d
06-21 16:23:51.693 28499 28815 I Cloud[10.11.11.303]Sync.SyncLogicService: endSync: syncType = atlas, callingPackageName = com.android.gallery3d
06-21 16:23:51.693 28499 28815 I Cloud[10.11.11.303]Sync.SyncLogicService: removeTimeOutMessage syncType = atlas
06-21 16:23:51.693 28499 28815 I Cloud[10.11.11.303]Sync.CBTaskManager: add task : cfw@3[READY, normal]
06-21 16:23:51.694 28499 29387 I Cloud[10.11.11.303]Sync.EndSyncTask: Begin beforeWorkStart
06-21 16:23:51.694 28499 29387 I Cloud[10.11.11.303]Sync.EndSyncTask: Begin doWork
06-21 16:23:51.695 28499 29387 I Cloud[10.11.11.303]Sync.EndSyncImpl: endSync
06-21 16:23:51.695 28499 29387 I Cloud[10.11.11.303]Sync.EndSyncImpl: unLock, mDataTypeList size = 2
06-21 16:23:51.695 28499 29387 I Cloud[10.11.11.303]Sync.EndSyncImpl: getUnlockRequest, don't need unlock parameter
06-21 16:23:51.696 28499 29387 I Cloud[10.11.11.303]Sync.KeepLockTask: cancelKeepLock
06-21 16:23:51.696 28499 29387 I Cloud[10.11.11.303]Sync.SyncProtocol: sendRequestAndParseResponse, tid=com.huawei.hidisk.atlas
06-21 16:23:51.697 28499 29387 I Cloud[10.11.11.303]Sync.SyncProtocol: Method = UNLOCK, module = atlas, traceId: 03001_01_1624263831_86987771
06-21 16:23:51.698 29194 29373 I CloudSyncSdk[1.1.0.2].CloudSyncBase: end process localdata to cloud.
06-21 16:23:51.732   467   467 E OEMINFO_NVM_SERVER:  OeminfoRead:index(75), oeminfo data not find !!!!
06-21 16:23:51.733   467   467 E OEMINFO_NVM_SERVER:  OeminfoReadData, index(75) fail to read oeminfo
06-21 16:23:51.733   467   467 E OEMINFO_NVM_SERVER:  OinvCmdHandler: pid 506, operation oeminfo_read and ret -1 fail.
06-21 16:23:51.733   506   506 E OEMINFO_NVM_CLIENT: OinvRecvReturn: RET_FAIL return.
06-21 16:23:51.733   506   506 E OEMINFO_NVM_CLIENT: rmt_oeminfo_read: index(75) get data from server fail.
06-21 16:23:51.733  1305  3617 D hw_oeminfo_nv_interface: rmt_common_oeminfo_read: index(75) ret = -1
06-21 16:23:51.739  2065  2228 E HSM_BG  : NormalTrafficAnalysis:alert byte = 0, so return
06-21 16:23:51.740 28499 29387 I SecurityComp10105306: flt: createSocket s host port autoClose
06-21 16:23:51.740 28499 29387 I SecurityComp10105306: flt: set default protocols
06-21 16:23:51.740 28499 29387 I SecurityComp10105306: flt: set default cipher suites
06-21 16:23:51.799   679   679 I aptouch_daemon: filter_touch_detect, down, in: 1, out: 1
06-21 16:23:51.799  1305  1474 D fingersense_manager: Calling fingersense_classify_touch()
06-21 16:23:51.803  1305  1474 D fingersense_manager: fingersense_classify_touch() finished
06-21 16:23:51.833  2065  2228 E HSM_BG  : NormalTrafficAnalysis:alert byte = 0, so return
06-21 16:23:51.857   679   679 I aptouch_daemon: filter_touch_detect, all_touch_up
06-21 16:23:51.871  1644  1774 I Net.80450NetworkSpeedMa:  runInThread getTetherStats
06-21 16:23:51.875  1305  3617 W ActivityManager: Sending non-protected broadcast com.android.systemui.statusbar.visible.change from system 1644:com.android.systemui/u0a35 pkg com.android.systemui
06-21 16:23:51.875  1305  3617 W ActivityManager: Sending non-protected broadcast com.android.systemui.statusbar.visible.change from system 1644:com.android.systemui/u0a35 pkg com.android.systemui
06-21 16:23:51.877  1644  1644 I Net.80450NetworkSpeedMa:  runInUI refreshSpeed
06-21 16:23:51.877  1644  1644 I Net.80450NetworkSpeedMa: value=17730.0speed = 17.3K/smIsShowLastSpeedValuefalse
06-21 16:23:51.878  1644  1644 I NetworkSpeedView: /update(), speed=17.3K/s
06-21 16:23:51.878  1644  1644 I chatty  : uid=10035(com.huawei.HwMultiScreenShot) com.android.systemui identical 1 line
06-21 16:23:51.878  1644  1644 I NetworkSpeedView: /update(), speed=17.3K/s
06-21 16:23:51.880  1063  1063 I BaseSystemEventBroadcast:  CAWARENESS: action_bar_pull_down 
06-21 16:23:51.881  1063  1111 I         :  CAWARENESS: onSystemSingleEventChanged() type : 10 status : 4 action : 512
06-21 16:23:51.882 26509 26509 V AudioManager: playSoundEffect   effectType: 0
06-21 16:23:51.882 26509 26509 V AudioManager: querySoundEffectsEnabled...
06-21 16:23:51.884 26742 26742 I HwOUC   : [main-1]checkVerifyFailByOVMODE oemKey: PRELOAD_OVMODE_STATE; baseStateOEM_INFO_READ_FAILED(HwOucUtility.java:6589)
06-21 16:23:51.888 20933 20980 I PG_ash  : view remove pid:26509 uid:1000
06-21 16:23:51.889  1305  1325 D HwPhoneWindowManager: Transact:setSystemUIColor to status bar service
06-21 16:23:51.890  1305  3617 D ZrHung.AppEyeTransparentWindow: TransparentWindow cancelCheckFreezeScreen
06-21 16:23:51.890  1305  3617 D ZrHung.AppEyeTransparentWindow: TransparentWindow mHungConfigStatus = 0,mHungConfigEnable = 1
06-21 16:23:51.895   734   734 E Thermal-daemon: [ap] temp_new :44  temp_old :42
06-21 16:23:51.897   734   734 E Thermal-daemon: Report temperature: [ap] temp :44  report_threshold:1
06-21 16:23:51.897 20933 20992 D HwThermalStateManager: Thermal type: 0 cur_temperature:44
06-21 16:23:51.899 26509 26509 I UsbSettingsService: bindService !
06-21 16:23:51.899  1644  1644 D TintManager: navigationBarIconTint=99000000
06-21 16:23:51.900 26742 26742 I HwOUC   : [main-1]mIsHwInitHashCheckFail is ok return false(HwOucUtility.java:4772)
06-21 16:23:51.900 26742 26742 I HwOUC   : [main-1]checkNewversion, auto download available, isMultiplePackageAvailable is true; packageType is increment(AutoCheckNewVersionHotaImpl.java:134)
06-21 16:23:51.900 26742 26742 I HwOUC   : [main-1]AutoCheckNewVersionHotaImpl--checkNewversion()--oneStopCheckSwitch is true(AutoCheckNewVersionHotaImpl.java:141)
06-21 16:23:51.902 26742 29426 I HwOUC   : [OneTimeCheckNewVersionThread-44474]OneTimeCheckNewVersion synchronized run manualCheckSleeppedFlag is false; mIsAutoCheck is true; oneStopCheckSwitch is true; mPackageType is increment(UpdateProcessor.java:421)
06-21 16:23:51.903  1305  1314 I system_server: Background concurrent copying GC freed 295769(21MB) AllocSpace objects, 159(2MB) LOS objects, 24% free, 72MB/96MB, paused 542us total 264.935ms
06-21 16:23:51.904 26509 26509 D UsbManager: setPortRoles Package:com.android.settings
06-21 16:23:51.904 26509 26509 D UsbManager: setCurrentFunction: hisuite,mtp,mass_storage
06-21 16:23:51.913 28499 29387 I Cloud[10.11.11.303]Sync.SyncLogicService: syncModulePackageName = com.android.gallery3d, sdkVersion = 101
06-21 16:23:51.913 28499 29387 W Cloud[10.11.11.303]Sync.SyncLogicServiceUtil: syncApplyPowerkit: sync powerkit only support upper 10.0.
06-21 16:23:51.913 28499 29387 I Cloud[10.11.11.303]Sync.EndSyncImpl: CallBack, value = 0
06-21 16:23:51.914 26509 26509 V InputMethodManager: Reporting focus gain, without startInput
06-21 16:23:51.914 28499 29387 I Cloud[10.11.11.303]Sync.SyncLogicService: syncModulePackageName = com.android.gallery3d, sdkVersion = 101
06-21 16:23:51.914 28499 29387 I Cloud[10.11.11.303]Sync.SyncLogicService: syncModulePackageName = com.android.gallery3d, sdkVersion = 101
06-21 16:23:51.917 26509 29427 I TipsRuleService: bindService !
06-21 16:23:51.917 26509 29427 I DecisionUtil: bindService.
06-21 16:23:51.918 28499 29387 I Cloud[10.11.11.303]Sync.EndSyncTask: syncType = atlas, sync status is = 4, isReportNotAllSuccess = false, isUploadNotAllSuccess = false, isCloudSpaceNotEnough = false
06-21 16:23:51.918 28499 29387 I Cloud[10.11.11.303]Sync.EndSyncTask: checkSyncResult dataTypeResult = [0, 0]
06-21 16:23:51.920 28499 28499 I Cloud[10.11.11.303]Sync.SyncLogicService: handleMessage No:0;MSG content is:handleMessage callback,msg.what=10009, bundle=[resultCode=0;update_ctag_list=[];sync_module_package_name=com.android.gallery3d;]
06-21 16:23:51.921 28499 29387 I Cloud[10.11.11.303]Sync.EndSyncTask: sync result: sync success.
06-21 16:23:51.921 28499 29387 I Cloud[10.11.11.303]Sync.SyncRiskUtil: clearIgnoreRisk
06-21 16:23:51.921 28499 29387 I Cloud[10.11.11.303]Sync.EndSyncTask: delete all FileInfo for atlas
06-21 16:23:51.922 26742 29426 I HwOUC   : [OneTimeCheckNewVersionThread-44474]chooseQueryServerFirmwareUrl siteId is -1 or -2, return default uri : https://query.hicloud.com/sp_ard_common/v2/onestopCheck.action?verType=true&autoInstall=y&latest=true(HwOucUtility.java:8296)
06-21 16:23:51.922 26742 29426 I HwOUC   : [OneTimeCheckNewVersionThread-44474]getBuildExValue buildExKey: FINGERPRINT buildExValue: HUAWEI/MHA-AL00/HWMHA:9/HUAWEIMHA-AL00/9.1.0.231C00:user/release-keys(HwOucUtility.java:12242)
06-21 16:23:51.925 29194 29306 I CloudSyncSdk[1.1.0.2].CloudSyncBase: handlerEventMsg, mHandler is null: false
06-21 16:23:51.925 29194 29373 I CloudSyncSdk[1.1.0.2].CloudSyncBase: Begin handleMessage msg.what = 10009
06-21 16:23:51.925 29194 29373 I CloudSyncSdk[1.1.0.2].CloudSyncBase: sendInBatches: false
06-21 16:23:51.925 29194 29373 I CloudSyncSdk[1.1.0.2].CloudSyncV100: updateCtagInfoList, list size = 0
06-21 16:23:51.925 29194 29373 I CloudSyncSdk[1.1.0.2].SyncServiceProtocol: doUnbindService, mIsBound: true
06-21 16:23:51.925 29194 29373 I CloudSyncSdk[1.1.0.2].SyncServiceProtocol: unregisterCallback
06-21 16:23:51.926 28499 28815 I Cloud[10.11.11.303]Sync.SyncLogicService: unregister callback
06-21 16:23:51.926 28499 28815 I Cloud[10.11.11.303]Sync.SyncLogicService: getCallingPackageName: callingAppPackageName = com.android.gallery3d
06-21 16:23:51.927 28499 28815 I Cloud[10.11.11.303]Sync.CBTaskManager: isSyncing: syncType = atlas
06-21 16:23:51.927 29194 29373 I CloudSyncSdk[1.1.0.2].SyncServiceProtocol: doUnbindService
06-21 16:23:51.931 28499 29387 I Cloud[10.11.11.303]Sync.FileInfoOperator: deleteLocalFileByService: syncType = atlas
06-21 16:23:51.931 26509 26509 D UsbSettingsService: BroadcastReceiver, action = com.android.settings.usb.UPDATE_CHOOSERS
06-21 16:23:51.931 28499 29387 I Cloud[10.11.11.303]Sync.FileInfoOperator: delete: selection = DELETE FROM file_info WHERE service = ? and file_type = ?
06-21 16:23:51.931 26509 26509 D UsbSettingsService: send refresh content message to refresh usb notification
06-21 16:23:51.931 28499 29387 I Cloud[10.11.11.303]Sync.CBTask: this == cfw@3[RUN, normal]
06-21 16:23:51.933 28499 28499 I Cloud[10.11.11.303]Sync.SyncLogicService: onDestroy
06-21 16:23:51.938 26742 29426 I HwOUC   : [OneTimeCheckNewVersionThread-44474]get device activate status success, isActivated true(HwOucUtility.java:3035)
06-21 16:23:51.938 26742 29426 E HwOUC   : [OneTimeCheckNewVersionThread-44474]method invoke failed: android.hwtheme.HwThemeManagerNative(HwOucUtility.java:3063)
06-21 16:23:51.940 26742 29426 I HwOUC   : [OneTimeCheckNewVersionThread-44474]OneTimeCheckNewVersion synchronized run first check for one time hota(UpdateProcessor.java:368)
06-21 16:23:51.940 26742 29426 I HwOUC   : [OneTimeCheckNewVersionThread-44474]OneTimeCheckNewVersion synchronized run versionNum is null(UpdateProcessor.java:286)
06-21 16:23:51.949   467   467 E OEMINFO_NVM_SERVER:  OeminfoGetInfo:index(155), oeminfo data not find !!!!
06-21 16:23:51.949   467   467 E OEMINFO_NVM_SERVER:  OeminfoReturnInfo: oeminfo return info fail.
06-21 16:23:51.949   467   467 E OEMINFO_NVM_SERVER:  OinvCmdHandler: pid 506, operation oeminfo_getinfo and ret -1 fail.
06-21 16:23:51.949   506   506 E OEMINFO_NVM_CLIENT: OinvRecvReturn: RET_FAIL return.
06-21 16:23:51.949   506   506 E OEMINFO_NVM_CLIENT: rmt_oeminfo_get_info: index(155) get data from server fail.
06-21 16:23:51.949   506   506 E         : read_oeminfo_signed_data: failed to get info oeminfo_idx:155 and total_byte:0
06-21 16:23:51.949   506   506 E         : init_oeminfo_signed_data_all:fail to read oeminfo oeminfo_idx:155 and oeminfo_sub_idx:-1
06-21 16:23:51.949   506   506 E         : get_original_data_by_fun_tag_and_sign_type: fail to init signed oeminfo signed all params
06-21 16:23:51.949   506   506 E         : read_udid_number: failed to get udid
06-21 16:23:51.949   506   506 E factory_operator: hw_get_device_info: read udid from oeminfo fail
06-21 16:23:51.949  1305  4203 E DeviceIdentifiers: GetUDIDNative getUDID return null, generated it
06-21 16:23:51.949  1305  4203 W DeviceIdentifiers: the phone is in udid_model_whitelist, return null!
06-21 16:23:51.950 26742 29426 I HwOUC   : [OneTimeCheckNewVersionThread-44474]getUDID success(UDIDUtil.java:85)
06-21 16:23:51.950 26742 29426 E HwOUC   : [OneTimeCheckNewVersionThread-44474]getUnsignedProfile Exception: /data/user/0/com.huawei.android.hwouc/files/profile.xml (No such file or directory)(ProfileVerifier.java:162)
06-21 16:23:51.950 26742 29426 I HwOUC   : [OneTimeCheckNewVersionThread-44474]getProfileSha256 : unsigned profile is null! (ProfileVerifier.java:171)
06-21 16:23:51.951 26742 29426 I HwOUC   : [OneTimeCheckNewVersionThread-44474]sha256 is null(ProfileVerifier.java:79)
06-21 16:23:51.951 26509 26509 D DecisionUtil: service connected.
06-21 16:23:51.951 26742 29426 I HwOUC   : [OneTimeCheckNewVersionThread-44474]isPrivacyVersionUpdate savedVersion : 1.0metaVersion : 1.0(BetaUtil.java:82)
06-21 16:23:51.951 26742 29426 I HwOUC   : [OneTimeCheckNewVersionThread-44474]isBetaProfileInvalid isVerifyOK : false isPrivacyVersionUpdate : false(BetaUtil.java:146)
06-21 16:23:51.951 26742 29426 I HwOUC   : [OneTimeCheckNewVersionThread-44474]getBetaProfileSubGroup beta profile is invalid !!(BetaUtil.java:158)
06-21 16:23:51.952 26742 29426 E HwOUC   : [OneTimeCheckNewVersionThread-44474]getUnsignedProfile Exception: /data/user/0/com.huawei.android.hwouc/files/profile.xml (No such file or directory)(ProfileVerifier.java:162)
06-21 16:23:51.952 26742 29426 I HwOUC   : [OneTimeCheckNewVersionThread-44474]getProfileSha256 : unsigned profile is null! (ProfileVerifier.java:171)
06-21 16:23:51.952 26742 29426 I HwOUC   : [OneTimeCheckNewVersionThread-44474]sha256 is null(ProfileVerifier.java:79)
06-21 16:23:51.953 26742 29426 I HwOUC   : [OneTimeCheckNewVersionThread-44474]isPrivacyVersionUpdate savedVersion : 1.0metaVersion : 1.0(BetaUtil.java:82)
06-21 16:23:51.953 26742 29426 I HwOUC   : [OneTimeCheckNewVersionThread-44474]isBetaProfileInvalid isVerifyOK : false isPrivacyVersionUpdate : false(BetaUtil.java:146)
06-21 16:23:51.953 26742 29426 I HwOUC   : [OneTimeCheckNewVersionThread-44474]getBetaProfileVersionGroup beta profile is invalid !!(BetaUtil.java:176)
06-21 16:23:51.953 26742 29426 I HwOUC   : [OneTimeCheckNewVersionThread-44474]convertVersionFilterXMLToStream extraInfoSendSuccessFlag is true, packageType is increment(XmlManager.java:329)
06-21 16:23:51.955 26742 29426 I HwOUC   : [OneTimeCheckNewVersionThread-44474]applyForResourceUse init expire time to Mon Jun 21 16:24:51 GMT+08:00 2021(PowerKitManager.java:144)
06-21 16:23:51.955 26742 29426 I HwOUC   : [OneTimeCheckNewVersionThread-44474]applyForResourceUse totalApplyTimes is 1(PowerKitManager.java:147)
06-21 16:23:51.955 26742 29426 I HwOUC   : [OneTimeCheckNewVersionThread-44474]handleCallResource call applyForResourceUse(PowerKitManager.java:211)
06-21 16:23:51.956 20933 21338 I PowerKit_Impl: apply pkg: com.huawei.android.hwouc resource:512 timeout:60000 reason:check version
06-21 16:23:51.956 20933 21338 I AppResManager: Request interaction :{com.huawei.android.hwouc 512 583390689}
06-21 16:23:51.957 20933 20976 I PGServer: report state:12 event type:1 pid:-1 uid:0 pkg:com.huawei.android.hwouc#583390689 to pid: 1305
06-21 16:23:51.961 26509 26509 D DecisionUtil: unbindService.
06-21 16:23:51.965 20933 20980 I AbnormalCtrlPolicy: Request interaction app: com.huawei.android.hwouc
06-21 16:23:51.977  2065  2228 E HSM_BG  : NormalTrafficAnalysis:alert byte = 0, so return
06-21 16:23:51.983 26742 29426 I HwOUC   : [OneTimeCheckNewVersionThread-44474]doPostRequest KeyStore is MyselfCAKeystore.(HttpsKeyStoreUtils.java:63)
06-21 16:23:52.006 26526 29249 E MtpServer: request read returned -1, errno: 5
06-21 16:23:52.006 26526 29249 I HwMtpServerExJNI: cleanup MtpServerEx
06-21 16:23:52.006 26526 29249 V MtpServerEx: destructor
06-21 16:23:52.006 26526 29249 V HwMtpServerExJNI: finalize
06-21 16:23:52.006 26526 29249 I StagefrightMediaScannerEx: StagefrightMediaScanner destructor
06-21 16:23:52.028 26742 29426 I HwOUC   : [OneTimeCheckNewVersionThread-44474]doPostRequest is cer.pem(HttpsKeyStoreUtils.java:75)
06-21 16:23:52.029 26742 29426 I HwOUC   : [OneTimeCheckNewVersionThread-44474]begin httpsurlconnection(HttpCommunicator.java:404)
06-21 16:23:52.059   467   467 E OEMINFO_NVM_SERVER:  OeminfoGetInfo:index(155), oeminfo data not find !!!!
06-21 16:23:52.060   467   467 E OEMINFO_NVM_SERVER:  OeminfoReturnInfo: oeminfo return info fail.
06-21 16:23:52.060   467   467 E OEMINFO_NVM_SERVER:  OinvCmdHandler: pid 506, operation oeminfo_getinfo and ret -1 fail.
06-21 16:23:52.060   506   506 E OEMINFO_NVM_CLIENT: OinvRecvReturn: RET_FAIL return.
06-21 16:23:52.060   506   506 E OEMINFO_NVM_CLIENT: rmt_oeminfo_get_info: index(155) get data from server fail.
06-21 16:23:52.060   506   506 E         : read_oeminfo_signed_data: failed to get info oeminfo_idx:155 and total_byte:0
06-21 16:23:52.060   506   506 E         : init_oeminfo_signed_data_all:fail to read oeminfo oeminfo_idx:155 and oeminfo_sub_idx:-1
06-21 16:23:52.060   506   506 E         : get_original_data_by_fun_tag_and_sign_type: fail to init signed oeminfo signed all params
06-21 16:23:52.060   506   506 E         : read_udid_number: failed to get udid
06-21 16:23:52.060   506   506 E factory_operator: hw_get_device_info: read udid from oeminfo fail
06-21 16:23:52.060  1305  4174 E DeviceIdentifiers: GetUDIDNative getUDID return null, generated it
06-21 16:23:52.060  1305  4174 W DeviceIdentifiers: the phone is in udid_model_whitelist, return null!
06-21 16:23:52.110 20933 20933 I MsgReceiver: intent action: android.hardware.usb.action.USB_STATE
06-21 16:23:52.112 20933 20995 I ThermalTraceTool: file:/sys/class/hw_power/charger/direct_charger_sc/adaptor_detect,fileExists:false,fileCanRead:false
06-21 16:23:52.114 29433 29435 I adbd    : initializing functionfs
06-21 16:23:52.114 29433 29435 I adbd    : opening control endpoint /dev/usb-ffs/adb/ep0
06-21 16:23:52.116 29433 29435 I adbd    : functionfs successfully initialized
06-21 16:23:52.116 29433 29435 I adbd    : registering usb transport
06-21 16:23:52.116 26526 26526 D MtpReceiver: Debug MTP:ACTION_USB_STATE 
06-21 16:23:52.117 26526 26526 D MtpReceiver: handleUsbState startService
06-21 16:23:52.117 26526 26526 D MtpReceiver: Debug MTP:srart MTP service 
06-21 16:23:52.117 26526 26585 D MediaProvider: fixParentIdIfNeeded called
06-21 16:23:52.126 26526 26526 D MtpService: starting MTP server in MTP mode with storage /storage/emulated/0 unlocked as user 0
06-21 16:23:52.127 26526 26526 I HWSERVICES: hwnative_get_component:libstagefright,Scanner
06-21 16:23:52.128 26526 26526 I StagefrightMediaScannerEx: StagefrightMediaScanner Constructor
06-21 16:23:52.130 26526 26526 D MediaScanner: setStorageEjectFlag flag = 0
06-21 16:23:52.131 26526 26526 D MediaScanner: totalMemoryGb 3, lowRamDevice falsemMaxFileCacheEntrySize = 90000
06-21 16:23:52.133 26526 26526 I MtpService: Couldn't get control FD!
06-21 16:23:52.133 26526 26526 I HWSERVICES: hwnative_get_component_mtpServer  comes...
06-21 16:23:52.134 26526 26526 V MtpServerEx: constructor
06-21 16:23:52.134 26526 26526 I HwMtpServerExJNI: set MtpServerEx 0x7a56655a00
06-21 16:23:52.134 26526 26526 I HwMtpServerExJNI: Finish to setup MtpServer
06-21 16:23:52.139 28499 29430 I SecurityComp10105306: flt: createSocket s host port autoClose
06-21 16:23:52.139 28499 29430 I SecurityComp10105306: flt: set default protocols
06-21 16:23:52.139 28499 29430 I SecurityComp10105306: flt: set default cipher suites
06-21 16:23:52.161 26526 26526 V MtpService: Adding MTP storage:/storage/emulated/0
06-21 16:23:52.162 26526 26526 E MtpDatabase: addStorageId : 65537
06-21 16:23:52.163 26526 26526 E HwMtpServerExJNI: android_mtp_MtpServerEx_add_storage, line 175: descriptionStr = 内部存储
06-21 16:23:52.163 26526 26526 I HWSERVICES: hwnative_get_component_mtpStorage  comes...
06-21 16:23:52.166 26526 26526 E HWSERVICES: hwnative_get_component_mtpStorage error: undefined symbol: _Z27createMyComponentMtpStoragePvjPKcS1_mbm
06-21 16:23:52.182 28499 29430 I SecurityComp10105306: SecureX509TrustManager: checkServerTrusted begin ,server ca chain size is : 2 ,auth type is : ECDHE_RSA
06-21 16:23:52.182 28499 29430 I SecurityComp10105306: SecureX509TrustManager: check server i : 0
06-21 16:23:52.182 28499 29430 I SecurityComp10105306: SecureX509TrustManager: client root ca size is : 32
06-21 16:23:52.192 28499 29430 I SecurityComp10105306: SecureX509TrustManager: checkServerTrusted succeed ,root ca issuer is : CN=GlobalSign, O=GlobalSign, OU=GlobalSign Root CA - R3
06-21 16:23:52.208 26509 26509 D UsbSettingsService: BroadcastReceiver, action = android.hardware.usb.action.USB_STATE
06-21 16:23:52.210 26509 26509 D UsbBackend: ACTION_USB_STATE, usbConnected = true
06-21 16:23:52.210 26509 26509 D UsbBackend: ACTION_USB_STATE usbConnected = true, chargingOnly = false, deviceConnected = true, dataRole = 2
06-21 16:23:52.210 26509 26509 I UsbSettingsService: ACTION_USB_STATE start service!
06-21 16:23:52.211 26509 26509 D UsbSettingsService: send refresh content message to refresh usb notification
06-21 16:23:52.211 26509 26509 D UsbReceiver: initialize UsbSettingsService!
06-21 16:23:52.211 26509 26509 D UsbReceiver: ACTION_USB_STATE arrived!
06-21 16:23:52.211 26509 26509 D UsbReceiver: onUsbStateReceive chargingOnly = false, usbConnected = true
06-21 16:23:52.211 26509 26509 D UsbReceiver: ACTION_USB_STATE:usbConnected = true, usbState=hisuite,mtp,mass_storage,adb,hdb, chargingOnly = false, isLegacyCharging = false
06-21 16:23:52.211 26509 26509 D UsbReceiver: start usb settings service
06-21 16:23:52.213 26509 26509 D UsbReceiver: start usb settings service
06-21 16:23:52.220 26509 26509 D UsbSettingsService: onStartCommand, action = null
06-21 16:23:52.220 26509 26509 D UsbSettingsService: onStartCommand, action = null
06-21 16:23:52.222 26742 29426 I HwOUC   : [OneTimeCheckNewVersionThread-44474]unapplyForResourceUse totalApplyTimes is 0(PowerKitManager.java:166)
06-21 16:23:52.222 26742 29426 I HwOUC   : [OneTimeCheckNewVersionThread-44474]addPowerKitCallback call unapplyForResourceUse(PowerKitManager.java:215)
06-21 16:23:52.223 20933  5410 I PowerKit_Impl: unapply pkg: com.huawei.android.hwouc resource:512 timeout:-1 reason:null
06-21 16:23:52.223 20933  5410 I AppResManager: cancel Request interaction : {com.huawei.android.hwouc 512 583390689}
06-21 16:23:52.224 20933 20976 I PGServer: report state:12 event type:2 pid:-1 uid:0 pkg:com.huawei.android.hwouc#583390689 to pid: 1305
06-21 16:23:52.225 26742 29426 I HwOUC   : [OneTimeCheckNewVersionThread-44474]retrieve newversioninfo.xml: {"status":"1","versionPackageCheckResults":[{"status":"1","versionPackageType":2},{"status":"1","versionPackageType":3},{"status":"1","versionPackageType":4}]}(HttpCommunicator.java:494)
06-21 16:23:52.226 26742 29426 I HwOUC   : [OneTimeCheckNewVersionThread-44474]getNewVersionFromServer status is 200check request send success(HttpCommunicator.java:500)
06-21 16:23:52.226 26742 29426 I HwOUC   : [OneTimeCheckNewVersionThread-44474]updateFlags mUpdateMode=1, isAutoCheck=true(HttpCommunicator.java:556)
06-21 16:23:52.229 26742 29426 I HwOUC   : [OneTimeCheckNewVersionThread-44474]has not install enterprise, isAllowHotaUpgrade return true(EnterpriseUtils.java:369)
06-21 16:23:52.229 26742 29426 I HwOUC   : [OneTimeCheckNewVersionThread-44474]OneTimeCheckNewVersion synchronized run AutoCheck setmAutoFirmwareNewVersionInfo mIsRealVersion is true; mIncrementCheckVersion is null(UpdateProcessor.java:330)
06-21 16:23:52.229   605  1526 E android.hardware.usb@1.0-service: uevent received SUBSYSTEM=dual_role_usb
06-21 16:23:52.229 26742 26742 I HwOUC   : [main-1]FirmwareOneStopCheckerHandler--auto check  New version not available(AutoCheckNewVersionHotaImpl.java:454)
06-21 16:23:52.229   605  1526 I android.hardware.usb@1.0-service: otg_default
06-21 16:23:52.230 26742 26742 I HwOUC   : [main-1]AutoCheckNewVersionHandler CHECK_NO_NEW_VERSION mNewVersionId=(AutoCheckService.java:419)
06-21 16:23:52.230   605  1526 I android.hardware.usb@1.0-service: canChangeMode: 1 canChagedata: 1 canChangePower:1
06-21 16:23:52.231   605  1526 E android.hardware.usb@1.0-service: uevent received SUBSYSTEM=dual_role_usb
06-21 16:23:52.231   605  1526 I android.hardware.usb@1.0-service: otg_default
06-21 16:23:52.231   605  1526 I android.hardware.usb@1.0-service: canChangeMode: 1 canChagedata: 1 canChangePower:1
06-21 16:23:52.234  1780  2209 D HighSpeedDevicesManager: HighSpeedDevicesObserver onUEvent.
06-21 16:23:52.234  1780  2209 D HighSpeedDevicesManager: DP_STATE: null; USB3_STATE: null; ANA_STATE: null; USBPC_STATE: DISCONNECTED.
06-21 16:23:52.234  1780  2209 D HighSpeedDevicesManager: onUSBPCConnectedChanged, mIsUSBPCConnected: true -> false
06-21 16:23:52.236 26742 29444 E HwOUC   : [Thread-28-44477]versionId is null when setNewVersionIds(Hianalytics.java:1633)
06-21 16:23:52.239  1780  2209 D HighSpeedDevicesManager: DPManager notifyDeviceState CONNECTED_DEVICE_STATE_OUT.
06-21 16:23:52.246 26742 26742 I HwOUC   : [main-1]refreshUndoneStatusValue isFirmwareUndoneLastTime is false; isApkPatchUndoneLastTime is false; isDataUndoneLastTime is false; isMicroPatchUndoneLastTime is false; isCotaUndone is false; isFusionUndoneLastTime is false(AutoCheckService.java:697)
06-21 16:23:52.246 26742 26742 I HwOUC   : [main-1]getSelfUpdateComponent COMPONENTS is null(FirmwareBizImpl.java:582)
06-21 16:23:52.246 26742 26742 I HwOUC   : [main-1]getSelfUpdateComponent COMPONENTS is null(FirmwareBizImpl.java:582)
06-21 16:23:52.248 26742 26742 I HwOUC   : [main-1] policyType : -1(CDDUtils.java:86)
06-21 16:23:52.248  1780 15102 D hw_oeminfo_nv_interface: rmt_common_oeminfo_read: index(104) ret = 0
06-21 16:23:52.249  1780 15102 D HwBootAnimationOeminfo: getBAP dst = 2, ret = 0
06-21 16:23:52.249 26742 26742 I HwOUC   : [main-1]getDevicePolicyType policyType : -1(CDDUtils.java:115)
06-21 16:23:52.249 26742 26742 I HwOUC   : [main-1]isHotaUpdate cursor is null,return false(GDPRUtils.java:550)
06-21 16:23:52.249 26742 26742 I HwOUC   : [main-1]isHotaUpdate cursor is null,return false(GDPRUtils.java:550)
06-21 16:23:52.249 26742 29444 W Settings: Setting device_provisioned has moved from android.provider.Settings.Secure to android.provider.Settings.Global.
06-21 16:23:52.249 26742 26742 I HwOUC   : [main-1]handleUpgradeAfterCDD isUpgrade is false(AutoInstallUtils.java:1073)
06-21 16:23:52.250  1819  2050 E BDLog   : BD.FilterImpl:com.huawei.android.hwouc 523 times= 10 over threshold
06-21 16:23:52.250  1819  2050 E BDLog   : BD.FilterImpl:com.huawei.android.hwouc, 523 is illLegal
06-21 16:23:52.251   680   706 I HISEC   : [STATIC      ] static check started
06-21 16:23:52.254 26742 26742 I HwOUC   : [main-1]getLevelFromCache use default(LevelManager.java:166)
06-21 16:23:52.255 26742 26742 W Settings: Setting device_provisioned has moved from android.provider.Settings.Secure to android.provider.Settings.Global.
06-21 16:23:52.255 26742 26742 I HwOUC   : [main-1]getLevelFromPolicy Period is 1, Type is 1, notifyTimes is 0, order is 0, level Order 4(LevelManager.java:102)
06-21 16:23:52.255 26742 26742 I HwOUC   : [main-1]isLevelManualUpgradeOrShielding is false, return false(NotifyCheck.java:165)
06-21 16:23:52.260 26742 26742 I HwOUC   : [main-1]BetaUtil isForeground : false(BetaUtil.java:52)
06-21 16:23:52.260 26742 26742 I HwOUC   : [main-1]getNextAutoCheckType currentCheckType is HOTA_CHECK and not foreground, no FirmwareNewVersion delete database(AutoCheckService.java:549)
06-21 16:23:52.264   607 16883 I audio_hw_primary: do_out_standby standby:0,stream_type:0,out_dev:0x2
06-21 16:23:52.274 28499 29430 I HiAnalytics/event: [2021-06-21 16:23:52.274 I/HiAnalytics/HiAnalytics/event 28499:44605 null:4] events PostRequest sendevent TYPE : maint, TAG : _default_config_tag, resultCode: 200 ,reqID:a123d542b3f14489aa9ff5dcb7727153
06-21 16:23:52.277 29390 29416 W Gallery2_Search_SearchUtil: cursor1 : android.content.ContentResolver$CursorWrapperInner@1e9669a, cursor2 : android.content.ContentResolver$CursorWrapperInner@2bfcbcb, cursor3 : android.content.ContentResolver$CursorWrapperInner@5c3cfa8, cursor4 : android.content.ContentResolver$CursorWrapperInner@194cac1
06-21 16:23:52.277 26742 26742 I OUC_COTA: [main-1]isSimReady:true, iscotaopen:false(/CotaConfig.java:136)
06-21 16:23:52.277 26742 26742 I HwOUC   : [main-1]CHECK_OVER checkCotaFromStartupGuide:false(AutoCheckService.java:953)
06-21 16:23:52.277 26742 26742 I HwOUC   : [main-1]updateInstallRemindTimes updateNoticeTimes not configured(HwOucUtility.java:10911)
06-21 16:23:52.278   607 16883 I audio_hw_primary: select_devices++ mode[0]
06-21 16:23:52.278   607 16883 I audio_hw_primary: input_source_id 0, output_device_id 0
06-21 16:23:52.278   607 16883 I audio_hw_primary: select_devices d:0x2 is:0 or:none ir:none id:0
06-21 16:23:52.278   607 16883 I dsp_codec_ctl: get_spk_rec_stereo_status: dual_smartpa_support match, return true
06-21 16:23:52.284   607 16883 I dsp_codec_ctl: codec_adsp_send_sync_cmd:ioctl ret=0
06-21 16:23:52.284   607 16883 I spk_dev_interface: enable_fade_out success with value
06-21 16:23:52.294 26742 26742 I HwOUC   : [main-1]processCheckResult nextCheckType is CHECK_OVER current checkType is 4, extraInfoSendSuccessFlag = true(AutoCheckService.java:979)
06-21 16:23:52.294 26742 26742 W Settings: Setting device_provisioned has moved from android.provider.Settings.Secure to android.provider.Settings.Global.
06-21 16:23:52.302 26742 26742 I HwOUC   : [main-1]isMicroPatchOnly cacheContents is null, return false(LogControl.java:161)
06-21 16:23:52.302 26742 26742 I HwOUC   : [main-1]handleAutoCoupling: incrementCheck = false hasFirmwareNewVersion = false(AutoCheckService.java:874)
06-21 16:23:52.303 26742 26742 I HwOUC   : [main-1]handleAutoCoupling return false(AutoCheckService.java:909)
06-21 16:23:52.304 26742 26742 I HwOUC   : [main-1]isHotaUpdate cursor is null,return false(GDPRUtils.java:550)
06-21 16:23:52.304 26742 26742 I OUC_COTA: [main-1]getCotaDownloadInfo(/CotaProxy.java:659)
