06-21 16:23:59.322 26509 26509 D HwBlurEngine: addBlurTargetView: [3], view: huawei.android.widget.HwToolbar{342cb3c V.ED..... ......ID 0,0-1080,144 #7f0a0378 app:id/hwtoolbar}
06-21 16:23:59.322 26509 26509 D HwBlurEngine: setBlurEnable: [false], view = huawei.android.widget.HwToolbar{342cb3c V.ED..... ......ID 0,0-1080,144 #7f0a0378 app:id/hwtoolbar}
06-21 16:23:59.323  1305  6790 D HiData_HwAPPQoEActivityMonitor: handleActivityChange,  curPackage:com.android.settings, curClass:com.android.settings.Settings$HwSystemDashboardActivity
06-21 16:23:59.323  1305  6790 D HiData_HwAPPQoEResourceMangerImpl: checkIsMonitorAPKScence input :com.android.settings,com.android.settings.Settings$HwSystemDashboardActivity
06-21 16:23:59.323  1305  1495 D HwHiCureActivityObserver: handleMessage: msg[0]
06-21 16:23:59.323  1305  6790 D HiData_HwAPPQoEResourceMangerImpl: checkIsMonitorAPKScence input :com.android.settings,null
06-21 16:23:59.323  1305  6790 D HiData_HwAPPQoEResourceMangerImpl: checkIsMonitorGameScence input :com.android.settings
06-21 16:23:59.323  1305  6790 D HiData_HwAPPQoEResourceMangerImpl: checkIsMonitorGameScence input :com.android.settings
06-21 16:23:59.323 26509 26509 D HwBlurEngine: addBlurTargetView: [4], view: huawei.android.widget.HwToolBarMenuContainer{ec9e94b V.ED..... ........ 540,1920-540,1920 #1020432 android:id/split_action_bar}
06-21 16:23:59.323 26509 26509 D HwBlurEngine: setBlurEnable: [false], view = huawei.android.widget.HwToolBarMenuContainer{ec9e94b V.ED..... ........ 540,1920-540,1920 #1020432 android:id/split_action_bar}
06-21 16:23:59.323  1305  1495 D HiData_HwAPPQoEResourceMangerImpl: checkIsMonitorHiCureAppScence input :com.android.settings
06-21 16:23:59.323  1305  6790 D HiData_HwAPPQoEActivityMonitor: handleActivityChange, it is not a care app or scence
06-21 16:23:59.323  1305  6790 D HiData_HwAPPQoEActivityMonitor: handleActivityChange,  curr mAppType:-1, lastType:-1
06-21 16:23:59.323  1063  1307 I AppLifeChangeSensor:  CAWARENESS: activityResumed componentName = ComponentInfo{com.android.settings/com.android.settings.Settings$HwSystemDashboardActivity}
06-21 16:23:59.324  5685  6300 I HiAdKit.DC.PageSwitchMonitor:  call
06-21 16:23:59.324  1819  3530 I OPCollectLog: AppChangeImpl: uid: 1000 pkg: com.android.settings class: com.android.settings.Settings$HwSystemDashboardActivity
06-21 16:23:59.324  1644  1644 I HwNavigationBarView: updateAssistantButtonInGuestureMode(), vis=true,isGestureNavEnable=true
06-21 16:23:59.324  1305  1565 D HiDATA_HiStream: activityResumed:pid=26509, uid=1000, component=ComponentInfo{com.android.settings/com.android.settings.Settings$HwSystemDashboardActivity}
06-21 16:23:59.324  1305  1565 D HiData_HwAPPQoEResourceMangerImpl: checkIsMonitorVideoScence input :com.android.settings,com.android.settings.Settings$HwSystemDashboardActivity
06-21 16:23:59.324  1305  1565 D HiDATA_HiStream: mHwAPPQoEAPKConfig is null
06-21 16:23:59.324  1819  2076 I OPCollectLog: HwForegroundAppAction:handleMessage 
06-21 16:23:59.324  1819  2076 D OPCollectLog: HwForegroundAppAction:FG executeWithArgs
06-21 16:23:59.324  1819  2076 I OPCollectLog: OPCollectUtils:ODMF Api Version:2.12.1
06-21 16:23:59.325  1819  2076 I OPCollectLog: Action:HwForegroundAppAction executed successfully
06-21 16:23:59.325  1819  2082 D OPCollectLog: OdmfCollectScheduler:handleMessage msg: 4
06-21 16:23:59.327  1819  2082 I OPCollectLog: OdmfHelper:insert com.huawei.nb.model.collectencrypt.RawFgAPPEvent success 
06-21 16:23:59.331  4530  4701 I [HwRecSys]OdmfCollectScheduler: handleMessage msg: 6
06-21 16:23:59.331  4530  4701 I [HwRecSys]HwRecSysService:  cur pkg: com.android.settings
06-21 16:23:59.331  4530  4701 E [HwRecSys]HwRecSysService: getIsRportDirectService is false!
06-21 16:23:59.331  1305  1472 D GestureBackAnimation: GLGestureBackRender-setAnimProcess with 0.31737107
06-21 16:23:59.332  1305  4203 E HwPhoneWindowManager: isTopIsFullscreen mFocusedWindow or attrs is null
06-21 16:23:59.335  1305  1325 D HwPhoneWindowManager: Transact:setSystemUIColor to status bar service
06-21 16:23:59.335  1305  4203 D ZrHung.AppEyeFocusWindow: FocusWindowErrorScene cancelCheckFreezeScreen
06-21 16:23:59.335  1305  4203 D ZrHung.AppEyeTransparentWindow: TransparentWindow mHungConfigStatus = 0,mHungConfigEnable = 1
06-21 16:23:59.337  1644  1644 D TintManager: navigationBarIconTint=99000000
06-21 16:23:59.337   649  1199 E BufferQueueProducer: [] mConsumerName == NULL!!!!!!
06-21 16:23:59.342   596  2146 I GRALLOC : getCallingPid=649, shrFd=32,fmt=0x1,intFmt=0x200000001,btStrd=4352,size=8486912,pid=596 
06-21 16:23:59.342   596  2146 I GRALLOC : 	 yuv=2,w=1080,h=1920,Stride u=0 v=0,offset u=0 v=0 
06-21 16:23:59.342   596  2146 I GRALLOC : 	 iova_size=8486912,conUsg=0x900,proUsg=0x900,	 strd=1088,[afbc]HdrStrd=1088 PyldStrd=69632 Scrmbl=2,ionhnd = 1 
06-21 16:23:59.347   596  2146 I GRALLOC : getCallingPid=649, shrFd=32,fmt=0x1,intFmt=0x200000001,btStrd=4352,size=8486912,pid=596 
06-21 16:23:59.347   596  2146 I GRALLOC : 	 yuv=2,w=1080,h=1920,Stride u=0 v=0,offset u=0 v=0 
06-21 16:23:59.347   596  2146 I GRALLOC : 	 iova_size=8486912,conUsg=0x900,proUsg=0x900,	 strd=1088,[afbc]HdrStrd=1088 PyldStrd=69632 Scrmbl=2,ionhnd = 1 
06-21 16:23:59.347  1305  1472 D GestureBackAnimation: GLGestureBackRender-setAnimProcess with 0.22220314
06-21 16:23:59.352   596  2146 I GRALLOC : getCallingPid=649, shrFd=32,fmt=0x1,intFmt=0x200000001,btStrd=4352,size=8486912,pid=596 
06-21 16:23:59.352   596  2146 I GRALLOC : 	 yuv=2,w=1080,h=1920,Stride u=0 v=0,offset u=0 v=0 
06-21 16:23:59.352   596  2146 I GRALLOC : 	 iova_size=8486912,conUsg=0x900,proUsg=0x900,	 strd=1088,[afbc]HdrStrd=1088 PyldStrd=69632 Scrmbl=2,ionhnd = 1 
06-21 16:23:59.353 26509 28474 D mali_winsys: EGLint new_window_surface(egl_winsys_display *, void *, EGLSurface, EGLConfig, egl_winsys_surface **, EGLBoolean) returns 0x3000
06-21 16:23:59.364  1305  1472 D GestureBackAnimation: GLGestureBackRender-setAnimProcess with 0.15144563
06-21 16:23:59.369   596  2146 I GRALLOC : getCallingPid=649, shrFd=32,fmt=0x1,intFmt=0x200000001,btStrd=4352,size=8486912,pid=596 
06-21 16:23:59.369   596  2146 I GRALLOC : 	 yuv=2,w=1080,h=1920,Stride u=0 v=0,offset u=0 v=0 
06-21 16:23:59.369   596  2146 I GRALLOC : 	 iova_size=8486912,conUsg=0xb00,proUsg=0xb00,	 strd=1088,[afbc]HdrStrd=1088 PyldStrd=69632 Scrmbl=2,ionhnd = 1 
06-21 16:23:59.372 26509 26509 I ViewRootImpl: jank_removeInvalidNode all the node in jank list is out of time
06-21 16:23:59.372 26509 26509 W InputMethodManager: startInputReason = 1
06-21 16:23:59.373  1900 25573 D HwRecentsTaskUtils: refreshToCache
06-21 16:23:59.373  1900 25573 D HwRecentsTaskUtils: searchFromDate
06-21 16:23:59.380   649   892 D         : doWinFrameOptStatusRecog begin to recog Layer result=2
06-21 16:23:59.380  1305  1472 D GestureBackAnimation: GLGestureBackRender-setAnimProcess with 0.1030426
06-21 16:23:59.387  5333  5473 I ImeNamedRunnable: Thread pool-6-thread-1, Runnable named igsm::onStartInput, use time 0ms
06-21 16:23:59.388   596  2146 I GRALLOC : getCallingPid=649, shrFd=32,fmt=0x1,intFmt=0x200000001,btStrd=4352,size=8486912,pid=596 
06-21 16:23:59.388   596  2146 I GRALLOC : 	 yuv=2,w=1080,h=1920,Stride u=0 v=0,offset u=0 v=0 
06-21 16:23:59.388   596  2146 I GRALLOC : 	 iova_size=8486912,conUsg=0xb00,proUsg=0xb00,	 strd=1088,[afbc]HdrStrd=1088 PyldStrd=69632 Scrmbl=2,ionhnd = 1 
06-21 16:23:59.389  5333  5491 I ImeNamedRunnable: Thread pool-1-thread-1, Runnable named iinputm::onStartInput, use time 0ms
06-21 16:23:59.390  1780 15102 E HsmCoreServiceImpl: onTransact in code is: 103
06-21 16:23:59.390  1780 15102 I MediaProcessHandler: playingUids: 
06-21 16:23:59.392  1900 25573 I RecentsTaskLoadPlan: to show tasks size is 5
06-21 16:23:59.392  5333  5333 W System.err: java.lang.NoSuchMethodError: No static method getHwMultiWindowState()Landroid/os/Bundle; in class Lcom/huawei/android/app/ActivityManagerEx; or its super classes (declaration of 'com.huawei.android.app.ActivityManagerEx' appears in /system/framework/hwframework.jar)
06-21 16:23:59.392  5333  5333 W System.err: 	at com.baidu.ait.wI(Proguard:674)
06-21 16:23:59.392  5333  5333 W System.err: 	at com.baidu.dmt.h(Proguard:299)
06-21 16:23:59.392  5333  5333 W System.err: 	at com.baidu.input_huawei.ImeService.a(Proguard:5276)
06-21 16:23:59.392  5333  5333 W System.err: 	at com.baidu.dxj.run(Proguard:1)
06-21 16:23:59.392  5333  5333 W System.err: 	at com.baidu.fzp.cyG(Proguard:149)
06-21 16:23:59.392  5333  5333 W System.err: 	at com.baidu.czd.a(Proguard:13)
06-21 16:23:59.392  5333  5333 W System.err: 	at com.baidu.czg.i(Proguard:1)
06-21 16:23:59.392  5333  5333 W System.err: 	at com.baidu.czg.h(Proguard:96)
06-21 16:23:59.392  5333  5333 W System.err: 	at com.baidu.input_huawei.ImeService.O(Proguard:5276)
06-21 16:23:59.392  5333  5333 W System.err: 	at com.baidu.input_huawei.ImeService.a(Proguard:1368)
06-21 16:23:59.392  5333  5333 W System.err: 	at com.baidu.dxo.run(Proguard:1)
06-21 16:23:59.392  5333  5333 W System.err: 	at com.baidu.fzp.cyG(Proguard:149)
06-21 16:23:59.393  5333  5333 W System.err: 	at com.baidu.czd.a(Proguard:13)
06-21 16:23:59.393  5333  5333 W System.err: 	at com.baidu.czg.i(Proguard:1)
06-21 16:23:59.393  5333  5333 W System.err: 	at com.baidu.czg.e(Proguard:27)
06-21 16:23:59.393  5333  5333 W System.err: 	at com.baidu.input_huawei.ImeService.onStartInput(Proguard:1272)
06-21 16:23:59.393  5333  5333 W System.err: 	at android.inputmethodservice.InputMethodService.doStartInput(InputMethodService.java:2155)
06-21 16:23:59.393  5333  5333 W System.err: 	at android.inputmethodservice.InputMethodService$InputMethodImpl.startInput(InputMethodService.java:541)
06-21 16:23:59.393  5333  5333 W System.err: 	at android.view.inputmethod.InputMethod.dispatchStartInputWithToken(InputMethod.java:193)
06-21 16:23:59.393  5333  5333 W System.err: 	at android.inputmethodservice.InputMethodService$InputMethodImpl.dispatchStartInputWithToken(InputMethodService.java:568)
06-21 16:23:59.393  5333  5333 W System.err: 	at android.inputmethodservice.IInputMethodWrapper.executeMessage(IInputMethodWrapper.java:186)
06-21 16:23:59.393  5333  5333 W System.err: 	at com.android.internal.os.HandlerCaller$MyHandler.handleMessage(HandlerCaller.java:37)
06-21 16:23:59.393  5333  5333 W System.err: 	at android.os.Handler.dispatchMessage(Handler.java:112)
06-21 16:23:59.393  5333  5333 W System.err: 	at android.os.Looper.loop(Looper.java:216)
06-21 16:23:59.393  5333  5333 W System.err: 	at android.app.ActivityThread.main(ActivityThread.java:7625)
06-21 16:23:59.393  5333  5333 W System.err: 	at java.lang.reflect.Method.invoke(Native Method)
06-21 16:23:59.393  5333  5333 W System.err: 	at com.android.internal.os.RuntimeInit$MethodAndArgsCaller.run(RuntimeInit.java:524)
06-21 16:23:59.393  5333  5333 W System.err: 	at com.android.internal.os.ZygoteInit.main(ZygoteInit.java:987)
06-21 16:23:59.393  5333  5333 I ring_expand: final Global.screenW = 1080
06-21 16:23:59.393  5333  5333 I HuaweiIME: SysInfo.getSysParam: orientation=1||config d=3.0,w=1080,h=1920||metrics d=3.0,w=1080,h=1920||sdk=28,bar_h=72||appScale=3.3,sysScale=3.0||isMultiWin=false,isPadMode=false, boardw=1080, boardH=583, candH=108, boardL=0, boardR=1080, ver=8.2.39.212, realW=1080, realH=1920, isInLargeWinMode=false, displayId=0, cuid=F5D4BB-FF5734-D8C7C5-6FD602-0D8421-FC
06-21 16:23:59.395  5333  5333 I HuaweiIME: isPortrait-adjustOffset-r: 0
06-21 16:23:59.395  5333  5333 I HuaweiIME:  isNight : false
06-21 16:23:59.397  1305  1472 D GestureBackAnimation: GLGestureBackRender-setAnimProcess with 0.066170335
06-21 16:23:59.413  1305  1472 D GestureBackAnimation: GLGestureBackRender-setAnimProcess with 0.040439785
06-21 16:23:59.420  1305  1495 I TrafficMonitor: update:rxPkts:0,txPkts:0,rxBytes:0,txBytes:0
06-21 16:23:59.420  1305  1495 I TrafficMonitor: start expired. level:-1
06-21 16:23:59.420  1305  1495 I TrafficMonitor: gettimer:interval=2000
06-21 16:23:59.430  1305  1472 D GestureBackAnimation: GLGestureBackRender-setAnimProcess with 0.021041274
06-21 16:23:59.446  1305  1472 D GestureBackAnimation: GLGestureBackRender-setAnimProcess with 0.009401917
06-21 16:23:59.463  1305  1472 D GestureBackAnimation: GLGestureBackRender-setAnimProcess with 0.0023884773
06-21 16:23:59.480  1305  1472 D GestureBackAnimation: GLGestureBackRender-setAnimProcess with 2.6535988E-4
06-21 16:23:59.496  1305  1472 D GestureBackAnimation: GLGestureBackRender-setAnimProcess with 0.0
06-21 16:23:59.496  1305  1472 D GestureBackAnimation: GLGestureBackRender-slow sliding disappear animation end.
06-21 16:23:59.496  1305  1472 D GestureBackAnimation: GLGestureBackRender-setDraw with false
06-21 16:23:59.512  1305  1587 W libEGL  : EGLNativeWindowType 0x7a4fcd5010 disconnect failed
06-21 16:23:59.512  1305  1472 I SurfaceView: delay destroy surface control
06-21 16:23:59.513  1305  1575 W libEGL  : EGLNativeWindowType 0x7a3ac1d010 disconnect failed
06-21 16:23:59.513 20933 20954 I ScenarioService: check surface view pkg: com.android.settings
06-21 16:23:59.595 26509 26509 D HwBlurEngine: removeTargetView: [3], view = huawei.android.widget.HwToolbar{fe7a95a V.ED..... ........ 0,0-1080,144 #7f0a0378 app:id/hwtoolbar}
06-21 16:23:59.595 26509 26509 D HwBlurEngine: removeTargetView: [2], view = huawei.android.widget.HwToolBarMenuContainer{71efc81 V.ED..... ........ 0,1770-1080,1920 #1020432 android:id/split_action_bar}
06-21 16:23:59.597 26509 28474 W libEGL  : EGLNativeWindowType 0x7a2481c010 disconnect failed
06-21 16:23:59.604 26509 26509 D ViewRootImpl[Settings$DevelopmentSettingsActivity]: surface should not be released
06-21 16:23:59.605 26509 26509 W RollbackRuleDetector: RollbackRuleDetector already stop
06-21 16:23:59.606 26509 26509 W RollbackRuleDetector: RollbackRuleDetector already stop
06-21 16:23:59.808 26509 29456 I SettingsDrawerActivity: CategoriesUpdateTask doInBackground begin
06-21 16:23:59.816 26509 29456 W TileUtils: Found com.android.settings.Settings$ConfigureNotificationSettingsActivity for intent Intent { act=com.android.settings.action.SETTINGS pkg=com.android.settings } missing metadata com.android.settings.category
06-21 16:23:59.817 26509 29456 I Utils   : enabledInPad = false,isPcCastMode = false
06-21 16:23:59.817 26509 29456 D TileUtils: Not the above special class does not need to skip.
06-21 16:23:59.817 26509 29456 I Utils   : enabledInPad = false,isPcCastMode = false
06-21 16:23:59.817 26509 29456 D TileUtils: Not the above special class does not need to skip.
06-21 16:23:59.818 26509 29456 I Utils   : enabledInPad = false,isPcCastMode = false
06-21 16:23:59.818 26509 29456 D TileUtils: Not the above special class does not need to skip.
06-21 16:23:59.819 26509 29456 I Utils   : enabledInPad = false,isPcCastMode = false
06-21 16:23:59.819 26509 29456 D TileUtils: Not the above special class does not need to skip.
06-21 16:23:59.819 26509 29456 I Utils   : enabledInPad = false,isPcCastMode = false
06-21 16:23:59.819 26509 29456 D TileUtils: Not the above special class does not need to skip.
06-21 16:23:59.820 26509 29456 I Utils   : enabledInPad = false,isPcCastMode = false
06-21 16:23:59.820 26509 29456 D TileUtils: Not the above special class does not need to skip.
06-21 16:23:59.821 26509 29456 I Utils   : enabledInPad = false,isPcCastMode = false
06-21 16:23:59.821 26509 29456 D TileUtils: Not the above special class does not need to skip.
06-21 16:23:59.821 26509 29456 I Utils   : enabledInPad = false,isPcCastMode = false
06-21 16:23:59.821 26509 29456 D TileUtils: Not the above special class does not need to skip.
06-21 16:23:59.822 26509 29456 I Utils   : enabledInPad = false,isPcCastMode = false
06-21 16:23:59.822 26509 29456 D TileUtils: Not the above special class does not need to skip.
06-21 16:23:59.822 26509 29456 I Utils   : enabledInPad = false,isPcCastMode = false
06-21 16:23:59.822 26509 29456 D TileUtils: Not the above special class does not need to skip.
06-21 16:23:59.823 26509 29456 I Utils   : enabledInPad = false,isPcCastMode = false
06-21 16:23:59.823 26509 29456 D TileUtils: Not the above special class does not need to skip.
06-21 16:23:59.824 26509 29456 I Utils   : enabledInPad = false,isPcCastMode = false
06-21 16:23:59.824 26509 29456 I Utils   : enabledInPad = false,isPcCastMode = false
06-21 16:23:59.824 26509 29456 D TileUtils: Not the above special class does not need to skip.
06-21 16:23:59.825 26509 29456 I Utils   : enabledInPad = false,isPcCastMode = false
06-21 16:23:59.828 26509 29456 I Utils   : enabledInPad = false,isPcCastMode = false
06-21 16:23:59.828 26509 29456 D TileUtils: Not the above special class does not need to skip.
06-21 16:23:59.831 26509 29456 I Utils   : enabledInPad = false,isPcCastMode = false
06-21 16:23:59.832 26509 29456 D TileUtils: Not the above special class does not need to skip.
06-21 16:23:59.834 26509 29456 I Utils   : enabledInPad = false,isPcCastMode = false
06-21 16:23:59.838 26509 29456 I Utils   : enabledInPad = false,isPcCastMode = false
06-21 16:23:59.838 26509 29456 D TileUtils: Not the above special class does not need to skip.
06-21 16:23:59.839 26509 29456 I TileUtils: isNeedSkipTile() packageName: com.huawei.android.dsdscardmanager, className: com.huawei.android.dsdscardmanager.HWCardManagerActivity
06-21 16:23:59.844 26509 29456 I Utils   : enabledInPad = false,isPcCastMode = false
06-21 16:23:59.844 26509 29456 D TileUtils: Not the above special class does not need to skip.
06-21 16:23:59.845 26509 29456 I Utils   : enabledInPad = false,isPcCastMode = false
06-21 16:23:59.845 26509 29456 I TileUtils: isNeedSkipTile() packageName: com.huawei.hidisk, className: com.huawei.android.hicloud.ui.activity.NewHiSyncSettingActivity
06-21 16:23:59.845 26509 29456 I TileUtils: isNeedSkipTile() packageName: com.huawei.android.hwouc, className: com.huawei.android.hwouc.ui.activities.MainEntranceActivity
06-21 16:23:59.845 26509 29456 I Utils   : enabledInPad = false,isPcCastMode = false
06-21 16:23:59.846 26509 29456 I TileUtils: isNeedSkipTile() packageName: com.huawei.hwid, className: com.huawei.hwid.ui.extend.setting.StartUpGuideLoginActivity
06-21 16:23:59.846 26509 29456 I Utils   : enabledInPad = false,isPcCastMode = false
06-21 16:23:59.846 26509 29456 D TileUtils: Not the above special class does not need to skip.
06-21 16:23:59.847 26509 29456 I Utils   : enabledInPad = false,isPcCastMode = false
06-21 16:23:59.847 26509 29456 D TileUtils: Not the above special class does not need to skip.
06-21 16:23:59.848 26509 29456 I Utils   : enabledInPad = false,isPcCastMode = false
06-21 16:23:59.848 26509 29456 I TileUtils: isNeedSkipTile() packageName: com.huawei.systemmanager, className: com.huawei.permissionmanager.ui.JumpActvity
06-21 16:23:59.849 26509 29456 I Utils   : enabledInPad = false,isPcCastMode = false
06-21 16:23:59.849 26509 29456 D TileUtils: Not the above special class does not need to skip.
06-21 16:23:59.849 26509 29456 I Utils   : enabledInPad = false,isPcCastMode = false
06-21 16:23:59.849 26509 29456 D TileUtils: Not the above special class does not need to skip.
06-21 16:23:59.850 26509 29456 I Utils   : enabledInPad = false,isPcCastMode = false
06-21 16:23:59.850 26509 29456 D TileUtils: Not the above special class does not need to skip.
06-21 16:23:59.864 26509 29456 I Utils   : enabledInPad = false,isPcCastMode = false
06-21 16:23:59.865 26509 29456 D TileUtils: Not the above special class does not need to skip.
06-21 16:23:59.865 26509 29456 I Utils   : enabledInPad = false,isPcCastMode = false
06-21 16:23:59.865 26509 29456 D TileUtils: Not the above special class does not need to skip.
06-21 16:23:59.866 26509 29456 I Utils   : enabledInPad = false,isPcCastMode = false
06-21 16:23:59.866 26509 29456 D TileUtils: Not the above special class does not need to skip.
06-21 16:23:59.866 26509 29456 I Utils   : enabledInPad = false,isPcCastMode = false
06-21 16:23:59.866 26509 29456 D TileUtils: Not the above special class does not need to skip.
06-21 16:23:59.867 26509 29456 I Utils   : enabledInPad = false,isPcCastMode = false
06-21 16:23:59.867 26509 29456 D TileUtils: Not the above special class does not need to skip.
06-21 16:23:59.868 26509 29456 I Utils   : enabledInPad = false,isPcCastMode = false
06-21 16:23:59.868 26509 29456 D TileUtils: Not the above special class does not need to skip.
06-21 16:23:59.868 26509 29456 I Utils   : enabledInPad = false,isPcCastMode = false
06-21 16:23:59.868 26509 29456 D TileUtils: Not the above special class does not need to skip.
06-21 16:23:59.869 26509 29456 I Utils   : enabledInPad = false,isPcCastMode = false
06-21 16:23:59.869 26509 29456 D TileUtils: Not the above special class does not need to skip.
06-21 16:23:59.870 26509 29456 I Utils   : enabledInPad = false,isPcCastMode = false
06-21 16:23:59.870 26509 29456 D TileUtils: Not the above special class does not need to skip.
06-21 16:23:59.870 26509 29456 I Utils   : enabledInPad = false,isPcCastMode = false
06-21 16:23:59.870 26509 29456 D TileUtils: Not the above special class does not need to skip.
06-21 16:23:59.871 26509 29456 I Utils   : enabledInPad = false,isPcCastMode = false
06-21 16:23:59.871 26509 29456 D TileUtils: Not the above special class does not need to skip.
06-21 16:23:59.872 26509 29456 I Utils   : enabledInPad = false,isPcCastMode = false
06-21 16:23:59.872 26509 29456 D TileUtils: Not the above special class does not need to skip.
06-21 16:23:59.873 26509 29456 I Utils   : enabledInPad = false,isPcCastMode = false
06-21 16:23:59.873 26509 29456 D TileUtils: Not the above special class does not need to skip.
06-21 16:23:59.874 26509 29456 I SettingsDrawerActivity: CategoriesUpdateTask doInBackground end
06-21 16:23:59.875 26509 26509 I SettingsDrawerActivity: CategoriesUpdateTask onPostExecute begin
06-21 16:23:59.875 26509 26509 I SettingsDrawerActivity: CategoriesUpdateTask onPostExecute end
06-21 16:23:59.938   757  3391 E LOGSERVER_UTILS: [Erecovery]readEvent: eRecEventManager readEvent 0
06-21 16:24:00.057  1644  1644 E DateView: DateView,mCurrentTime: 1624263840057
06-21 16:24:00.060  1644  1644 I EventCenter: EventCenter Get :android.intent.action.TIME_TICK
06-21 16:24:00.062  1644  1644 W ClockView1:  action android.intent.action.TIME_TICK
06-21 16:24:00.062  1644  1644 I chatty  : uid=10035(com.huawei.HwMultiScreenShot) com.android.systemui identical 1 line
06-21 16:24:00.063  1644  1644 W ClockView1:  action android.intent.action.TIME_TICK
06-21 16:24:00.083  1644  1644 E ndroid.systemu: No package ID ff found for ID 0xffffffff.
06-21 16:24:00.088  1644  1644 E ndroid.systemu: No package ID ff found for ID 0xffffffff.
06-21 16:24:00.090  1644  1644 I LocalCalendar: CalendarId: 0001LocalCalender On
06-21 16:24:00.098  1644  1644 E ndroid.systemu: No package ID ff found for ID 0xffffffff.
06-21 16:24:00.099  1644  1644 E ndroid.systemu: No package ID ff found for ID 0xffffffff.
06-21 16:24:00.099  1644  1644 I LocalCalendar: CalendarId: 0001LocalCalender On
06-21 16:24:00.100  1644  1644 E ndroid.systemu: No package ID ff found for ID 0xffffffff.
06-21 16:24:00.101  1644  1644 E ndroid.systemu: No package ID ff found for ID 0xffffffff.
06-21 16:24:00.101  1644  1644 I LocalCalendar: CalendarId: 0001LocalCalender On
06-21 16:24:00.106  1644  1834 I KeyguardStatusView: Runnable for refresh
06-21 16:24:00.109  1900  1900 I HwLauncher: Model  onReceive intent=Intent { act=android.intent.action.TIME_TICK flg=0x50200014 hwFlg=0x900 (has extras) }
06-21 16:24:00.109  1900  1900 I HwLauncher: Model  onReceive user=UserHandle{0}
06-21 16:24:00.178  1644  1644 D DateTimeView: Change to single clock mode!
06-21 16:24:00.179  1644  1644 I ColorPickUitls: type = 2
06-21 16:24:00.180  1644  1644 D HwKeyguardBottomArea: RemoveDateTimeTopArea type:2
06-21 16:24:00.180  1644  1644 D HwKeyguardBottomArea: loadDateTimeArea type
06-21 16:24:00.180  1644  1644 D HwKeyguardBottomArea: removeLiftSensorView, threadname = main
06-21 16:24:00.180  1644  1644 D DateTimeView: Change to single clock mode!
06-21 16:24:00.181  1644  1644 I ColorPickUitls: type = 2
06-21 16:24:00.181  1644  1644 D HwKeyguardBottomArea: RemoveDateTimeTopArea type:2
06-21 16:24:00.181  1644  1644 D HwKeyguardBottomArea: loadDateTimeArea type
06-21 16:24:00.181  1644  1644 D HwKeyguardBottomArea: removeLiftSensorView, threadname = main
06-21 16:24:00.182  1644  1644 D DateTimeView: Change to single clock mode!
06-21 16:24:00.183  1644  1644 I ColorPickUitls: type = 2
06-21 16:24:00.183  1644  1644 D HwKeyguardBottomArea: RemoveDateTimeTopArea type:2
06-21 16:24:00.183  1644  1644 D HwKeyguardBottomArea: loadDateTimeArea type
06-21 16:24:00.183  1644  1644 D HwKeyguardBottomArea: removeLiftSensorView, threadname = main
06-21 16:24:00.218 26509 29457 D Index   : Deleting data for locale 'zh_CN_#Hans' took 3 millis
06-21 16:24:00.221 26509 29457 D Index   : Indexing locale 'zh_CN_#Hans' took 2 millis
06-21 16:24:00.221 26509 29457 I Index   : UpdateIndexTask --> doInBackground : took +7ms
06-21 16:24:00.278  1644  1644 I Net.80452NetworkSpeedMa: mIsStop = false
06-21 16:24:00.279  1644  1774 I Net.80453NetworkSpeedMa:  runInThread getTetherStats
06-21 16:24:00.286  1644  1644 I Net.80453NetworkSpeedMa:  runInUI refreshSpeed
06-21 16:24:00.287  1644  1644 I Net.80453NetworkSpeedMa: value=0.0speed = 0.00K/smIsShowLastSpeedValuefalse
06-21 16:24:00.287  1644  1644 I NetworkSpeedView: /update(), speed=0.00K/s
06-21 16:24:00.289  1644  1644 I chatty  : uid=10035(com.huawei.HwMultiScreenShot) com.android.systemui identical 1 line
06-21 16:24:00.289  1644  1644 I NetworkSpeedView: /update(), speed=0.00K/s
06-21 16:24:00.973   757  3391 E LOGSERVER_UTILS: [Erecovery]readEvent: eRecEventManager readEvent 0
06-21 16:24:01.119   738   773 D AwareLog: iawared: protectLruMaxConfigStr =60 80 0
06-21 16:24:01.136   738   773 E AwareLog: aware_open: open failed, fd=-1, errno=13, uid=10011
06-21 16:24:01.136   738   773 D AwareLog: iawared: set /data/data/com.android.providers.contacts/databases/contacts2.db failed
06-21 16:24:01.137   738   773 E AwareLog: aware_open: open failed, fd=-1, errno=13, uid=10011
06-21 16:24:01.137   738   773 D AwareLog: iawared: set /data/data/com.android.providers.contacts/databases/calls.db failed
06-21 16:24:01.138   738   773 E AwareLog: aware_open: open failed, fd=-1, errno=13, uid=10011
06-21 16:24:01.138   738   773 D AwareLog: iawared: set /data/data/com.android.providers.contacts/databases/profile.db failed
06-21 16:24:01.164  1305 28436 W AwareLog: AwareMem_Reclaim: generateCompressList procsGroups error!
06-21 16:24:01.166  1305 28436 W AwareLog: AwareMem_Reclaim: getPssForPid error skip! procName=com.huawei.hiai.nlu
06-21 16:24:01.196   738   773 D AwareLog: iawared: set_protect_lru_switch enable = 0 
06-21 16:24:01.196   738   773 I AwareLog: HibSTrategy::HibStrategySwapCandidateProcessAdd packagename com.baidu.input_huawei
06-21 16:24:01.199 20933  4845 I PGServer: getTopFrontApp. calling pkg: android
06-21 16:24:01.336   596  2146 I GRALLOC : getCallingPid=649, shrFd=32,fmt=0x1,intFmt=0x200000001,btStrd=4352,size=8486912,pid=596 
06-21 16:24:01.336   596  2146 I GRALLOC : 	 yuv=2,w=1080,h=1920,Stride u=0 v=0,offset u=0 v=0 
06-21 16:24:01.336   596  2146 I GRALLOC : 	 iova_size=8486912,conUsg=0xb00,proUsg=0xb00,	 strd=1088,[afbc]HdrStrd=1088 PyldStrd=69632 Scrmbl=2,ionhnd = 1 
06-21 16:24:01.345   738  3208 I AwareLog: HiberManagerService::do_reclaim ok, pid=5333, reclaim_mode = hiber_anon
06-21 16:24:01.345   738  3208 I AwareLog: HiberManagerService::getReclaimResult:reclaim_kb=10340, swap_kb=10340, swap_us=129553
06-21 16:24:01.345   738  3208 I AwareLog: HibStrategy::HibStrategySwapCandidateProcessRemove packagename is com.baidu.input_huawei
06-21 16:24:01.345   738  3208 I AwareLog: HiberManagerService::sendMessagetoHiberTask successful
06-21 16:24:01.346   738   773 I AwareLog: HibSTrategy::HibStrategySwapCandidateProcessAdd packagename com.huawei.hiai
06-21 16:24:01.374 20933  4845 I PGServer: getTopFrontApp. calling pkg: android
06-21 16:24:01.423  1305  1495 I TrafficMonitor: update:rxPkts:0,txPkts:0,rxBytes:0,txBytes:0
06-21 16:24:01.423  1305  1495 I TrafficMonitor: start expired. level:-1
06-21 16:24:01.423  1305  1495 I TrafficMonitor: gettimer:interval=2000
06-21 16:24:01.467   738  3208 I AwareLog: HiberManagerService::do_reclaim ok, pid=19336, reclaim_mode = hiber_anon
06-21 16:24:01.467   738  3208 I AwareLog: HiberManagerService::getReclaimResult:reclaim_kb=4016, swap_kb=4016, swap_us=60867
06-21 16:24:01.467   738  3208 I AwareLog: HibStrategy::HibStrategySwapCandidateProcessRemove packagename is com.huawei.hiai
06-21 16:24:01.467   738  3208 I AwareLog: HiberManagerService::sendMessagetoHiberTask successful
06-21 16:24:01.468   738   773 I AwareLog: HibSTrategy::HibStrategySwapCandidateProcessAdd packagename com.android.email
06-21 16:24:01.469 20933  4845 I PGServer: getTopFrontApp. calling pkg: android
06-21 16:24:01.553   738  3208 I AwareLog: HiberManagerService::do_reclaim ok, pid=25567, reclaim_mode = hiber_anon
06-21 16:24:01.554   738  3208 I AwareLog: HiberManagerService::getReclaimResult:reclaim_kb=7916, swap_kb=7916, swap_us=83057
06-21 16:24:01.554   738  3208 I AwareLog: HibStrategy::HibStrategySwapCandidateProcessRemove packagename is com.android.email
06-21 16:24:01.554   738  3208 I AwareLog: HiberManagerService::sendMessagetoHiberTask successful
06-21 16:24:01.670   643   643 E WifiHAL : enter wifi_get_link_stats
06-21 16:24:01.682  1305  1496 E WificondControl: Noise: -95, Snr: 0, Chload: -1
06-21 16:24:01.685  1305  1496 D WifiScoreReport: Score = 60, wifiConnectivityManagerEnabled = false, lowScoreCount = 0
06-21 16:24:01.904   734   734 E Thermal-daemon: [pa_0] temp_new :33  temp_old :32
06-21 16:24:01.906   734   734 E Thermal-daemon: Report temperature: [pa_0] temp :33  report_threshold:1
06-21 16:24:01.906   734   734 E Thermal-daemon: [ap] temp_new :40  temp_old :41
06-21 16:24:01.907 20933 20992 D HwThermalStateManager: Thermal type: 0 cur_temperature:40
06-21 16:24:01.907   734   734 E Thermal-daemon: Report temperature: [ap] temp :40  report_threshold:1
06-21 16:24:02.013   757  3391 E LOGSERVER_UTILS: [Erecovery]readEvent: eRecEventManager readEvent 0
06-21 16:24:02.294  1880  1880 I ImsResolver: getMmTelFeatureAndListen - slot: 2 callback: com.android.ims.MmTelFeatureConnection$1@cf32f71
06-21 16:24:02.388 20933 20992 I HwPolicyDispatcher: chargeType:0
06-21 16:24:02.389 20933 20992 I HwPolicyDispatcher: wired_5v charge current limit:0
06-21 16:24:02.831  1305  1497 D hw_netstat: total/120/240,android.uid.phone:1001/120/240
06-21 16:24:03.050   757  3391 E LOGSERVER_UTILS: [Erecovery]readEvent: eRecEventManager readEvent 0
06-21 16:24:03.219  1305  1334 I EventHub: EventHub monitor: no key events in the past 1575s, 
06-21 16:24:03.286  1644  1644 I Net.80453NetworkSpeedMa: mIsStop = false
06-21 16:24:03.287  1644  1774 I Net.80454NetworkSpeedMa:  runInThread getTetherStats
06-21 16:24:03.294  1644  1644 I Net.80454NetworkSpeedMa:  runInUI refreshSpeed
06-21 16:24:03.295  1644  1644 I Net.80454NetworkSpeedMa: value=0.0speed = 0.00K/smIsShowLastSpeedValuefalse
06-21 16:24:03.296  1644  1644 I NetworkSpeedView: /update(), speed=0.00K/s
06-21 16:24:03.297  1644  1644 I chatty  : uid=10035(com.huawei.HwMultiScreenShot) com.android.systemui identical 1 line
06-21 16:24:03.297  1644  1644 I NetworkSpeedView: /update(), speed=0.00K/s
06-21 16:24:03.426  1305  1495 I TrafficMonitor: update:rxPkts:0,txPkts:1,rxBytes:0,txBytes:81
06-21 16:24:03.427  1305  1495 I TrafficMonitor: start expired. level:-1
06-21 16:24:03.427  1305  1495 I TrafficMonitor: gettimer:interval=2000
06-21 16:24:03.443  1644  1644 D NetWorkUtils: mVSimCurCardType is -1
06-21 16:24:03.454  1644  1644 I chatty  : uid=10035(com.huawei.HwMultiScreenShot) com.android.systemui identical 1 line
06-21 16:24:03.455  1644  1644 D NetWorkUtils: mVSimCurCardType is -1
06-21 16:24:04.052   757  3391 E LOGSERVER_UTILS: [Erecovery]readEvent: eRecEventManager readEvent 0
06-21 16:24:04.211 28087 28087 W SimChangeService: [W/HwID_APK_log[5.3.0.312]/SimChangeService 28087:1 SourceFile:82] checkIsSimChange
06-21 16:24:04.245 28087 29461 I ThreadPool: [I/HwID_APK_log[5.3.0.312]/ThreadPool 28087:44585 SourceFile:140] thread dump:poolName:Hwid-UseCase-Pool activeCount:1 completedTaskCount:7 taskCount:8 corePoolSize:10 largestPoolSize:8 maximumPoolSize:30 queueSize:0 
06-21 16:24:04.245 28087 29461 I UseCaseHandler: [I/HwID_APK_log[5.3.0.312]/UseCaseHandler 28087:44585 SourceFile:123] UseCase[CheckSimStateCase] begin | TransID:f1da2023-ffba-409e-aa0d-61253b7c922a
06-21 16:24:04.256 28087 29461 I CheckSimStateCase: [I/HwID_APK_log[5.3.0.312]/CheckSimStateCase 28087:44585 SourceFile:41] sim state changed ACTION_SIM_CHANGE_DELAY_ARRIVED_RECEIVER accountOldStatus: 
06-21 16:24:04.258 28087 29461 I SimChangeUtil: [I/HwID_APK_log[5.3.0.312]/SimChangeUtil 28087:44585 SourceFile:156] isSimReadyOrAbsent
06-21 16:24:04.270 28087 29461 I NormalMutilSim: [I/HwID_APK_log[5.3.0.312]/NormalMutilSim 28087:44585 SourceFile:133] getSimStatusFromMversion id:0 simStatus:5
06-21 16:24:04.274 28087 29461 I NormalMutilSim: [I/HwID_APK_log[5.3.0.312]/NormalMutilSim 28087:44585 SourceFile:133] getSimStatusFromMversion id:1 simStatus:1
06-21 16:24:04.278 28087 29461 I NormalMutilSim: [I/HwID_APK_log[5.3.0.312]/NormalMutilSim 28087:44585 SourceFile:133] getSimStatusFromMversion id:1 simStatus:1
06-21 16:24:04.278 28087 29461 I SimChangeUtil: [I/HwID_APK_log[5.3.0.312]/SimChangeUtil 28087:44585 SourceFile:167] isMultiSimEnabled return true
06-21 16:24:04.288 28087 29461 W VSimAPIWrapper: [W/HwID_APK_log[5.3.0.312]/VSimAPIWrapper 28087:44585 SourceFile:92] , no such method.
06-21 16:24:04.307 28087 29461 I CheckSimStateCase: [I/HwID_APK_log[5.3.0.312]/CheckSimStateCase 28087:44585 SourceFile:77] isSimChanged false
06-21 16:24:04.315 28087 29461 I UseCaseHandler: [I/HwID_APK_log[5.3.0.312]/UseCaseHandler 28087:44585 SourceFile:125] UseCase[CheckSimStateCase] end | TransID:f1da2023-ffba-409e-aa0d-61253b7c922a
06-21 16:24:04.316 28087 29461 I ThreadPool: [I/HwID_APK_log[5.3.0.312]/ThreadPool 28087:44585 SourceFile:183] afterExecute, time costs:73ms
06-21 16:24:04.316 28087 28087 I UseCaseThreadPoolScheduler: [I/HwID_APK_log[5.3.0.312]/UseCaseThreadPoolScheduler 28087:1 SourceFile:92] onError for findbugs should be delete
06-21 16:24:04.316 28087 29461 I ThreadPool: [I/HwID_APK_log[5.3.0.312]/ThreadPool 28087:44585 SourceFile:140] thread dump:poolName:Hwid-UseCase-Pool activeCount:1 completedTaskCount:7 taskCount:8 corePoolSize:10 largestPoolSize:8 maximumPoolSize:30 queueSize:0 
06-21 16:24:04.317 28087 28087 I SimChangeService: [I/HwID_APK_log[5.3.0.312]/SimChangeService 28087:1 SourceFile:109] onError stopSelf
06-21 16:24:04.378  1305  1321 D ZrHung.AppEyeTransparentWindow: handleMessage CHECK_TRANS_WINDOW_ERROR_MSG
06-21 16:24:04.422  1305  1495 I TrafficMonitor: expired arrive. level:-1
06-21 16:24:04.422  1305  1495 I TrafficMonitor: during_ms:2003,period_ms:2000
06-21 16:24:04.423  1305  1495 I TrafficMonitor: count:33,rx_sum:0,tx_sum:1,rxBytes:0,during_ms:2003,rx_speed:0.0,tx_speed:40.43934098851722,rto:0.0
06-21 16:24:04.442  1644  1644 D NetWorkUtils: mVSimCurCardType is -1
06-21 16:24:04.446  1644  1644 I chatty  : uid=10035(com.huawei.HwMultiScreenShot) com.android.systemui identical 1 line
06-21 16:24:04.447  1644  1644 D NetWorkUtils: mVSimCurCardType is -1
06-21 16:24:04.689   643   643 E WifiHAL : enter wifi_get_link_stats
06-21 16:24:04.705  1305  1496 E WificondControl: Noise: -95, Snr: 0, Chload: -1
06-21 16:24:04.710  1305  1496 D WifiScoreReport: Score = 60, wifiConnectivityManagerEnabled = false, lowScoreCount = 0
06-21 16:24:04.871  1305  1305 I MQoS    : onSignal: mSubId=0,currDataSubID=0
06-21 16:24:04.879  1305  1305 I MQoS    : received cell-signal:5
06-21 16:24:04.885  1780  1780 D DaemonMessageAdapter: onMobileSignalStrengthChanged, subId: 0, signalStrength: SignalStrength: 0 -2032976512 -54 -21 32767 -1 32767 -1 -83 -5 25 -1 0 2147483647 0 120 2147483647 255 gsm|lte use_rsrp_and_rssnr_for_lte_level rscp [-128, -118, -108, -98] [-115, -105, -95, -85] 0 0 0 0 0 0
06-21 16:24:04.888  1780  1780 D DaemonMessageAdapter: SignalStrength update result, ss: SignalStrengthInfo: 171916731 mGsmSignalStrength: 0 mWcdmaRscp: 2147483647 mWcdmaEcio: 255 mLteRsrp: -83 mLteRsrq: -5 mCdmaDbm: -54 mCdmaEcio: -21 mEvdoDbm: 32767 mEvdoEcio: -1 mLteRssnr: 25
06-21 16:24:04.906  1644  1774 I HwMobileSignalController(0): subId:0 phoneType:2 networktype:13 targetClass:3 masterLevel:5 slaveLevel:5
06-21 16:24:05.092   757  3391 E LOGSERVER_UTILS: [Erecovery]readEvent: eRecEventManager readEvent 0
06-21 16:24:05.098   722   820 I dubaid  : [ModemHandler.cpp] handleCustomized# Modem pmom log no response, force to finish balance(3), 2021-06-21 16:23:44
06-21 16:24:05.120 20655 20834 D WorkerThreadMonitor: Kill MSF check result[ senderSize:0,sendInterval:57152,receiveInterval=26859,addCmdCount=222
06-21 16:24:05.193 20655  7749 I SocketReaderNew: SocketReader(10484) continue
06-21 16:24:05.194 20655  7749 D MSF.C.NetConnTag: MsfCoreSocketReaderNew closeConn readError
06-21 16:24:05.194 20655  7749 D MSF.C.NetConnTag: conn is already closed on readError
06-21 16:24:05.194 20655  7749 W System.err: java.net.SocketException: Socket is closed
06-21 16:24:05.194 20655  7749 W System.err: 	at java.net.Socket.getSoTimeout(Socket.java:1196)
06-21 16:24:05.194 20655  7749 W System.err: 	at com.tencent.qphone.base.util.MsfSocketInputBuffer.isDataAvailable(P:71)
06-21 16:24:05.194 20655  7749 W System.err: 	at com.tencent.mobileqq.msf.core.net.m$b.run(P:478)
06-21 16:24:05.195 20655  7749 I SocketReaderNew: SocketReader(10484) wait
06-21 16:24:05.424  1305  1471 D         : motion-hal MotionHubChannel::readEvents motion_type == MOTIONHUB_TYPE_ROTATION
06-21 16:24:05.424  1305  1471 D         : HWExtMotionService valueSize:2 
06-21 16:24:05.424  1305  1471 D         : HWExtDeviceService getActiveConnections 
06-21 16:24:05.424  1305  1471 D         : HWExtDeviceService connSize:1 
06-21 16:24:05.424  1305  1471 D         : ALOGD: HWExtDeviceManager::notifyDeviceData  type: 700 
06-21 16:24:05.424  1305  1471 D         : HWExtDeviceManager::notifyDeviceData handleEvent uniqueId : 70001
06-21 16:24:05.425  1305  1325 I HWExtDeviceManager: trigger onDeviceDataChanged : mListener : com.android.server.policy.HWExtMotionRotationProcessorEx$1@fe06df7,type : 700
06-21 16:24:05.425  1305  1325 D HWEMRP  : onDeviceDataChanged  proposedRotation:-1
06-21 16:24:05.425  1305  1325 D HWEMRP  : onDeviceDataChanged  oldProposedRotation:0
06-21 16:24:05.430  1305  1495 I TrafficMonitor: update:rxPkts:1,txPkts:1,rxBytes:81,txBytes:40
06-21 16:24:05.430  1305  1495 I TrafficMonitor: start expired. level:-1
06-21 16:24:05.430  1305  1495 I TrafficMonitor: gettimer:interval=2000
06-21 16:24:05.444  1644  1644 D NetWorkUtils: mVSimCurCardType is -1
06-21 16:24:05.445  1644  1644 I chatty  : uid=10035(com.huawei.HwMultiScreenShot) com.android.systemui identical 1 line
06-21 16:24:05.446  1644  1644 D NetWorkUtils: mVSimCurCardType is -1
06-21 16:24:05.570 29463 29463 E JankService: child Thread receive to stop
06-21 16:24:05.710  2065  2156 I SmartChgBase/Config: strategy configure aging time out
06-21 16:24:05.710   757   918 E JankService: all data read ok
06-21 16:24:05.771  1305 28436 W AwareLog: AwareMem_Reclaim: generateCompressList procsGroups error!
06-21 16:24:05.773  1305 28436 W AwareLog: AwareMem_Reclaim: getPssForPid error skip! procName=com.huawei.hiai.nlu
06-21 16:24:05.774   738   773 I AwareLog: HibSTrategy::HibStrategySwapCandidateProcessAdd packagename com.android.email
06-21 16:24:05.774 20933  4845 I PGServer: getTopFrontApp. calling pkg: android
06-21 16:24:05.851   738  3208 I AwareLog: HiberManagerService::do_reclaim ok, pid=25643, reclaim_mode = hiber_anon
06-21 16:24:05.851   738  3208 I AwareLog: HiberManagerService::getReclaimResult:reclaim_kb=4420, swap_kb=4420, swap_us=58126
06-21 16:24:05.852   738  3208 I AwareLog: HibStrategy::HibStrategySwapCandidateProcessRemove packagename is com.android.email
06-21 16:24:05.852   738  3208 I AwareLog: HiberManagerService::sendMessagetoHiberTask successful
06-21 16:24:05.853   738   773 I AwareLog: HibSTrategy::HibStrategySwapCandidateProcessAdd packagename com.huawei.hwid
06-21 16:24:05.854 20933  4845 I PGServer: getTopFrontApp. calling pkg: android
06-21 16:24:05.986   738  3208 I AwareLog: HiberManagerService::do_reclaim ok, pid=27676, reclaim_mode = hiber_anon
06-21 16:24:05.987   738  3208 I AwareLog: HiberManagerService::getReclaimResult:reclaim_kb=15640, swap_kb=15640, swap_us=130977
06-21 16:24:05.987   738  3208 I AwareLog: HibStrategy::HibStrategySwapCandidateProcessRemove packagename is com.huawei.hwid
06-21 16:24:05.987   738  3208 I AwareLog: HiberManagerService::sendMessagetoHiberTask successful
06-21 16:24:05.988   738   773 I AwareLog: HibSTrategy::HibStrategySwapCandidateProcessAdd packagename com.huawei.hwid
06-21 16:24:06.015 20933  4845 I PGServer: getTopFrontApp. calling pkg: android
06-21 16:24:06.050  1305  1496 E WificondControl: Noise: -95, Snr: 0, Chload: -1
06-21 16:24:06.060  1305  1495 D WiFi_PRO: MSG_RETURN_AP_CURRY_RSSI rssi = -54
06-21 16:24:06.060  1305  1572 I HuaweiWifiWatchdogStateMachine: POta txb txg rxg:0, 4, 0. Lr =0% Totpkt=4
06-21 16:24:06.060  1305  1495 I QosMonitor: queryRtt: rtt_type = 3
06-21 16:24:06.061  1305 29464 I HwUidTcpMonitor: TcpStatisticsRun run
06-21 16:24:06.063  1305  1495 I QosMonitor: postEventFromNative: msg=100,arg1=4,arg2=10
06-21 16:24:06.063  1305  1495 I QosMonitor: postEventFromNative: msg=100,arg1=0,arg2=10
06-21 16:24:06.063  1305  1495 I MQoS    : rtt=416,tcp_tx_pkts=3673210,tcp_rx_pkts=7258098
06-21 16:24:06.064  1305  1495 I QosMonitor: resetRtt: rtt_type = 3
06-21 16:24:06.065  1305  1572 I HuaweiWifiWatchdogStateMachine: PTcp RTT:0, rtt pkt=0, tcp_rx=1, tcp_tx=2, tcp_reTran=0, rtRate=0
06-21 16:24:06.065  1305 29464 D HwUidTcpMonitor: parseWlanUidTcpStatistics lastUidTcpStatInfo = [ mUid = 10194 mPacketName = com.huawei.android.launcher mSendSegs = 643 mResendSegs = 0 mRcvSegs = 464 ]
06-21 16:24:06.071  1305  6793 I MQoS    : QOS_level:5(5),wifi-link;use signalLvl:5;RAT:4G
06-21 16:24:06.133   757  3391 E LOGSERVER_UTILS: [Erecovery]readEvent: eRecEventManager readEvent 0
06-21 16:24:06.221   738  3208 I AwareLog: HiberManagerService::do_reclaim ok, pid=28166, reclaim_mode = hiber_anon
06-21 16:24:06.221   738  3208 I AwareLog: HiberManagerService::getReclaimResult:reclaim_kb=16632, swap_kb=16632, swap_us=165133
06-21 16:24:06.221   738  3208 I AwareLog: HibStrategy::HibStrategySwapCandidateProcessRemove packagename is com.huawei.hwid
06-21 16:24:06.221   738  3208 I AwareLog: HiberManagerService::sendMessagetoHiberTask successful
06-21 16:24:06.289  1644  1644 I Net.80454NetworkSpeedMa: mIsStop = false
06-21 16:24:06.289  1644  1774 I Net.80455NetworkSpeedMa:  runInThread getTetherStats
06-21 16:24:06.296  1644  1644 I Net.80455NetworkSpeedMa:  runInUI refreshSpeed
06-21 16:24:06.297  1644  1644 I Net.80455NetworkSpeedMa: value=67.333336speed = 67.3B/smIsShowLastSpeedValuefalse
06-21 16:24:06.297  1644  1644 I NetworkSpeedView: /update(), speed=67.3B/s
06-21 16:24:06.298  1644  1644 I chatty  : uid=10035(com.huawei.HwMultiScreenShot) com.android.systemui identical 1 line
06-21 16:24:06.299  1644  1644 I NetworkSpeedView: /update(), speed=67.3B/s
06-21 16:24:06.734  1305  1471 D         : HWExtMotionService valueSize:2 
06-21 16:24:06.734  1305  1471 D         : HWExtDeviceService getActiveConnections 
06-21 16:24:06.734  1305  1471 D         : HWExtDeviceService connSize:1 
06-21 16:24:06.734  1305  1471 D         : ALOGD: HWExtDeviceManager::notifyDeviceData  type: 100 
06-21 16:24:06.735  1305  1471 D         : HWExtDeviceManager::notifyDeviceData handleEvent uniqueId : 10001
06-21 16:24:06.735  1305  1325 I HWExtDeviceManager: trigger onDeviceDataChanged : mListener : com.android.server.policy.PickUpWakeScreenManager$1@3d5877f,type : 100
06-21 16:24:06.737  1644 28426 D KeyguardService: KGSvcCall doFaceRecognize.PICKUP:SC_ON
06-21 16:24:06.738  1644  1644 D HwKeyguardUpdateMonitor: trigger faceDetect while in isOccluded PICKUP:SC_ON
06-21 16:24:06.784  1305  1471 D         : motion-hal MotionHubChannel::readEvents motion_type == MOTIONHUB_TYPE_ROTATION
06-21 16:24:06.784  1305  1471 D         : HWExtMotionService valueSize:2 
06-21 16:24:06.784  1305  1471 D         : HWExtDeviceService getActiveConnections 
06-21 16:24:06.784  1305  1471 D         : HWExtDeviceService connSize:1 
06-21 16:24:06.784  1305  1471 D         : ALOGD: HWExtDeviceManager::notifyDeviceData  type: 700 
06-21 16:24:06.784  1305  1471 D         : HWExtDeviceManager::notifyDeviceData handleEvent uniqueId : 70001
06-21 16:24:06.785  1305  1325 I HWExtDeviceManager: trigger onDeviceDataChanged : mListener : com.android.server.policy.HWExtMotionRotationProcessorEx$1@fe06df7,type : 700
06-21 16:24:06.786  1305  1325 D HWEMRP  : onDeviceDataChanged  proposedRotation:0
06-21 16:24:06.786  1305  1325 D HWEMRP  : onDeviceDataChanged  oldProposedRotation:-1
06-21 16:24:06.786  1305  1325 D HWEMRP  : notifyProposedRotation: 0
06-21 16:24:06.911   734   734 E Thermal-daemon: [ap] temp_new :39  temp_old :40
06-21 16:24:06.913   734   734 E Thermal-daemon: Report temperature: [ap] temp :39  report_threshold:1
06-21 16:24:06.914 20933 20992 D HwThermalStateManager: Thermal type: 0 cur_temperature:39
06-21 16:24:07.047  1305  1471 D         : HWExtMotionService valueSize:2 
06-21 16:24:07.047  1305  1471 D         : HWExtDeviceService getActiveConnections 
06-21 16:24:07.047  1305  1471 D         : HWExtDeviceService connSize:1 
06-21 16:24:07.047  1305  1471 D         : ALOGD: HWExtDeviceManager::notifyDeviceData  type: 100 
06-21 16:24:07.047  1305  1471 D         : HWExtDeviceManager::notifyDeviceData handleEvent uniqueId : 10001
06-21 16:24:07.048  1305  1325 I HWExtDeviceManager: trigger onDeviceDataChanged : mListener : com.android.server.policy.PickUpWakeScreenManager$1@3d5877f,type : 100
06-21 16:24:07.050  1644 28426 D KeyguardService: KGSvcCall doFaceRecognize.PICKUP:SC_ON
06-21 16:24:07.050  1644  1644 D HwKeyguardUpdateMonitor: trigger faceDetect while in isOccluded PICKUP:SC_ON
06-21 16:24:07.174   757  3391 E LOGSERVER_UTILS: [Erecovery]readEvent: eRecEventManager readEvent 0
06-21 16:24:07.366  1305  1471 D         : HWExtMotionService valueSize:2 
06-21 16:24:07.367  1305  1471 D         : HWExtDeviceService getActiveConnections 
06-21 16:24:07.367  1305  1471 D         : HWExtDeviceService connSize:1 
06-21 16:24:07.367  1305  1471 D         : ALOGD: HWExtDeviceManager::notifyDeviceData  type: 100 
06-21 16:24:07.367  1305  1471 D         : HWExtDeviceManager::notifyDeviceData handleEvent uniqueId : 10001
06-21 16:24:07.368  1305  1325 I HWExtDeviceManager: trigger onDeviceDataChanged : mListener : com.android.server.policy.PickUpWakeScreenManager$1@3d5877f,type : 100
06-21 16:24:07.369  1644 28426 D KeyguardService: KGSvcCall doFaceRecognize.PICKUP:SC_ON
06-21 16:24:07.369  1644  1644 D HwKeyguardUpdateMonitor: trigger faceDetect while in isOccluded PICKUP:SC_ON
06-21 16:24:07.435  1305  1495 I TrafficMonitor: update:rxPkts:0,txPkts:0,rxBytes:0,txBytes:0
06-21 16:24:07.435  1305  1495 I TrafficMonitor: start expired. level:-1
06-21 16:24:07.435  1305  1495 I TrafficMonitor: gettimer:interval=2000
06-21 16:24:07.713   643   643 E WifiHAL : enter wifi_get_link_stats
06-21 16:24:07.728  1305  1496 E WificondControl: Noise: -95, Snr: 0, Chload: -1
06-21 16:24:07.733  1305  1496 D WifiScoreReport: Score = 60, wifiConnectivityManagerEnabled = false, lowScoreCount = 0
06-21 16:24:07.984  1305  1471 D         : motion-hal MotionHubChannel::readEvents motion_type == MOTIONHUB_TYPE_ROTATION
06-21 16:24:07.984  1305  1471 D         : HWExtMotionService valueSize:2 
06-21 16:24:07.984  1305  1471 D         : HWExtDeviceService getActiveConnections 
06-21 16:24:07.984  1305  1471 D         : HWExtDeviceService connSize:1 
06-21 16:24:07.984  1305  1471 D         : ALOGD: HWExtDeviceManager::notifyDeviceData  type: 700 
06-21 16:24:07.984  1305  1471 D         : HWExtDeviceManager::notifyDeviceData handleEvent uniqueId : 70001
06-21 16:24:07.985  1305  1325 I HWExtDeviceManager: trigger onDeviceDataChanged : mListener : com.android.server.policy.HWExtMotionRotationProcessorEx$1@fe06df7,type : 700
06-21 16:24:07.986  1305  1325 D HWEMRP  : onDeviceDataChanged  proposedRotation:-1
06-21 16:24:07.986  1305  1325 D HWEMRP  : onDeviceDataChanged  oldProposedRotation:0
06-21 16:24:08.189   757  3391 E LOGSERVER_UTILS: [Erecovery]readEvent: eRecEventManager readEvent 0
06-21 16:24:09.226   757  3391 E LOGSERVER_UTILS: [Erecovery]readEvent: eRecEventManager readEvent 0
06-21 16:24:09.291  1644  1644 I Net.80455NetworkSpeedMa: mIsStop = false
06-21 16:24:09.292  1644  1774 I Net.80456NetworkSpeedMa:  runInThread getTetherStats
06-21 16:24:09.299  1644  1644 I Net.80456NetworkSpeedMa:  runInUI refreshSpeed
06-21 16:24:09.300  1644  1644 I Net.80456NetworkSpeedMa: value=0.0speed = 0.00K/smIsShowLastSpeedValuefalse
06-21 16:24:09.300  1644  1644 I NetworkSpeedView: /update(), speed=0.00K/s
06-21 16:24:09.302  1644  1644 I chatty  : uid=10035(com.huawei.HwMultiScreenShot) com.android.systemui identical 1 line
06-21 16:24:09.302  1644  1644 I NetworkSpeedView: /update(), speed=0.00K/s
06-21 16:24:09.438  1305  1495 I TrafficMonitor: update:rxPkts:0,txPkts:0,rxBytes:0,txBytes:0
06-21 16:24:09.439  1305  1495 I TrafficMonitor: start expired. level:-1
06-21 16:24:09.439  1305  1495 I TrafficMonitor: gettimer:interval=2000
06-21 16:24:10.266   757  3391 E LOGSERVER_UTILS: [Erecovery]readEvent: eRecEventManager readEvent 0
