06-21 16:23:27.750  5333  5333 W System.err: 	at com.baidu.input_huawei.ImeService.O(Proguard:5276)
06-21 16:23:27.750  5333  5333 W System.err: 	at com.baidu.input_huawei.ImeService.a(Proguard:1368)
06-21 16:23:27.750  5333  5333 W System.err: 	at com.baidu.dxo.run(Proguard:1)
06-21 16:23:27.750  5333  5333 W System.err: 	at com.baidu.fzp.cyG(Proguard:149)
06-21 16:23:27.750  5333  5333 W System.err: 	at com.baidu.czd.a(Proguard:13)
06-21 16:23:27.750  5333  5333 W System.err: 	at com.baidu.czg.i(Proguard:1)
06-21 16:23:27.750  5333  5333 W System.err: 	at com.baidu.czg.e(Proguard:27)
06-21 16:23:27.750  5333  5333 W System.err: 	at com.baidu.input_huawei.ImeService.onStartInput(Proguard:1272)
06-21 16:23:27.750  5333  5333 W System.err: 	at android.inputmethodservice.InputMethodService.doStartInput(InputMethodService.java:2155)
06-21 16:23:27.750  5333  5333 W System.err: 	at android.inputmethodservice.InputMethodService$InputMethodImpl.startInput(InputMethodService.java:541)
06-21 16:23:27.750  5333  5333 W System.err: 	at android.view.inputmethod.InputMethod.dispatchStartInputWithToken(InputMethod.java:193)
06-21 16:23:27.750  5333  5333 W System.err: 	at android.inputmethodservice.InputMethodService$InputMethodImpl.dispatchStartInputWithToken(InputMethodService.java:568)
06-21 16:23:27.750  5333  5333 W System.err: 	at android.inputmethodservice.IInputMethodWrapper.executeMessage(IInputMethodWrapper.java:186)
06-21 16:23:27.750  5333  5333 W System.err: 	at com.android.internal.os.HandlerCaller$MyHandler.handleMessage(HandlerCaller.java:37)
06-21 16:23:27.750  5333  5333 W System.err: 	at android.os.Handler.dispatchMessage(Handler.java:112)
06-21 16:23:27.750  5333  5333 W System.err: 	at android.os.Looper.loop(Looper.java:216)
06-21 16:23:27.750  5333  5333 W System.err: 	at android.app.ActivityThread.main(ActivityThread.java:7625)
06-21 16:23:27.750  5333  5333 W System.err: 	at java.lang.reflect.Method.invoke(Native Method)
06-21 16:23:27.750  5333  5333 W System.err: 	at com.android.internal.os.RuntimeInit$MethodAndArgsCaller.run(RuntimeInit.java:524)
06-21 16:23:27.750  5333  5333 W System.err: 	at com.android.internal.os.ZygoteInit.main(ZygoteInit.java:987)
06-21 16:23:27.750  5333  5333 I ring_expand: final Global.screenW = 1080
06-21 16:23:27.751  5333  5333 I HuaweiIME: SysInfo.getSysParam: orientation=1||config d=3.0,w=1080,h=1920||metrics d=3.0,w=1080,h=1920||sdk=28,bar_h=72||appScale=3.3,sysScale=3.0||isMultiWin=false,isPadMode=false, boardw=1080, boardH=583, candH=108, boardL=0, boardR=1080, ver=8.2.39.212, realW=1080, realH=1920, isInLargeWinMode=false, displayId=0, cuid=F5D4BB-FF5734-D8C7C5-6FD602-0D8421-FC
06-21 16:23:27.751  5333  5333 I HuaweiIME: isPortrait-adjustOffset-r: 0
06-21 16:23:27.751  5333  5333 I HuaweiIME:  isNight : false
06-21 16:23:27.752  1900 25573 D HwRecentsTaskUtils: refreshToCache
06-21 16:23:27.752  1900 25573 D HwRecentsTaskUtils: searchFromDate
06-21 16:23:27.764  1900 25573 I RecentsTaskLoadPlan: to show tasks size is 5
06-21 16:23:27.765  1819  2005 D HwWifiStatStore: setAPKActionName mCurAPKAction is null: com.google.android.gms
06-21 16:23:27.765  1819  1984 D WifiDftDataBaseManager: updateAPKActionRecord update succ, rowChg=1
06-21 16:23:27.765  1819  1984 D NcWifiDFTManager: handled event 1000
06-21 16:23:27.765  1819  1984 D NcWifiDFTManager:  HwWifiDFTEventConst.EID_WIFIAPK_ACION
06-21 16:23:27.765  1819  1984 E NcWifiDFTManager: WifiDftAPKActionRcd's , mApkName :com.hpbr.bosszhipin mDSCPCnt[i] = 0
06-21 16:23:27.765  1819  1984 E NcWifiDFTManager: WifiDftAPKActionRcd's , mApkName :com.hpbr.bosszhipin mDSCPCnt[i] = 0
06-21 16:23:27.765  1819  1984 D WifiDftDataBaseManager: addOrUpdateAPKActionRecord enter
06-21 16:23:27.765  1819  1984 D WifiDftDataBaseManager: checkIfAPKActionRcdExist enter
06-21 16:23:27.766  1819  1984 D WifiDftDataBaseManager: checkIfSSIDStatisticsRcdExist read from:StatusChangedByAPK, get record: 0
06-21 16:23:27.766  1819  1984 D WifiDftDataBaseManager: insertAPKActionRecord enter
06-21 16:23:27.767  1819  1984 I WifiDftDataBaseManager: insertAPKActionRecord add a record succ.
06-21 16:23:27.767  1819  1984 D NcWifiDFTManager: handled event 1000
06-21 16:23:27.767  1819  1984 D WifiDftDataBaseManager: addOrUpdateSunsetRecord enter
06-21 16:23:27.767  1819  1984 D WifiDftDataBaseManager: checkIfSunsetRecordExist enter
06-21 16:23:27.768  1819  1984 D WifiDftDataBaseManager: checkIfSunsetRecordExist read from:WifiSunset, get record: 1
06-21 16:23:27.769  1819  1984 D WifiDftDataBaseManager: updateSunsetRecord update succ, rowChg=1
06-21 16:23:27.829   757  3391 E LOGSERVER_UTILS: [Erecovery]readEvent: eRecEventManager readEvent 0
06-21 16:23:27.883 20933 20954 I chatty  : uid=1000(system) core expire 108 lines
06-21 16:23:28.140   679   679 I aptouch_daemon: filter_touch_detect, down, in: 1, out: 1
06-21 16:23:28.144  1305  1314 I chatty  : uid=1000(system) HeapTaskDaemon expire 1 line
06-21 16:23:28.164 26509 26636 I chatty  : uid=1000(system) AsyncTask #4 expire 85 lines
06-21 16:23:28.312   679   679 I aptouch_daemon: filter_touch_detect, all_touch_up
06-21 16:23:28.427   643   643 E WifiHAL : enter wifi_get_link_stats
06-21 16:23:28.430 32105 32105 D BoundBrokerSvc: onUnbind: Intent { act=com.google.android.gms.cast.firstparty.START cmp=com.google.android.gms/.chimera.GmsBoundBrokerService }
06-21 16:23:28.431 32105 32105 D BoundBrokerSvc: onUnbind: Intent { act=com.google.android.gms.auth.cryptauth.cryptauthservice.START cmp=com.google.android.gms/.chimera.GmsBoundBrokerService }
06-21 16:23:28.587 26509 26588 I chatty  : uid=1000(system) AsyncTask #1 expire 3 lines
06-21 16:23:28.779 28796 28796 I chatty  : uid=1001(radio) com.huawei.android.dsdscardmanager expire 1 line
06-21 16:23:28.865   757  3391 E LOGSERVER_UTILS: [Erecovery]readEvent: eRecEventManager readEvent 0
06-21 16:23:28.930   679   679 I aptouch_daemon: filter_touch_detect, down, in: 1, out: 1
06-21 16:23:28.979 28825 28825 D AwareBitmapCacher: handleInit system app disable uid=1000
06-21 16:23:29.042 28841 28841 D AwareBitmapCacher: handleInit disable com.huawei.parentcontrol
06-21 16:23:29.174 28873 28873 D AwareBitmapCacher: handleInit system app disable uid=1000
06-21 16:23:29.265 26814 26814 W IOLogThread#1: type=1400 audit(0.0:688276): avc: granted { create } for name="1624258800000_com.eg.android.AlipayGphone-tools.2nd" scontext=u:r:untrusted_app:s0:c194,c256,c512,c768 tcontext=u:object_r:sdcardfs:s0:c194,c256,c512,c768 tclass=file
06-21 16:23:29.470  1305 29030 I chatty  : uid=1000 system_server expire 4 lines
06-21 16:23:29.472   679   679 I aptouch_daemon: filter_touch_detect, all_touch_up
06-21 16:23:29.592 32056 32056 D BoundBrokerSvc: onUnbind: Intent { act=com.google.android.gms.auth.account.workaccount.START cmp=com.google.android.gms/.chimera.PersistentApiService }
06-21 16:23:29.617 32105 32105 D BoundBrokerSvc: onUnbind: Intent { act=com.google.android.gms.checkin.START pkg=com.google.android.gms }
06-21 16:23:29.638 28918 28918 D AwareBitmapCacher: handleInit disable com.huawei.vassistant
06-21 16:23:29.857  1305 28436 I chatty  : uid=1000(system) are.mem.default expire 3 lines
06-21 16:23:29.894   757  3391 E LOGSERVER_UTILS: [Erecovery]readEvent: eRecEventManager readEvent 0
06-21 16:23:29.901   679   679 I aptouch_daemon: filter_touch_detect, down, in: 1, out: 1
06-21 16:23:29.983   679   679 I aptouch_daemon: filter_touch_detect, all_touch_up
06-21 16:23:30.016   649   892 D         : doWinFrameOptStatusRecog begin to recog Layer result=2
06-21 16:23:30.030   738  9056 I Pged-IPgedBinderService: ****action is 1, pid num is 3***
06-21 16:23:30.030   738  9056 I Pged-Freezer: freezePids
06-21 16:23:30.030   738  9056 I Pged-Freezer: Freeze process: 25643
06-21 16:23:30.031   738  9056 I Pged-Freezer: Freeze process: 25567
06-21 16:23:30.033  1063  1307 I AppLifeChangeSensor:  CAWARENESS: activityPaused componentName = ComponentInfo{com.android.settings/com.android.settings.Settings$HwSystemDashboardActivity}
06-21 16:23:30.034  5685 19142 I HiAdKit.DC.PageSwitchMonitor:  call
06-21 16:23:30.035 20933 20979 I chatty  : uid=1000(system) fast_hibernatio expire 2 lines
06-21 16:23:30.101 26509 29036 I chatty  : uid=1000(system) com.android.settings expire 15 lines
06-21 16:23:30.110  1305  6666 I chatty  : uid=1000(system) Binder:1305_1A expire 7 lines
06-21 16:23:30.130  1900 25573 D HwRecentsTaskUtils: refreshToCache
06-21 16:23:30.130  1900 25573 D HwRecentsTaskUtils: searchFromDate
06-21 16:23:30.134  1900 25573 I RecentsTaskLoadPlan: to show tasks size is 5
06-21 16:23:30.157  1305  7956 I chatty  : uid=1000(system) Binder:1305_1C expire 5 lines
06-21 16:23:30.170  1819  3530 I OPCollectLog: AppChangeImpl: uid: 1000 pkg: com.android.settings class: com.android.settings.Settings$DevelopmentSettingsActivity
06-21 16:23:30.170   649   892 D         : doWinFrameOptStatusRecog begin to recog Layer result=2
06-21 16:23:30.170  1819  2076 I OPCollectLog: HwForegroundAppAction:handleMessage 
06-21 16:23:30.171  1819  2076 D OPCollectLog: HwForegroundAppAction:FG executeWithArgs
06-21 16:23:30.171  1819  2076 I OPCollectLog: OPCollectUtils:ODMF Api Version:2.12.1
06-21 16:23:30.171  5685 19142 I HiAdKit.DC.PageSwitchMonitor:  call
06-21 16:23:30.171  1819  2076 I OPCollectLog: Action:HwForegroundAppAction executed successfully
06-21 16:23:30.171  1819  2082 D OPCollectLog: OdmfCollectScheduler:handleMessage msg: 4
06-21 16:23:30.173  1063  1307 I AppLifeChangeSensor:  CAWARENESS: activityResumed componentName = ComponentInfo{com.android.settings/com.android.settings.Settings$DevelopmentSettingsActivity}
06-21 16:23:30.176  1819  2082 I OPCollectLog: OdmfHelper:insert com.huawei.nb.model.collectencrypt.RawFgAPPEvent success 
06-21 16:23:30.179  4530  4701 I [HwRecSys]OdmfCollectScheduler: handleMessage msg: 6
06-21 16:23:30.179  4530  4701 I [HwRecSys]HwRecSysService:  cur pkg: com.android.settings
06-21 16:23:30.179  4530  4701 E [HwRecSys]HwRecSysService: getIsRportDirectService is false!
06-21 16:23:30.274 26509 29041 I chatty  : uid=1000(system) com.android.settings expire 2 lines
06-21 16:23:30.289  1305  2463 I chatty  : uid=1000(system) Binder:1305_E expire 5 lines
06-21 16:23:30.292  1305  1325 I chatty  : uid=1000(system) android.ui expire 16 lines
06-21 16:23:30.294   649   892 D         : doWinFrameOptStatusRecog begin to recog Layer result=2
06-21 16:23:30.378   649   892 D         : doWinFrameOptStatusRecog begin to recog Layer result=2
06-21 16:23:30.383  1305  1336 I chatty  : uid=1000(system) android.display expire 1 line
06-21 16:23:30.391   757   919 W JankService: processEntry, not beta version or commercial log off
06-21 16:23:30.403  5333  5473 I ImeNamedRunnable: Thread pool-6-thread-1, Runnable named igsm::onStartInput, use time 0ms
06-21 16:23:30.404  5333  5491 I ImeNamedRunnable: Thread pool-1-thread-1, Runnable named iinputm::onStartInput, use time 0ms
06-21 16:23:30.406  5333  5333 W System.err: java.lang.NoSuchMethodError: No static method getHwMultiWindowState()Landroid/os/Bundle; in class Lcom/huawei/android/app/ActivityManagerEx; or its super classes (declaration of 'com.huawei.android.app.ActivityManagerEx' appears in /system/framework/hwframework.jar)
06-21 16:23:30.407  5333  5333 W System.err: 	at com.baidu.ait.wI(Proguard:674)
06-21 16:23:30.407  5333  5333 W System.err: 	at com.baidu.dmt.h(Proguard:299)
06-21 16:23:30.407  5333  5333 W System.err: 	at com.baidu.input_huawei.ImeService.a(Proguard:5276)
06-21 16:23:30.407  5333  5333 W System.err: 	at com.baidu.dxj.run(Proguard:1)
06-21 16:23:30.407  5333  5333 W System.err: 	at com.baidu.fzp.cyG(Proguard:149)
06-21 16:23:30.407  5333  5333 W System.err: 	at com.baidu.czd.a(Proguard:13)
06-21 16:23:30.407  5333  5333 W System.err: 	at com.baidu.czg.i(Proguard:1)
06-21 16:23:30.407  5333  5333 W System.err: 	at com.baidu.czg.h(Proguard:96)
06-21 16:23:30.407  5333  5333 W System.err: 	at com.baidu.input_huawei.ImeService.O(Proguard:5276)
06-21 16:23:30.407  5333  5333 W System.err: 	at com.baidu.input_huawei.ImeService.a(Proguard:1368)
06-21 16:23:30.407  5333  5333 W System.err: 	at com.baidu.dxo.run(Proguard:1)
06-21 16:23:30.407  5333  5333 W System.err: 	at com.baidu.fzp.cyG(Proguard:149)
06-21 16:23:30.407  5333  5333 W System.err: 	at com.baidu.czd.a(Proguard:13)
06-21 16:23:30.407  5333  5333 W System.err: 	at com.baidu.czg.i(Proguard:1)
06-21 16:23:30.407  5333  5333 W System.err: 	at com.baidu.czg.e(Proguard:27)
06-21 16:23:30.407  5333  5333 W System.err: 	at com.baidu.input_huawei.ImeService.onStartInput(Proguard:1272)
06-21 16:23:30.407  5333  5333 W System.err: 	at android.inputmethodservice.InputMethodService.doStartInput(InputMethodService.java:2155)
06-21 16:23:30.407  5333  5333 W System.err: 	at android.inputmethodservice.InputMethodService$InputMethodImpl.startInput(InputMethodService.java:541)
06-21 16:23:30.407  5333  5333 W System.err: 	at android.view.inputmethod.InputMethod.dispatchStartInputWithToken(InputMethod.java:193)
06-21 16:23:30.407  5333  5333 W System.err: 	at android.inputmethodservice.InputMethodService$InputMethodImpl.dispatchStartInputWithToken(InputMethodService.java:568)
06-21 16:23:30.407  5333  5333 W System.err: 	at android.inputmethodservice.IInputMethodWrapper.executeMessage(IInputMethodWrapper.java:186)
06-21 16:23:30.407  5333  5333 W System.err: 	at com.android.internal.os.HandlerCaller$MyHandler.handleMessage(HandlerCaller.java:37)
06-21 16:23:30.407  5333  5333 W System.err: 	at android.os.Handler.dispatchMessage(Handler.java:112)
06-21 16:23:30.407  5333  5333 W System.err: 	at android.os.Looper.loop(Looper.java:216)
06-21 16:23:30.407  5333  5333 W System.err: 	at android.app.ActivityThread.main(ActivityThread.java:7625)
06-21 16:23:30.407  5333  5333 W System.err: 	at java.lang.reflect.Method.invoke(Native Method)
06-21 16:23:30.407  5333  5333 W System.err: 	at com.android.internal.os.RuntimeInit$MethodAndArgsCaller.run(RuntimeInit.java:524)
06-21 16:23:30.407  5333  5333 W System.err: 	at com.android.internal.os.ZygoteInit.main(ZygoteInit.java:987)
06-21 16:23:30.407  5333  5333 I ring_expand: final Global.screenW = 1080
06-21 16:23:30.408  5333  5333 I HuaweiIME: SysInfo.getSysParam: orientation=1||config d=3.0,w=1080,h=1920||metrics d=3.0,w=1080,h=1920||sdk=28,bar_h=72||appScale=3.3,sysScale=3.0||isMultiWin=false,isPadMode=false, boardw=1080, boardH=583, candH=108, boardL=0, boardR=1080, ver=8.2.39.212, realW=1080, realH=1920, isInLargeWinMode=false, displayId=0, cuid=F5D4BB-FF5734-D8C7C5-6FD602-0D8421-FC
06-21 16:23:30.408  5333  5333 I HuaweiIME: isPortrait-adjustOffset-r: 0
06-21 16:23:30.408  5333  5333 I HuaweiIME:  isNight : false
06-21 16:23:30.604 26509 26610 I chatty  : uid=1000(system) AsyncTask #2 expire 82 lines
06-21 16:23:30.933   757  3391 E LOGSERVER_UTILS: [Erecovery]readEvent: eRecEventManager readEvent 0
06-21 16:23:31.163 28499 28511 I chatty  : uid=1001(radio) Binder:28499_2 expire 3 lines
06-21 16:23:31.358  1644  1954 I chatty  : uid=10035(com.huawei.HwMultiScreenShot) KG_Face_Handle_ expire 11 lines
06-21 16:23:31.415   712   712 D vendor.huawei.hardware.biometrics.hwfacerecognize@1.1-service: COMMAND_SET_FACEDAEMON_RELEASE ret = -2147483648
06-21 16:23:31.415   712   712 D hal_facerecognize: face release
06-21 16:23:31.419   712   712 D hal_facerecognize_manager: releaseAlgorithm
06-21 16:23:31.451   643   643 E WifiHAL : enter wifi_get_link_stats
06-21 16:23:31.452  1644  1644 V HwKgdUM_FP: FingerPrint:: isUnlockingWithFingerprintAllowed getRemainingTime=0
06-21 16:23:31.452  1644  1644 D TimeKeeper: getTimeTickInfo:[mMillisUntilFinished:0, mHour:0, mMinute:0, mSecond:0]
06-21 16:23:31.454  1644  1644 W DisabledFeatureUtils: Dis-Feature : 0
06-21 16:23:31.454  1644  1644 W KG_FDT  : isFaceUnlockEnabled 2
06-21 16:23:31.454  1644  1644 D KG_Policy: getRemainingChance 5
06-21 16:23:31.454  1644  1644 I HwKeyguardUpdateMonitor: isFinger:true
06-21 16:23:31.455  1644  1644 W LockIcon: getState 0 <-> 0; fp running false
06-21 16:23:31.460  1644  1644 I ColorPickUitls: type = 2
06-21 16:23:31.460  1644  1644 I ColorPickUitls: not getLockAreaFontColor for type mismatching
06-21 16:23:31.460  1644  1644 W LockIcon: update state from 9 -->. 0
06-21 16:23:31.460  1644  1644 W LockIcon: cancelSuccAnimation cancel lock open animation
06-21 16:23:31.461  1644  1644 W DisabledFeatureUtils: Dis-Feature : 0
06-21 16:23:31.461  1644  1644 W KG_FDT  : isFaceUnlockEnabled 2
06-21 16:23:31.465  1644  1644 W HwKeyguardBottomArea: updateLockInfo  for type: 2 ShowCharging: false showLockIndication: true
06-21 16:23:31.466  1644  1644 W HwKeyguardBottomArea: updateLockInfo  for top margin: 105 <-- 105
06-21 16:23:31.467  1644  1644 W KG_FDT  : isFaceUnlockEnabled 2
06-21 16:23:31.467  1644  1644 W TAG_FDT : onFaceUnlockStateChanged 0 0
06-21 16:23:31.537   738  9056 I Pged-IPgedBinderService: ****action is 2, pid num is 3***
06-21 16:23:31.537   738  9056 I Pged-Freezer: thawPids
06-21 16:23:31.689   679   679 I aptouch_daemon: filter_touch_detect, down, in: 1, out: 1
06-21 16:23:31.863   734   734 E Thermal-daemon: [pa_0] temp_new :32  temp_old :31
06-21 16:23:31.866   734   734 E Thermal-daemon: Report temperature: [pa_0] temp :32  report_threshold:1
06-21 16:23:31.866   734   734 E Thermal-daemon: [Thermal_Hw] temperature_filter: temperature debounce
06-21 16:23:31.867   734   734 E Thermal-daemon: [ap] temp_new :47  temp_old :52
06-21 16:23:31.867   734   734 E Thermal-daemon: Report temperature: [ap] temp :47  report_threshold:1
06-21 16:23:31.951  1644  1644 W HwKeyguardBottomArea: KG_FDT mShowIndicationRunner
06-21 16:23:31.951  1644  1644 D HwKeyguardBottomArea: addLiftSensorView, threadname = main
06-21 16:23:31.951  1644  1644 D TimeKeeper: getTimeTickInfo:[mMillisUntilFinished:0, mHour:0, mMinute:0, mSecond:0]
06-21 16:23:31.951  1644  1644 V HwKgdUM_FP: FingerPrint:: isUnlockingWithFingerprintAllowed getRemainingTime=0
06-21 16:23:31.951  1644  1644 D TimeKeeper: getTimeTickInfo:[mMillisUntilFinished:0, mHour:0, mMinute:0, mSecond:0]
06-21 16:23:31.954  1644  1644 W DisabledFeatureUtils: Dis-Feature : 0
06-21 16:23:31.954  1644  1644 W KG_FDT  : isFaceUnlockEnabled 2
06-21 16:23:31.954  1644  1644 D KG_Policy: getRemainingChance 5
06-21 16:23:31.954  1644  1644 I HwKeyguardUpdateMonitor: isFinger:true
06-21 16:23:31.954  1644  1644 W LockIcon: getState 0 <-> 0; fp running false
06-21 16:23:31.954  1644  1644 W LockIcon: ignore hideView: false
06-21 16:23:31.972  1644  1644 W HwKgdBArea_BTY: updateBatteryInfo : false showBatteryInfo:  true isShowChargingFpDisplay:  false
06-21 16:23:31.972  1644  1644 W HwKeyguardBottomArea: KG_FDT ShowIndicationRunner finish
06-21 16:23:31.973   757  3391 E LOGSERVER_UTILS: [Erecovery]readEvent: eRecEventManager readEvent 0
06-21 16:23:31.974  1644  2116 W OpenGLRenderer: Incorrectly called buildLayer on View: RelativeLayout, destroying layer...
06-21 16:23:31.974  1644  1644 W HwKeyguardBottomArea: refresh Charge status layout when dp changed
06-21 16:23:32.189   679   679 I aptouch_daemon: filter_touch_detect, all_touch_up
06-21 16:23:32.279  1644  1644 W HwKeyguardBottomArea: ShowIndicationRunner End
06-21 16:23:32.353  1644  1834 I EventCenter: ContentChange for slot: 1
06-21 16:23:32.363  1644  1834 I chatty  : uid=10035(com.huawei.HwMultiScreenShot) KG_Background_H identical 12 lines
06-21 16:23:32.387  1644  1644 I chatty  : uid=10035(com.huawei.HwMultiScreenShot) com.android.systemui expire 2 lines
06-21 16:23:32.545   679   679 I aptouch_daemon: filter_touch_detect, down, in: 1, out: 1
06-21 16:23:32.693   679   679 I aptouch_daemon: filter_touch_detect, all_touch_up
06-21 16:23:32.786  1644  1644 I HwBrightnessUtils: APS brightness=42.0,ConvertToPercentage=0.3503527
06-21 16:23:32.786  1644  1834 I EventCenter: ContentChange for slot: 1
06-21 16:23:32.980  1644  1644 I HwBrightnessUtils: APS brightness=43.0,ConvertToPercentage=0.35544524
06-21 16:23:32.980  1644  1834 I EventCenter: ContentChange for slot: 1
06-21 16:23:33.014   757  3391 E LOGSERVER_UTILS: [Erecovery]readEvent: eRecEventManager readEvent 0
06-21 16:23:33.175  1644  1834 I EventCenter: ContentChange for slot: 1
06-21 16:23:33.180  1644  1834 I EventCenter: ContentChange for slot: 1
06-21 16:23:33.181  1644  1644 I HwBrightnessUtils: APS brightness=44.0,ConvertToPercentage=0.36048007
06-21 16:23:33.212  1305  1334 I chatty  : uid=1000(system) android.fg expire 5 lines
06-21 16:23:33.270  1644  1644 I Net.80443NetworkSpeedMa: mIsStop = false
06-21 16:23:33.272  1644  1774 I Net.80444NetworkSpeedMa:  runInThread getTetherStats
06-21 16:23:33.280  1644  1644 I Net.80444NetworkSpeedMa:  runInUI refreshSpeed
06-21 16:23:33.281  1644  1644 I Net.80444NetworkSpeedMa: value=0.0speed = 0.00K/smIsShowLastSpeedValuefalse
06-21 16:23:33.282  1644  1644 I NetworkSpeedView: /update(), speed=0.00K/s
06-21 16:23:33.283  1644  1644 I NetworkSpeedView: /update(), speed=0.00K/s
06-21 16:23:33.359  1644  1644 D NetWorkUtils: mVSimCurCardType is -1
06-21 16:23:33.362  1644  1644 D NetWorkUtils: mVSimCurCardType is -1
06-21 16:23:33.363  1644  1834 I EventCenter: ContentChange for slot: 1
06-21 16:23:33.371  1644  1834 I EventCenter: ContentChange for slot: 1
06-21 16:23:33.376  1644  1644 I HwBrightnessUtils: APS brightness=45.0,ConvertToPercentage=0.36545926
06-21 16:23:33.537  1644  1834 I EventCenter: ContentChange for slot: 1
06-21 16:23:33.540  1644  1834 I EventCenter: ContentChange for slot: 1
06-21 16:23:33.544  1644  1644 I HwBrightnessUtils: APS brightness=46.0,ConvertToPercentage=0.37038475
06-21 16:23:33.716  1644  1834 I EventCenter: ContentChange for slot: 1
06-21 16:23:33.720  1644  1834 I EventCenter: ContentChange for slot: 1
06-21 16:23:33.724  1644  1644 I HwBrightnessUtils: APS brightness=47.0,ConvertToPercentage=0.3752584
06-21 16:23:33.864  1305  1471 I chatty  : uid=1000(system) HWExtMotionServ expire 24 lines
06-21 16:23:33.896  1644  1834 I EventCenter: ContentChange for slot: 1
06-21 16:23:33.898  1644  1834 I EventCenter: ContentChange for slot: 1
06-21 16:23:33.899  1644  1644 I HwBrightnessUtils: APS brightness=48.0,ConvertToPercentage=0.3800819
06-21 16:23:34.032  1305 29044 I chatty  : uid=1000 system_server expire 3 lines
06-21 16:23:34.051   757  3391 E LOGSERVER_UTILS: [Erecovery]readEvent: eRecEventManager readEvent 0
06-21 16:23:34.062  1644  1834 I EventCenter: ContentChange for slot: 1
06-21 16:23:34.067  1644  1834 I EventCenter: ContentChange for slot: 1
06-21 16:23:34.070  1644  1644 I HwBrightnessUtils: APS brightness=49.0,ConvertToPercentage=0.38485694
06-21 16:23:34.150   679   679 I aptouch_daemon: filter_touch_detect, down, in: 1, out: 1
06-21 16:23:34.227  1644  1834 I EventCenter: ContentChange for slot: 1
06-21 16:23:34.236  1644  1644 I HwBrightnessUtils: APS brightness=50.0,ConvertToPercentage=0.38958505
06-21 16:23:34.248  1644  1834 I EventCenter: ContentChange for slot: 1
06-21 16:23:34.363  1644  1644 D NetWorkUtils: mVSimCurCardType is -1
06-21 16:23:34.365  1644  1644 D NetWorkUtils: mVSimCurCardType is -1
06-21 16:23:34.397  1644  1834 I EventCenter: ContentChange for slot: 1
06-21 16:23:34.404  1644  1644 I HwBrightnessUtils: APS brightness=51.0,ConvertToPercentage=0.39426768
06-21 16:23:34.404  1644  1834 I EventCenter: ContentChange for slot: 1
06-21 16:23:34.474   643   643 E WifiHAL : enter wifi_get_link_stats
06-21 16:23:34.559  1644  1834 I EventCenter: ContentChange for slot: 1
06-21 16:23:34.566  1644  1644 I HwBrightnessUtils: APS brightness=52.0,ConvertToPercentage=0.39890626
06-21 16:23:34.568  1644  1834 I EventCenter: ContentChange for slot: 1
06-21 16:23:34.659   679   679 I aptouch_daemon: filter_touch_detect, all_touch_up
06-21 16:23:34.726  1644  1834 I EventCenter: ContentChange for slot: 1
06-21 16:23:34.728  1644  1644 I HwBrightnessUtils: APS brightness=53.0,ConvertToPercentage=0.40350205
06-21 16:23:34.740  1644  1834 I EventCenter: ContentChange for slot: 1
06-21 16:23:34.877  1644  1834 I EventCenter: ContentChange for slot: 1
06-21 16:23:34.879  1644  1644 I HwBrightnessUtils: APS brightness=54.0,ConvertToPercentage=0.40805635
06-21 16:23:34.883  1644  1834 I EventCenter: ContentChange for slot: 1
06-21 16:23:35.024  1644  1834 I EventCenter: ContentChange for slot: 1
06-21 16:23:35.029  1644  1644 I HwBrightnessUtils: APS brightness=55.0,ConvertToPercentage=0.41257036
06-21 16:23:35.030  1644  1834 I EventCenter: ContentChange for slot: 1
06-21 16:23:35.086   757  3391 E LOGSERVER_UTILS: [Erecovery]readEvent: eRecEventManager readEvent 0
06-21 16:23:35.146   679   679 I aptouch_daemon: filter_touch_detect, down, in: 1, out: 1
06-21 16:23:35.164 20655  7749 I SocketReaderNew: SocketReader(10484) continue
06-21 16:23:35.167  1644  1834 I EventCenter: ContentChange for slot: 1
06-21 16:23:35.171  1644  1644 I HwBrightnessUtils: APS brightness=56.0,ConvertToPercentage=0.4170452
06-21 16:23:35.172  1644  1834 I EventCenter: ContentChange for slot: 1
06-21 16:23:35.177 20655  7749 D MSF.C.NetConnTag: MsfCoreSocketReaderNew closeConn readError
06-21 16:23:35.179 20655  7749 D MSF.C.NetConnTag: conn is already closed on readError
06-21 16:23:35.180 20655  7749 W System.err: java.net.SocketException: Socket is closed
06-21 16:23:35.192 20655  7749 W System.err: 	at java.net.Socket.getSoTimeout(Socket.java:1196)
06-21 16:23:35.192 20655  7749 W System.err: 	at com.tencent.qphone.base.util.MsfSocketInputBuffer.isDataAvailable(P:71)
06-21 16:23:35.192 20655  7749 W System.err: 	at com.tencent.mobileqq.msf.core.net.m$b.run(P:478)
06-21 16:23:35.192 20655  7749 I SocketReaderNew: SocketReader(10484) wait
06-21 16:23:35.285   679   679 I aptouch_daemon: filter_touch_detect, all_touch_up
06-21 16:23:35.311  1305  1339 I chatty  : uid=1000(system) PowerManagerSer expire 1 line
06-21 16:23:35.348 26509 26521 I chatty  : uid=1000(system) HeapTaskDaemon expire 1 line
06-21 16:23:35.366  1644  1644 D NetWorkUtils: mVSimCurCardType is -1
06-21 16:23:35.367  1644  1644 D NetWorkUtils: mVSimCurCardType is -1
06-21 16:23:35.376   679   679 I aptouch_daemon: filter_touch_detect, down, in: 1, out: 1
06-21 16:23:35.614   679   679 I aptouch_daemon: filter_touch_detect, all_touch_up
06-21 16:23:35.773  1644  1644 D DateTimeView: Change to single clock mode!
06-21 16:23:35.775  1644  1644 I ColorPickUitls: type = 2
06-21 16:23:35.775  1644  1644 D HwKeyguardBottomArea: RemoveDateTimeTopArea type:2
06-21 16:23:35.775  1644  1644 D HwKeyguardBottomArea: loadDateTimeArea type
06-21 16:23:35.775  1644  1644 D HwKeyguardBottomArea: removeLiftSensorView, threadname = main
06-21 16:23:35.775  1644  1644 D DateTimeView: Change to single clock mode!
06-21 16:23:35.776  1644  1644 I ColorPickUitls: type = 2
06-21 16:23:35.776  1644  1644 D HwKeyguardBottomArea: RemoveDateTimeTopArea type:2
06-21 16:23:35.776  1644  1644 D HwKeyguardBottomArea: loadDateTimeArea type
06-21 16:23:35.776  1644  1644 D HwKeyguardBottomArea: removeLiftSensorView, threadname = main
06-21 16:23:35.776  1644  1644 D DateTimeView: Change to single clock mode!
06-21 16:23:35.776  1644  1644 I ColorPickUitls: type = 2
06-21 16:23:35.776  1644  1644 D HwKeyguardBottomArea: RemoveDateTimeTopArea type:2
06-21 16:23:35.776  1644  1644 D HwKeyguardBottomArea: loadDateTimeArea type
06-21 16:23:35.776  1644  1644 D HwKeyguardBottomArea: removeLiftSensorView, threadname = main
06-21 16:23:36.105   757  3391 E LOGSERVER_UTILS: [Erecovery]readEvent: eRecEventManager readEvent 0
06-21 16:23:36.134   679   679 I aptouch_daemon: filter_touch_detect, down, in: 1, out: 1
06-21 16:23:36.216   679   679 I aptouch_daemon: filter_touch_detect, all_touch_up
06-21 16:23:36.238   722   820 I dubaid  : [ModemHandler.cpp] handleCustomized# Modem pmom log no response, force to finish balance(3), 2021-06-21 16:23:11
06-21 16:23:36.270  1644  1644 I Net.80444NetworkSpeedMa: mIsStop = false
06-21 16:23:36.271  1644  1774 I Net.80445NetworkSpeedMa:  runInThread getTetherStats
06-21 16:23:36.278  1644  1644 I Net.80445NetworkSpeedMa:  runInUI refreshSpeed
06-21 16:23:36.279  1644  1644 I Net.80445NetworkSpeedMa: value=67.333336speed = 67.3B/smIsShowLastSpeedValuefalse
06-21 16:23:36.279  1644  1644 I NetworkSpeedView: /update(), speed=67.3B/s
06-21 16:23:36.280  1644  1644 I NetworkSpeedView: /update(), speed=67.3B/s
06-21 16:23:36.303   649   892 D         : doWinFrameOptStatusRecog begin to recog Layer result=2
06-21 16:23:36.304  1305  1643 I chatty  : uid=1000(system) Binder:1305_5 expire 16 lines
06-21 16:23:36.334 26509 29045 I chatty  : uid=1000(system) com.android.settings expire 2 lines
06-21 16:23:36.370   649   649 D SurfaceFlinger: duplicate layer name: changing com.android.settings/com.android.settings.Settings$DevelopmentSettingsActivity to com.android.settings/com.android.settings.Settings$DevelopmentSettingsActivity#1
06-21 16:23:36.380   596  2145 I chatty  : uid=1000(system) HwBinder:596_2 expire 4 lines
06-21 16:23:36.383   596   596 I chatty  : uid=1000(system) allocator@2.0-s expire 1 line
06-21 16:23:36.388   596  2146 I chatty  : uid=1000(system) HwBinder:596_3 expire 1 line
06-21 16:23:36.449   757   919 W JankService: processEntry, not beta version or commercial log off
06-21 16:23:36.495   649   892 D         : doWinFrameOptStatusRecog begin to recog Layer result=2
06-21 16:23:36.505 20521 20539 D LogUtil_LogConfig: getLogFile(): logFilePath = /data/data/com.huawei.health/files/com.huawei.health/com.huawei.health_DaemonService/
06-21 16:23:36.511   649   892 D         : doWinFrameOptStatusRecog begin to recog Layer result=2
06-21 16:23:36.511 20521 20539 D LogUtil_LogConfig: obtainSavePath(): path = 1
06-21 16:23:36.513 20521 20539 D LogUtil_LogConfig: acquireMaxLogFileLengthContainsOffset describe: com.huawei.health:DaemonService result:5242880
06-21 16:23:36.868   734   734 E Thermal-daemon: [charger_ic] temp_new :34  temp_old :35
06-21 16:23:36.870   734   734 E Thermal-daemon: Report temperature: [charger_ic] temp :34  report_threshold:1
06-21 16:23:36.870  1644  1774 I HwMobileSignalController(0): subId:0 phoneType:2 networktype:13 targetClass:3 masterLevel:5 slaveLevel:5
06-21 16:23:36.871   734   734 E Thermal-daemon: [ap] temp_new :43  temp_old :47
06-21 16:23:36.872   564   630 E HwNetBoosterController: nb_send_nlmsg_to_kernel:socket not open
06-21 16:23:36.874   734   734 E Thermal-daemon: Report temperature: [ap] temp :43  report_threshold:1
06-21 16:23:37.146   757  3391 E LOGSERVER_UTILS: [Erecovery]readEvent: eRecEventManager readEvent 0
06-21 16:23:37.278   679   679 I aptouch_daemon: filter_touch_detect, down, in: 1, out: 1
06-21 16:23:37.359   679   679 I aptouch_daemon: filter_touch_detect, all_touch_up
06-21 16:23:37.394  1644  1644 D TintManager: navigationBarIconTint=99000000
06-21 16:23:37.478 26526 27533 E MtpServer: request read returned -1, errno: 5
06-21 16:23:37.482 26526 27533 I HwMtpServerExJNI: cleanup MtpServerEx
06-21 16:23:37.483 26526 27533 V MtpServerEx: destructor
06-21 16:23:37.484 26526 27533 V HwMtpServerExJNI: finalize
06-21 16:23:37.489 26526 27533 I StagefrightMediaScannerEx: StagefrightMediaScanner destructor
06-21 16:23:37.502   643   643 E WifiHAL : enter wifi_get_link_stats
06-21 16:23:37.567 20933 20933 I chatty  : uid=1000(system) com.huawei.powergenie expire 10 lines
06-21 16:23:37.577 20933 20995 I chatty  : uid=1000(system) ThermalTraceThr expire 6 lines
06-21 16:23:37.587 26526 26526 D MtpReceiver: Debug MTP:ACTION_USB_STATE 
06-21 16:23:37.590 26526 26526 D MtpReceiver: handleUsbState startService
06-21 16:23:37.590 26526 26526 D MtpReceiver: Debug MTP:srart MTP service 
06-21 16:23:37.590 26526 26585 D MediaProvider: fixParentIdIfNeeded called
06-21 16:23:37.603 26526 26526 D MtpService: starting MTP server in MTP mode with storage /storage/emulated/0 unlocked as user 0
06-21 16:23:37.610 26526 26526 I HWSERVICES: hwnative_get_component:libstagefright,Scanner
06-21 16:23:37.613 26526 26526 I StagefrightMediaScannerEx: StagefrightMediaScanner Constructor
06-21 16:23:37.623 26526 26526 D MediaScanner: setStorageEjectFlag flag = 0
06-21 16:23:37.625 26526 26526 D MediaScanner: totalMemoryGb 3, lowRamDevice falsemMaxFileCacheEntrySize = 90000
06-21 16:23:37.640 26526 26526 I MtpService: Couldn't get control FD!
06-21 16:23:37.640 26526 26526 I HWSERVICES: hwnative_get_component_mtpServer  comes...
06-21 16:23:37.644 26526 26526 V MtpServerEx: constructor
06-21 16:23:37.644 26526 26526 I HwMtpServerExJNI: set MtpServerEx 0x7a5667a200
06-21 16:23:37.644 26526 26526 I HwMtpServerExJNI: Finish to setup MtpServer
06-21 16:23:37.653 26526 26526 V MtpService: Adding MTP storage:/storage/emulated/0
06-21 16:23:37.655 29047 29052 I adbd    : initializing functionfs
06-21 16:23:37.655 29047 29052 I adbd    : opening control endpoint /dev/usb-ffs/adb/ep0
06-21 16:23:37.659 29047 29052 I adbd    : functionfs successfully initialized
06-21 16:23:37.659 29047 29052 I adbd    : registering usb transport
06-21 16:23:37.667 26526 26526 E MtpDatabase: addStorageId : 65537
06-21 16:23:37.667  2065  2156 I chatty  : uid=1000(system) Thread-2 expire 6 lines
06-21 16:23:37.668 26526 26526 E HwMtpServerExJNI: android_mtp_MtpServerEx_add_storage, line 175: descriptionStr = 内部存储
06-21 16:23:37.668 26526 26526 I HWSERVICES: hwnative_get_component_mtpStorage  comes...
06-21 16:23:37.670 26526 26526 E HWSERVICES: hwnative_get_component_mtpStorage error: undefined symbol: _Z27createMyComponentMtpStoragePvjPKcS1_mbm
06-21 16:23:37.783  1780  2209 I chatty  : uid=1000(system) UEventObserver expire 15 lines
06-21 16:23:37.792  1644  1644 I NotificationInflation1: start: entry=174749773
06-21 16:23:37.814   680   706 I HISEC   : [STATIC      ] static check started
06-21 16:23:37.834  1644  3196 I FakeShadowView: radius12
06-21 16:23:37.841  1644  1644 I NotificationInflation1: finish: entry=174749773
06-21 16:23:37.843  1644  1644 I NotificationInflation2: start: entry=174749773
06-21 16:23:37.843  1644  3242 I GlobalContext: Runnable for SerialExecutor
06-21 16:23:37.843  1644  3242 I NotificationInflation4: doInBackground is begin
06-21 16:23:37.845  1644  3242 I HwNotificationEx: new HwNotificationEx
06-21 16:23:37.845  1644  3242 I HwNotificationEx: isPureColorIcon
06-21 16:23:37.845  1644  3242 I HwNotificationEx: mHWColorUtil is null get it agin
06-21 16:23:37.847  1644  3242 I HwNotificationEx: isPureColorIcon
06-21 16:23:37.849  1644  3242 I chatty  : uid=10035(com.huawei.HwMultiScreenShot) SystemUIThreadF identical 7 lines
06-21 16:23:37.849  1644  1644 I chatty  : uid=10035(com.huawei.HwMultiScreenShot) com.android.systemui expire 2 lines
06-21 16:23:37.882  1644 27051 I chatty  : uid=10035(com.huawei.HwMultiScreenShot) InflaterThread expire 2 lines
06-21 16:23:37.884  1644 27049 I chatty  : uid=10035(com.huawei.HwMultiScreenShot) InflaterThread expire 2 lines
06-21 16:23:37.885  1644 27050 I chatty  : uid=10035(com.huawei.HwMultiScreenShot) InflaterThread expire 2 lines
06-21 16:23:37.885  1644 27048 I chatty  : uid=10035(com.huawei.HwMultiScreenShot) InflaterThread expire 2 lines
06-21 16:23:37.891 26526 26526 D MtpReceiver: Debug MTP:ACTION_USB_STATE 
06-21 16:23:37.909  1644 27051 I chatty  : uid=10035(com.huawei.HwMultiScreenShot) InflaterThread expire 2 lines
06-21 16:23:37.913  1644 27049 I chatty  : uid=10035(com.huawei.HwMultiScreenShot) InflaterThread expire 2 lines
06-21 16:23:37.915  1644 27050 I chatty  : uid=10035(com.huawei.HwMultiScreenShot) InflaterThread expire 2 lines
06-21 16:23:37.915  1644 27048 I chatty  : uid=10035(com.huawei.HwMultiScreenShot) InflaterThread expire 1 line
06-21 16:23:37.915  1644 27051 I chatty  : uid=10035(com.huawei.HwMultiScreenShot) InflaterThread expire 1 line
06-21 16:23:37.916  1644 27048 W HwPhoneLayoutInflater: onCreateView : ClassNotFoundException, In this case we want to let the base class take a crack at it
06-21 16:23:37.917   467   467 E OEMINFO_NVM_SERVER:  OeminfoRead:index(103), oeminfo data not find !!!!
06-21 16:23:37.918   467   467 E OEMINFO_NVM_SERVER:  OeminfoReadData, index(103) fail to read oeminfo
06-21 16:23:37.918   467   467 E OEMINFO_NVM_SERVER:  OinvCmdHandler: pid 680, operation oeminfo_read and ret -1 fail.
06-21 16:23:37.918   680   706 E OEMINFO_NVM_CLIENT: OinvRecvReturn: RET_FAIL return.
06-21 16:23:37.918   680   706 E OEMINFO_NVM_CLIENT: rmt_oeminfo_read: index(103) get data from server fail.
06-21 16:23:37.918  1644 27050 W HwPhoneLayoutInflater: onCreateView : ClassNotFoundException, In this case we want to let the base class take a crack at it
06-21 16:23:37.918  1644 27048 W HwPhoneLayoutInflater: onCreateView : ClassNotFoundException, In this case we want to let the base class take a crack at it
06-21 16:23:37.919  1644 27049 W HwPhoneLayoutInflater: onCreateView : ClassNotFoundException, In this case we want to let the base class take a crack at it
06-21 16:23:37.921  1644 27050 W HwPhoneLayoutInflater: onCreateView : ClassNotFoundException, In this case we want to let the base class take a crack at it
06-21 16:23:37.921  1644 27050 W HwPhoneLayoutInflater: onCreateView : ClassNotFoundException, In this case we want to let the base class take a crack at it
06-21 16:23:37.921  1644 27048 W HwPhoneLayoutInflater: onCreateView : ClassNotFoundException, In this case we want to let the base class take a crack at it
06-21 16:23:37.922  1644 27049 W HwPhoneLayoutInflater: onCreateView : ClassNotFoundException, In this case we want to let the base class take a crack at it
06-21 16:23:37.922  1644 27048 W HwPhoneLayoutInflater: onCreateView : ClassNotFoundException, In this case we want to let the base class take a crack at it
06-21 16:23:37.922  1644 27049 W HwPhoneLayoutInflater: onCreateView : ClassNotFoundException, In this case we want to let the base class take a crack at it
06-21 16:23:37.923  1644 27051 W HwPhoneLayoutInflater: onCreateView : ClassNotFoundException, In this case we want to let the base class take a crack at it
06-21 16:23:37.924  1644 27051 W HwPhoneLayoutInflater: onCreateView : ClassNotFoundException, In this case we want to let the base class take a crack at it
06-21 16:23:37.935   680   706 I HISEC   : [STATIC      ] static check started
06-21 16:23:37.939   680   703 I iMonitor: create: 940001000
06-21 16:23:37.939   680   703 I iMonitor: send: 940001000
06-21 16:23:37.940   680   703 I HISEC   : [ENGINE      ] upload threat succeed: name:usb-debug,stat:RISK,cred:Y,seq:422,table: 0 0 80000 2,errno:#1y,detail:"CONFIGURED"
06-21 16:23:37.955  1644 27048 W HwPhoneLayoutInflater: onCreateView : ClassNotFoundException, In this case we want to let the base class take a crack at it
06-21 16:23:37.961  1644 27048 I chatty  : uid=10035(com.huawei.HwMultiScreenShot) InflaterThread identical 5 lines
06-21 16:23:37.962  1644 27048 W HwPhoneLayoutInflater: onCreateView : ClassNotFoundException, In this case we want to let the base class take a crack at it
06-21 16:23:37.968  1644  1644 I NotificationInflation3: finish: entry=174749773
06-21 16:23:37.974  1644  1644 W NotificationViewHierarchyManager: updateNotificationShade activeNotificationSize=9;hasFaceDT: true; Detected:false
06-21 16:23:38.004 26526 26526 D MtpReceiver: Debug MTP:ACTION_USB_STATE 
06-21 16:23:38.005 26526 26526 D MtpReceiver: handleUsbState startService
06-21 16:23:38.005 26526 26526 D MtpReceiver: Debug MTP:srart MTP service 
06-21 16:23:38.014 26526 26526 D MtpService: Cannot launch second MTP server.
06-21 16:23:38.014 26509 26509 I chatty  : uid=1000(system) com.android.settings expire 64 lines
06-21 16:23:38.018   467   467 E OEMINFO_NVM_SERVER:  OeminfoRead:index(103), oeminfo data not find !!!!
06-21 16:23:38.018   467   467 E OEMINFO_NVM_SERVER:  OeminfoReadData, index(103) fail to read oeminfo
06-21 16:23:38.018   467   467 E OEMINFO_NVM_SERVER:  OinvCmdHandler: pid 680, operation oeminfo_read and ret -1 fail.
06-21 16:23:38.018   680   706 E OEMINFO_NVM_CLIENT: OinvRecvReturn: RET_FAIL return.
06-21 16:23:38.018   680   706 E OEMINFO_NVM_CLIENT: rmt_oeminfo_read: index(103) get data from server fail.
06-21 16:23:38.019 26526 29055 D MtpServer: doOpenSession ok
06-21 16:23:38.185   757  3391 E LOGSERVER_UTILS: [Erecovery]readEvent: eRecEventManager readEvent 0
06-21 16:23:38.214 26526 26585 D MediaProvider: fixParentIdIfNeeded called
06-21 16:23:38.630 29047 29047 I adbd    : Calling send_auth_request...
06-21 16:23:38.692 32056 32056 D BoundBrokerSvc: onUnbind: Intent { act=com.google.android.gms.instantapps.START pkg=com.google.android.gms }
06-21 16:23:38.709 32056 32056 D BoundBrokerSvc: onUnbind: Intent { act=com.google.android.gms.tapandpay.service.BIND cmp=com.google.android.gms/.chimera.PersistentApiService }
06-21 16:23:38.764  1644  1644 D NotificationEntryMgr: updateNotification(StatusBarNotification(pkg=com.android.settings user=UserHandle{0} id=1000002 tag=null key=0|com.android.settings|1000002|null|1000: Notification(channel=SETTINGS_USB pri=1 contentView=null vibrate=null sound=null tick defaults=0x0 flags=0x2 color=0x00000000 vis=PRIVATE)))
06-21 16:23:38.772  1644  1644 I NotificationInflation2: start: entry=215603411
06-21 16:23:38.773  1644  3242 I GlobalContext: Runnable for SerialExecutor
06-21 16:23:38.773  1644  3242 I NotificationInflation4: doInBackground is begin
06-21 16:23:38.775  1644  1644 W NotificationViewHierarchyManager: updateNotificationShade activeNotificationSize=9;hasFaceDT: true; Detected:false
06-21 16:23:38.777  1644  3242 I HwNotificationEx: new HwNotificationEx
06-21 16:23:38.777  1644  3242 I HwNotificationEx: isPureColorIcon
06-21 16:23:38.777  1644  3242 I HwNotificationEx: mHWColorUtil is null get it agin
06-21 16:23:38.778  1644  3242 I HwNotificationEx: isPureColorIcon
06-21 16:23:38.782  1644  3242 I HwNotificationEx: isPureColorIcon
06-21 16:23:38.783  1644  3242 I NotificationInflation5: doInBackground is end
06-21 16:23:38.799  1644  1644 I NotificationInflation2: finish: entry=215603411
06-21 16:23:38.800  1644  1644 I NotificationInflation3: start: entry=215603411
06-21 16:23:38.823  1644  1644 I NotificationInflation3: finish: entry=215603411
06-21 16:23:38.834 29047 29047 I adbd    : Loading keys from /data/misc/adb/adb_keys
06-21 16:23:38.841 29047 29047 I adbd    : adb client authorized
06-21 16:23:39.226   757  3391 E LOGSERVER_UTILS: [Erecovery]readEvent: eRecEventManager readEvent 0
06-21 16:23:39.272  1644  1644 I Net.80445NetworkSpeedMa: mIsStop = false
06-21 16:23:39.272  1644  1774 I Net.80446NetworkSpeedMa:  runInThread getTetherStats
06-21 16:23:39.276  1644  1644 I Net.80446NetworkSpeedMa:  runInUI refreshSpeed
06-21 16:23:39.277  1644  1644 I Net.80446NetworkSpeedMa: value=0.0speed = 0.00K/smIsShowLastSpeedValuefalse
06-21 16:23:39.277  1644  1644 I NetworkSpeedView: /update(), speed=0.00K/s
06-21 16:23:39.279  1644  1644 I NetworkSpeedView: /update(), speed=0.00K/s
06-21 16:23:39.501 32056 32056 D BoundBrokerSvc: onUnbind: Intent { act=com.google.android.gms.udc.service.START cmp=com.google.android.gms/.chimera.PersistentApiService }
06-21 16:23:40.266   757  3391 E LOGSERVER_UTILS: [Erecovery]readEvent: eRecEventManager readEvent 0
06-21 16:23:40.302 29071 29071 E JankService: child Thread receive to stop
06-21 16:23:40.421   757   918 E JankService: all data read ok
06-21 16:23:40.526   643   643 E WifiHAL : enter wifi_get_link_stats
06-21 16:23:41.296   757  3391 E LOGSERVER_UTILS: [Erecovery]readEvent: eRecEventManager readEvent 0
06-21 16:23:41.707   679   679 I aptouch_daemon: filter_touch_detect, down, in: 1, out: 1
06-21 16:23:41.708  1305  1474 I chatty  : uid=1000(system) InputReader expire 2 lines
06-21 16:23:41.878   734   734 E Thermal-daemon: [ap] temp_new :41  temp_old :43
06-21 16:23:41.883   734   734 E Thermal-daemon: Report temperature: [ap] temp :41  report_threshold:1
06-21 16:23:41.895  1644  1644 W KeyguardUpdateMonitor: ACTION_BATTERY_CHANGED AMP: 500000; Volt: 4896000
06-21 16:23:41.922  1644  1644 W MagazineUtils: check active connect, state = 1
06-21 16:23:41.923  1644  1644 I KgBattery: (last-new)Status: 1 -> 1, chargeState=1 * branch=5
06-21 16:23:41.925  1305  1305 I chatty  : uid=1000 system_server expire 30 lines
06-21 16:23:41.926  1644  1644 V KeyguardUpdateMonitor: RefreshBatteryInfo isBatteryLow: 100
06-21 16:23:41.926  1644  1644 W KeyguardUpdateMonitor: ChargingSpeed  Wattage: 2448000 ST: 5000000 --> 7500000
06-21 16:23:41.926  1644  1644 I KgBattery: BatteryInfo updated:  5lPC0
06-21 16:23:41.926  1644  1644 W AppHandler: sendMessage with obj100
06-21 16:23:41.926  1644  1644 I ColorPickUitls: type = 2
06-21 16:23:41.926  1644  1644 I ColorPickUitls: not getLockAreaFontColor for type mismatching
06-21 16:23:41.926  1644  1644 W KG_FDT  : isFaceUnlockEnabled 2
06-21 16:23:41.926  1644  1644 V KeyguardUpdateMonitor: RefreshBatteryInfo isBatteryLow: 100
06-21 16:23:41.927  1644  1644 W HwKgdBArea_BTY: updateBatteryInfo : false showBatteryInfo:  true isShowChargingFpDisplay:  false
06-21 16:23:41.927  1644  1644 W HwLockScreenPanel: Handle message: 100
06-21 16:23:41.927  1644  1644 W HwKgdBArea_BTY: updateBatteryInfo : false showBatteryInfo:  true isShowChargingFpDisplay:  false
06-21 16:23:41.928  1644  1644 W HwLockScreenPanel: refreshBatteryInfo: null
06-21 16:23:41.928  1644  1644 W HwKeyguardBottomArea: refresh Charge status layout when dp changed
06-21 16:23:41.929  1644  1644 W HwKeyguardBottomArea: refresh Charge status layout when dp changed
06-21 16:23:41.932  1644  1834 I KeyguardUtils: fpPath=sys/class/hw_power/charger/charge_data/chargerType, value=0
06-21 16:23:41.934  1644  1834 I KeyguardUtils: fpPath=sys/class/hw_power/charger/charge_data/chargerType, value=0
06-21 16:23:41.935  1644  1834 D KgBattery: BatteryInfo2: false; true; true; false; false; true
06-21 16:23:41.939  2065  2065 I chatty  : uid=1000(system) com.huawei.systemmanager:service expire 7 lines
06-21 16:23:41.943  1644  1834 W ExHandler: KG_Background_Handle_Thread running too long, use 15  { when=-15ms callback=com.android.keyguard.hwlockscreen.magazine.MagazineDetailView$3 target=com.huawei.keyguard.basetype.ExHandler }
06-21 16:23:42.039  1305 29076 I chatty  : uid=1000 system_server expire 1 line
06-21 16:23:42.039  1305  1495 I chatty  : uid=1000(system) WifiService expire 29 lines
06-21 16:23:42.084   679   679 I aptouch_daemon: filter_touch_detect, all_touch_up
06-21 16:23:42.273  1644  1644 I Net.80446NetworkSpeedMa: mIsStop = false
06-21 16:23:42.274  1644  1774 I Net.80447NetworkSpeedMa:  runInThread getTetherStats
06-21 16:23:42.277  1644  1644 I Net.80447NetworkSpeedMa:  runInUI refreshSpeed
06-21 16:23:42.279  1644  1644 I Net.80447NetworkSpeedMa: value=0.0speed = 0.00K/smIsShowLastSpeedValuefalse
06-21 16:23:42.279  1644  1644 I NetworkSpeedView: /update(), speed=0.00K/s
06-21 16:23:42.280  1644  1644 I NetworkSpeedView: /update(), speed=0.00K/s
06-21 16:23:42.291  1844  1978 I HwNaturalBase: [CommonHandler]: 36171Kb ram is used.
06-21 16:23:42.334   757  3391 E LOGSERVER_UTILS: [Erecovery]readEvent: eRecEventManager readEvent 0
06-21 16:23:42.886  1644  1774 I HwMobileSignalController(0): subId:0 phoneType:2 networktype:13 targetClass:3 masterLevel:5 slaveLevel:5
06-21 16:23:43.366   757  3391 E LOGSERVER_UTILS: [Erecovery]readEvent: eRecEventManager readEvent 0
06-21 16:23:43.548   643   643 E WifiHAL : enter wifi_get_link_stats
06-21 16:23:43.564  1305  1496 I chatty  : uid=1000(system) WifiStateMachin expire 7 lines
06-21 16:23:44.374   757  3391 E LOGSERVER_UTILS: [Erecovery]readEvent: eRecEventManager readEvent 0
06-21 16:23:44.494   564   619 D         : Received kernel message payload: chr_event 9
06-21 16:23:44.495   564   619 I         : netd received web stat infomation,trigger chr report!
06-21 16:23:44.495   564   619 I         : netd received web stat infomation,trigger chr report!
06-21 16:23:44.495   564   619 I         : ReportType 0 0 0 0 0 0 0 0 0 0 0 0 0 0 0 0 0 0 0 0 0 0 0 0 0 0 0 0 0 0 0 0 0 0 0 0 0 0 0 0 0 0 0 0 0 0 0 0 0 0 0 0 0 0 0 0 0 0 0 0 0 0 0 0 0 0 0 0 0 0 0 0 0 0 0 0 0 0 0 0 0 0 0 0 0 0 0 0 0 0 0 0 0 0 0 0 0 0 0 0 0 0 0 0 0 0 0 0 0 0 0 0 0 0 0 0 0 0 0 0 0 0 0 0 0 0 0 0 0 0 0 0 0 0 0 0 0 0 0 0 0 0 0 0 0 0 0 0 0 0 0 0 0 0 0 0 0 0 0 0 0 0 0 0 0 0 0 0 0 0 0 0 0 0 0 0 0 0 0 0 0 0 0 0 0 0 0 0 0 0 0 0 0 0 0 0 0 0 0 0 0 0 0 0 0 0 0 0 0 0 0 0 0 0 0 0 0 0 0 0 0 0 0 0 0 0 0 0 0 0 0 0 0 0 0 0 ReportType 0 6648 3504 25 0 0 25 135 24 0 0 1 0 0 109 14 11 1 0 27 0 0 840 864 6 0 0 6 13 8 6 0 0 0 0 0 8 0 5 0 0 0 0 0 0 0 0 0 0 0 0 0 0 0 0 0 0 0 0 0 119 0 0 0 0 0 3 0 0 0 0 0 0 0 3 0 0 0 0 0 0 0 0 0 0 0 0 0 0 0 0 0 0 0 0 0 0 0 0 0 0 0 0 0 0 0 0 0 0 0 0 0 0 0 0 0 0 0 0 0 0 0 0 0 0 0 0 0 0 0 0 0 0 0 0 0 131 0 0 0 0 0 3 0 0 0 0 0 0 0 3 0 0 0 0 0 0 0 0 0 0 0 0 0 0 0 0 0 0 0 0 0 0 0 0 0 0 0 0 0 0 0 0 0 0 0 0 0 0 0 0 0 0 0 0 0 0 0 0 0 0 0 0 0 0 0 0 0 0 0 0 0 186 3 50 528 52 116 0 0 0 0 0 0 0 0 1484 92 25 0 0 0 0 0 0 0
06-21 16:23:44.658   605  1526 E android.hardware.usb@1.0-service: uevent received SUBSYSTEM=dual_role_usb
06-21 16:23:44.659   605  1526 I android.hardware.usb@1.0-service: otg_default
06-21 16:23:44.661   605  1526 I android.hardware.usb@1.0-service: canChangeMode: 1 canChagedata: 1 canChangePower:1
06-21 16:23:44.704  1305  1471 I chatty  : uid=1000(system) HWExtMotionServ expire 12 lines
06-21 16:23:44.705  1305  1325 I chatty  : uid=1000(system) android.ui expire 7 lines
06-21 16:23:44.722 26526 29055 E MtpServer: request read returned -1, errno: 5
06-21 16:23:44.723 26526 29055 I HwMtpServerExJNI: cleanup MtpServerEx
06-21 16:23:44.723 26526 29055 V MtpServerEx: destructor
06-21 16:23:44.723 26526 29055 V HwMtpServerExJNI: finalize
06-21 16:23:44.723 26526 29055 I StagefrightMediaScannerEx: StagefrightMediaScanner destructor
06-21 16:23:44.730 29047 29054 E adbd    : aio: got error event on read total bufs 1: Cannot send after transport endpoint shutdown
06-21 16:23:44.730 29047 29053 E adbd    : aio: got error event on write total bufs 1: Cannot send after transport endpoint shutdown
