06-21 16:23:44.731 29047 29047 I adbd    : closing functionfs transport
06-21 16:23:44.751  1305  1447 I chatty  : uid=1000(system) HwBatteryServic expire 64 lines
06-21 16:23:44.751  1780  6488 I chatty  : uid=1000(system) Binder:1780_B expire 9 lines
06-21 16:23:44.752   635   635 D lights  : set_light_battery colorRGB=00000000, onMS=0, offMS=0 
06-21 16:23:44.767   643   643 E WifiHAL : enter wifi_get_link_stats
06-21 16:23:44.769   731 12208 D NuPlayerDriver: reset(0xf20a0320) at state 6
06-21 16:23:44.771   680   706 I HISEC   : [STATIC      ] static check started
06-21 16:23:44.775  4178  4178 W HiAction_IntelligentReceiver: TraceFlow.ruleManagerFlow: IntelligentReceiver:android.intent.action.ACTION_POWER_DISCONNECTED
06-21 16:23:44.779  4178  4178 W HiAction_ResouceUtil: getResourceSwitchStatus: true
06-21 16:23:44.788   731 12208 I GenericSource: GenericSource::disconnect begin
06-21 16:23:44.793  1305  1324 I chatty  : uid=1000(system) ActivityManager expire 1 line
06-21 16:23:44.796  1819  2076 I chatty  : uid=1000(system) OdmfCtrlThread expire 6 lines
06-21 16:23:44.798  5685  5685 I fwkit_kStore_alNew_PowerReceiver: enter PowerConnectChangeReceiver:android.intent.action.ACTION_POWER_DISCONNECTED
06-21 16:23:44.804   722  1413 E dubaid  : [DubaiUtils.h] parseMessage# Failed to find second tag: uid=
06-21 16:23:44.804   722  1413 E dubaid  : [SystemHandler.cpp] parsePartialWakelockAcquiredMessage# Failed to parse count: lock=138539959 tag=NlpWakeLock count=0
06-21 16:23:44.804   722  1413 E dubaid  : [SystemHandler.cpp] onPartialWakelockAcquireMessage# Failed to parse message
06-21 16:23:44.805  1644  1644 W KeyguardUpdateMonitor: ACTION_BATTERY_CHANGED AMP: 0; Volt: 0
06-21 16:23:44.806   731 12208 I GenericSource: GenericSource::disconnect end
06-21 16:23:44.806   731 12208 D NuPlayer: NuPlayer::resetAsync() post kWhatReset
06-21 16:23:44.813   731 27015 I NuPlayer: kWhatReset
06-21 16:23:44.813   731 27015 I NuPlayer: updatePlaybackTimer(stop)  time                    0 (kWhatReset)
06-21 16:23:44.813   731 27015 I NuPlayer: updateRebufferingTimer(stop)  time                    0 (exiting 1)
06-21 16:23:44.813   731 27015 I NuPlayer: performDecoderFlush audio=2, video=2
06-21 16:23:44.813   731 27015 I NuPlayer: [audio] flushDecoder needShutdown=1
06-21 16:23:44.814   731 27015 I NuPlayer: postponing action mFlushingAudio=2, mFlushingVideo=0
06-21 16:23:44.817  4178  4178 W HiAction_IntelligentReceiver: TraceFlow.ruleManagerFlow: agreement is ok, then check intellgentUpdate conditions
06-21 16:23:44.820  1305  1563 I chatty  : uid=1000(system) HwWMStateMachin expire 4 lines
06-21 16:23:44.833   722   808 I dubaid  : [BatteryHandler.cpp] onBatteryChanged# Battery charge state: 0, type: 0
06-21 16:23:44.834  1644  1644 W MagazineUtils: check active connect, state = 1
06-21 16:23:44.835 29047 29052 I adbd    : initializing functionfs
06-21 16:23:44.836 29047 29052 E adbd    : cannot open bulk-out endpoint /dev/usb-ffs/adb/ep1: No such file or directory
06-21 16:23:44.836  1644  1644 W ChargingAnimController: Remove charging skip as not exist
06-21 16:23:44.836  1644  1644 I KgBattery: (last-new)Status: 1 -> null, chargeState=0 * branch=3
06-21 16:23:44.840  1644  1644 I KeyguardUtils: fpPath=sys/class/hw_power/charger/charge_data/chargerType, value=5
06-21 16:23:44.842  1644  1644 I KeyguardUtils: fpPath=sys/class/hw_power/charger/charge_data/chargerType, value=5
06-21 16:23:44.842   731 27015 I NuPlayer: renderer audio flush completed.
06-21 16:23:44.844  1644  1644 I KeyguardUtils: fpPath=sys/class/hw_power/charger/charge_data/chargerType, value=5
06-21 16:23:44.844  1644  1644 V KeyguardUpdateMonitor: RefreshBatteryInfo isBatteryLow: 100
06-21 16:23:44.844  1644  1644 W KeyguardUpdateMonitor: ChargingSpeed  Wattage: -1 ST: 5000000 --> 7500000
06-21 16:23:44.844  1644  1644 I KgBattery: BatteryInfo updated:  3lpC-1
06-21 16:23:44.844  1644  1644 W AppHandler: sendMessage with obj100
06-21 16:23:44.844  1644  1644 I ColorPickUitls: type = 2
06-21 16:23:44.844  1644  1644 I ColorPickUitls: not getLockAreaFontColor for type mismatching
06-21 16:23:44.844  1644  1644 W KG_FDT  : isFaceUnlockEnabled 2
06-21 16:23:44.844  1644  1644 V KeyguardUpdateMonitor: RefreshBatteryInfo isBatteryLow: 100
06-21 16:23:44.845  1644  1644 V KeyguardUpdateMonitor: RefreshBatteryInfo isBatteryLow: 100
06-21 16:23:44.845  1644  1644 W HwKgdBArea_BTY: updateBatteryInfo : false showBatteryInfo:  false isShowChargingFpDisplay:  false
06-21 16:23:44.845  1644  1644 I HwKeyguardUpdateMonitor: face detect wakeupreason = android:USB-PlugOut F-Enable<F> Finger<F>
06-21 16:23:44.845  1644  1644 I HwKeyguardUpdateMonitor: ??? faceDetectWithWakingUp skiped: false false
06-21 16:23:44.845  1644  1644 W HwKeyguardUpdateMonitor: updateFaceDetectState to : 16
06-21 16:23:44.845  1644  1644 W HwKeyguardUpdateMonitor: ChangingStat onDataChanged
06-21 16:23:44.846  1644  1644 D TimeKeeper: getTimeTickInfo:[mMillisUntilFinished:0, mHour:0, mMinute:0, mSecond:0]
06-21 16:23:44.846  1644  1644 W DisabledFeatureUtils: Dis-Feature : 0
06-21 16:23:44.846  1644  1644 W KG_FDT  : isFaceUnlockEnabled 2
06-21 16:23:44.846  1644  1644 D TimeKeeper: getTimeTickInfo:[mMillisUntilFinished:0, mHour:0, mMinute:0, mSecond:0]
06-21 16:23:44.846  1644  1644 V HwKgdUM_FP: FingerPrint:: isUnlockingWithFingerprintAllowed getRemainingTime=0
06-21 16:23:44.846  1644  1644 D TimeKeeper: getTimeTickInfo:[mMillisUntilFinished:0, mHour:0, mMinute:0, mSecond:0]
06-21 16:23:44.846  1644  1644 I KeyguardSecurityView: Strong auth required, reason: 105
06-21 16:23:44.847  1644  1644 D KG_Policy: getRemainingChance 5
06-21 16:23:44.847  1644  1644 D KG_Policy: getRemainingChance 5
06-21 16:23:44.847  1644  1644 I HwKeyguardUpdateMonitor: isFinger:false
06-21 16:23:44.850  1644  1644 W KeyguardBouncer: setExtPromptReason to : 105, update = false
06-21 16:23:44.850  1644  1644 W KG_FDT  : HwKeyguardBottomArea onFaceUnlockStateChanged
06-21 16:23:44.850  1644  1644 W LockIcon: ignore hideView: false
06-21 16:23:44.850  1644  1644 W HwKeyguardBottomArea: updateLockInfo  for type: 2 ShowCharging: false showLockIndication: true
06-21 16:23:44.850  1644  1644 W HwKeyguardBottomArea: updateLockInfo  for top margin: 105 <-- 105
06-21 16:23:44.850  1644  1644 W KG_FDT  : isFaceUnlockEnabled 2
06-21 16:23:44.850  1644  1644 W TAG_FDT : onFaceUnlockStateChanged 16 0
06-21 16:23:44.855  1644  1644 W HwLockScreenPanel: Handle message: 100
06-21 16:23:44.855  1644  1644 W HwKgdBArea_BTY: updateBatteryInfo : false showBatteryInfo:  false isShowChargingFpDisplay:  false
06-21 16:23:44.856  1644  1644 W HwLockScreenPanel: refreshBatteryInfo: null
06-21 16:23:44.856  1644  1644 W HwKeyguardBottomArea: refresh Charge status layout when dp changed
06-21 16:23:44.857  1644  1644 W HwKeyguardBottomArea: refresh Charge status layout when dp changed
06-21 16:23:44.868  4178  4178 I HiAction_IntelligentReceiver: unRegistListener ,listener is null
06-21 16:23:44.879  1844  4817 I HwNaturalBase: [Binder:1844_6]: KvServiceCore registerObserver userId is 0
06-21 16:23:44.879  1844  4817 I HwNaturalBase: [Binder:1844_6]: KvDatamanager KvStoreProxy getKvStore userId is 0
06-21 16:23:44.881  1844  4817 I HwNaturalBase: [Binder:1844_6]: KvDatamanager KvStoreProxy getKvStore userId is 0
06-21 16:23:44.881  1844  4817 I HwNaturalBase: [Binder:1844_6]: KvDataManager put userId is 0
06-21 16:23:44.881  1844  4817 D HwNaturalBase: [Binder:1844_6]: put
06-21 16:23:44.886   731 27015 I NuPlayer: decoder audio flush completed
06-21 16:23:44.886   731 27015 I NuPlayer: initiating audio decoder shutdown
06-21 16:23:44.887 26526 26526 D AutoCache: onReceive intent=Intent { act=android.intent.action.ACTION_POWER_DISCONNECTED flg=0x4000010 (has extras) } action=android.intent.action.ACTION_POWER_DISCONNECTED
06-21 16:23:44.889   731 27023 W ACodec  : forcing OMX state to Idle when received shutdown in ExecutingState
06-21 16:23:44.889   737 27028 W SimpleSoftOMXComponent: onChangeState mState= 3, mTargetState = 3, state = 2
06-21 16:23:44.890   737 27028 W SimpleSoftOMXComponent: onChangeState mState= 2, mTargetState = 2, state = 1
06-21 16:23:44.890   737 27028 W SimpleSoftOMXComponent: checkTransitions port buf count is not zero
06-21 16:23:44.890   737 10670 W SimpleSoftOMXComponent: checkTransitions port buf count is not zero
06-21 16:23:44.891   722  1413 E dubaid  : [SystemHandler.cpp] onPartialWakelockReleaseMessage# Already released, lock: 138539959
06-21 16:23:44.892   737 10670 W SimpleSoftOMXComponent: checkTransitions port buf count is not zero
06-21 16:23:44.893   737 10670 I chatty  : uid=1046(mediacodec) HwBinder:737_F identical 1 line
06-21 16:23:44.893   737 10670 W SimpleSoftOMXComponent: checkTransitions port buf count is not zero
06-21 16:23:44.894   737  2743 W SimpleSoftOMXComponent: checkTransitions port buf count is not zero
06-21 16:23:44.895   737 27747 W SimpleSoftOMXComponent: checkTransitions port buf count is not zero
06-21 16:23:44.895   737 17580 W SimpleSoftOMXComponent: checkTransitions port buf count is not zero
06-21 16:23:44.895   737 32333 W SimpleSoftOMXComponent: checkTransitions mState = 2, mTargetState = 1
06-21 16:23:44.896   737 10670 I OMXNodeInstance: change state and then freeNode, handle = 0xf158e2e0
06-21 16:23:44.901   737 10670 I OMXNodeInstance: OMXNodeInstance going away.
06-21 16:23:44.903  2065  2148 I chatty  : uid=1000(system) Thread-2 expire 91 lines
06-21 16:23:44.904  1844  4817 I HwNaturalBase: [Binder:1844_6]: checkPermission start
06-21 16:23:44.904  1844  4817 I HwNaturalBase: [Binder:1844_6]: checkOwnerAndPrimaryKey true.
06-21 16:23:44.904  1844  4817 I HwNaturalBase: [Binder:1844_6]: oldRecord is not null
06-21 16:23:44.904  1844  4817 D HwNaturalBase: [Binder:1844_6]: updateValueByKey
06-21 16:23:44.904  1844  4817 I HwNaturalBase: [Binder:1844_6]: remove the old of charging_status
06-21 16:23:44.904  1844  4817 I HwNaturalBase: [Binder:1844_6]: add the new of charging_status
06-21 16:23:44.914   731 27015 I NuPlayer: audio shutdown completed
06-21 16:23:44.915   731 27015 I NuPlayer: both audio and video are flushed now.
06-21 16:23:44.915   731 27015 D NuPlayer: closeAudioSink
06-21 16:23:44.920   646   646 D AudioFlinger: Destroy Track session=20737 uid=1000 type=1 rate=48000 format=1 channel=3
06-21 16:23:44.922   565   565 I Zygote  : say something before unblock SIGCHLD, uid: 10032 pid: 29086, do not delete this log!
06-21 16:23:44.925   646 16086 D AudioFlinger: event 163 
06-21 16:23:44.927   731 27015 D NuPlayer: performReset
06-21 16:23:44.927   731 27015 I NuPlayer: updatePlaybackTimer(stop)  time                    0 (performReset)
06-21 16:23:44.927   731 27015 I NuPlayer: updateRebufferingTimer(stop)  time                    0 (exiting 1)
06-21 16:23:44.927   731 27015 I NuPlayerRenderer: This video has played 0 frames
06-21 16:23:44.927   731 27015 D GenericSource: ~GenericSource
06-21 16:23:44.928   731 27015 I GenericSource: resetDataSource
06-21 16:23:44.928 29086 29086 I uawei.appmarke: Reinit property: dalvik.vm.checkjni= false
06-21 16:23:44.931 29086 29086 E uawei.appmarke: Not starting debugger since process cannot load the jdwp agent.
06-21 16:23:44.936   646  1192 I AudioMixer: Pid:646 deleteTrackName(1)
06-21 16:23:44.940 29086 29086 D ZrHung.AppEyeUiProbe: AppEyeUIP created.
06-21 16:23:44.941   731 27015 D NuPlayerDriver: notifyResetComplete(0xf20a0320)
06-21 16:23:44.942   731 12208 E MediaPlayerService: getDuration returned -2147483648
06-21 16:23:44.942   731 12208 D NuPlayerDriver: reset(0xf20a0320) at state 0
06-21 16:23:44.942   731 12208 I NuPlayer: updateInternalTimers()
06-21 16:23:44.943   731 12208 I NuPlayer: updatePlaybackTimer(snap)  time                    0 (updateInternalTimers)
06-21 16:23:44.943   731 12208 I NuPlayer: updateRebufferingTimer(snap)  time                    0 (exiting 0)
06-21 16:23:44.943   731 12208 W AMessage: failed to post message as target looper for handler 0 is gone.
06-21 16:23:44.945  1780  7028 I chatty  : uid=1000(system) Binder:1780_6 expire 3 lines
06-21 16:23:44.946   646   646 D AudioFlinger: event 163 
06-21 16:23:44.948 20933 20986 I chatty  : uid=1000(system) HookHub expire 3 lines
06-21 16:23:44.953   641   641 I chatty  : uid=1000(system) power@1.0-servi expire 5 lines
06-21 16:23:44.959   467   467 E OEMINFO_NVM_SERVER:  OeminfoRead:index(103), oeminfo data not find !!!!
06-21 16:23:44.960   467   467 E OEMINFO_NVM_SERVER:  OeminfoReadData, index(103) fail to read oeminfo
06-21 16:23:44.960   467   467 E OEMINFO_NVM_SERVER:  OinvCmdHandler: pid 680, operation oeminfo_read and ret -1 fail.
06-21 16:23:44.960   680   706 E OEMINFO_NVM_CLIENT: OinvRecvReturn: RET_FAIL return.
06-21 16:23:44.960   680   706 E OEMINFO_NVM_CLIENT: rmt_oeminfo_read: index(103) get data from server fail.
06-21 16:23:44.972   722  1413 E dubaid  : [DubaiUtils.h] parseMessage# Failed to find second tag: uid=
06-21 16:23:44.972   722  1413 E dubaid  : [SystemHandler.cpp] parsePartialWakelockAcquiredMessage# Failed to parse count: lock=217766978 tag=Wakeful StateMachine: GeofencerStateMachine count=0
06-21 16:23:44.972   722  1413 E dubaid  : [SystemHandler.cpp] onPartialWakelockAcquireMessage# Failed to parse message
06-21 16:23:44.972   722  1413 E dubaid  : [SystemHandler.cpp] onPartialWakelockReleaseMessage# Already released, lock: 217766978
06-21 16:23:44.976   641   641 E         : [hw_comm_get_power_state] test_scene: batt_cycle
06-21 16:23:44.976   641   641 E         : [hw_comm_get_power_state] test_scene: 27, result: 20
06-21 16:23:44.976   641   641 E         :  
06-21 16:23:44.980  2065 26998 I chatty  : uid=1000(system) com.huawei.systemmanager:service expire 16 lines
06-21 16:23:44.996   641   641 I Legacy PowerHAL: get_number_of_platform_modes
06-21 16:23:44.996   641   641 I Legacy PowerHAL: get_voter_list!
06-21 16:23:44.996   641   641 I Legacy PowerHAL: get_platform_low_power_stats update list
06-21 16:23:45.011 26526 26526 V AutoCache: unRegisterPowerBroadcastReceiver: sPowerRegisterState is false, cxt is android.app.Application@83cb4ce
06-21 16:23:45.039   641   641 E         : [hw_comm_set_power_state] test_scene: soc_control, value: 1 95 100 1 1
06-21 16:23:45.051   722  1413 E dubaid  : [DubaiUtils.h] parseMessage# Failed to find second tag: uid=
06-21 16:23:45.051   722  1413 E dubaid  : [SystemHandler.cpp] parsePartialWakelockAcquiredMessage# Failed to parse count: lock=2313574 tag=IntentOp:.common.broadcast.BackgroundBroadcastReceiverSupport$PersistentReceiverIntentOperation count=0
06-21 16:23:45.051  2065  2368 I chatty  : uid=1000(system) BgPowerManagerS expire 4 lines
06-21 16:23:45.051   722  1413 E dubaid  : [SystemHandler.cpp] onPartialWakelockAcquireMessage# Failed to parse message
06-21 16:23:45.056   722  1413 E dubaid  : [SystemHandler.cpp] onPartialWakelockReleaseMessage# Already released, lock: 2313574
06-21 16:23:45.061 29086 29102 I HwApiCacheMangerEx: apicache path=/storage/emulated/0 state=mounted key=com.huawei.appmarket#10032#256
06-21 16:23:45.062 29086 29102 I HwApiCacheMangerEx: apicache path=/storage/emulated/0 state=mounted key=com.huawei.appmarket#10032#0
06-21 16:23:45.066 29086 29086 I uawei.appmarke: The ClassLoaderContext is a special shared library.
06-21 16:23:45.068 29086 29086 I uawei.appmarke: The ClassLoaderContext is a special shared library.
06-21 16:23:45.070 29086 29102 I HwLogExceptionInner: Log blacklist 
06-21 16:23:45.100 20933 20999 I chatty  : uid=1000(system) android.bg expire 1 line
06-21 16:23:45.179 29086 29086 I uawei.appmarke: QarthPatchMonintor::Init
06-21 16:23:45.180 29086 29086 I uawei.appmarke: 
06-21 16:23:45.180 29086 29086 I uawei.appmarke: QarthPatchMonintor::StartWatch
06-21 16:23:45.180 29086 29086 I uawei.appmarke: 
06-21 16:23:45.180 29086 29086 I uawei.appmarke: QarthPatchMonintor::WatchPackage: /data/hotpatch/fwkhotpatch/
06-21 16:23:45.180 29086 29086 I uawei.appmarke: 
06-21 16:23:45.180 29086 29086 I uawei.appmarke: QarthPatchMonintor::CheckAndWatchPatch: /data/hotpatch/fwkhotpatch/com.huawei.appmarket
06-21 16:23:45.180 29086 29086 I uawei.appmarke: 
06-21 16:23:45.180 29086 29086 I uawei.appmarke: QarthPatchMonintor::CheckAndWatchPatch: /data/hotpatch/fwkhotpatch/all
06-21 16:23:45.180 29086 29086 I uawei.appmarke: 
06-21 16:23:45.180 29086 29086 I uawei.appmarke: QarthPatchMonintor::Run
06-21 16:23:45.180 29086 29086 I uawei.appmarke: 
06-21 16:23:45.180 29086 29106 I uawei.appmarke: QarthPatchMonintor::Reading
06-21 16:23:45.180 29086 29106 I uawei.appmarke: 
06-21 16:23:45.180 29086 29106 I uawei.appmarke: QarthPatchMonintor::CheckNotifyEvent
06-21 16:23:45.180 29086 29106 I uawei.appmarke: 
06-21 16:23:45.180 29086 29106 I uawei.appmarke: QarthPatchMonintor::CheckNotifyEvent before read
06-21 16:23:45.180 29086 29106 I uawei.appmarke: 
06-21 16:23:45.216   514   514 I chatty  : uid=1000(system) keymaster@3.0-s expire 80 lines
06-21 16:23:45.273  1644  1644 I Net.80447NetworkSpeedMa: mIsStop = false
06-21 16:23:45.273  1644  1774 I Net.80448NetworkSpeedMa:  runInThread getTetherStats
06-21 16:23:45.273 29086 29086 I HiApp   : HiApp init sdk version:1.1
06-21 16:23:45.275  1644  1644 I Net.80448NetworkSpeedMa:  runInUI refreshSpeed
06-21 16:23:45.275  1644  1644 I Net.80448NetworkSpeedMa: value=0.0speed = 0.00K/smIsShowLastSpeedValuefalse
06-21 16:23:45.275  1644  1644 I NetworkSpeedView: /update(), speed=0.00K/s
06-21 16:23:45.276  1644  1644 I NetworkSpeedView: /update(), speed=0.00K/s
06-21 16:23:45.277 28546 28707 I chatty  : uid=1001(radio) HiAnalyticsSDK- expire 1 line
06-21 16:23:45.306 29086 29086 I SecurityComp10105306: EncryptUtil: setBouncycastleFlag: true
06-21 16:23:45.307  1644  1834 W ExHandler: KG_Background_Handle_Thread running too long, use 12  { when=-12ms callback=com.huawei.keyguard.support.OucScreenOnCounter$1 target=com.huawei.keyguard.basetype.ExHandler }
06-21 16:23:45.332 29086 29086 W SQLiteCompatibilityWalFlags: Cannot read global setting sqlite_compatibility_wal_flags - Application state not available
06-21 16:23:45.350  1644  1644 W HwKeyguardBottomArea: KG_FDT mShowIndicationRunner
06-21 16:23:45.351  1644  1644 D HwKeyguardBottomArea: addLiftSensorView, threadname = main
06-21 16:23:45.351  1644  1644 D TimeKeeper: getTimeTickInfo:[mMillisUntilFinished:0, mHour:0, mMinute:0, mSecond:0]
06-21 16:23:45.351  1644  1644 V HwKgdUM_FP: FingerPrint:: isUnlockingWithFingerprintAllowed getRemainingTime=0
06-21 16:23:45.351  1644  1644 D TimeKeeper: getTimeTickInfo:[mMillisUntilFinished:0, mHour:0, mMinute:0, mSecond:0]
06-21 16:23:45.352  1644  1644 W DisabledFeatureUtils: Dis-Feature : 0
06-21 16:23:45.352  1644  1644 W KG_FDT  : isFaceUnlockEnabled 2
06-21 16:23:45.352  1644  1644 D KG_Policy: getRemainingChance 5
06-21 16:23:45.352  1644  1644 I HwKeyguardUpdateMonitor: isFinger:false
06-21 16:23:45.354  1644  1644 I ColorPickUitls: type = 2
06-21 16:23:45.354  1644  1644 I ColorPickUitls: not getLockAreaFontColor for type mismatching
06-21 16:23:45.354  1644  1644 W LockIcon: update state from 0 -->. 10
06-21 16:23:45.354  1644  1644 W LockIcon: cancelSuccAnimation cancel lock open animation
06-21 16:23:45.355  1644  1644 W DisabledFeatureUtils: Dis-Feature : 0
06-21 16:23:45.355  1644  1644 W KG_FDT  : isFaceUnlockEnabled 2
06-21 16:23:45.355  1644  1644 W KG_FDT  : isFaceUnlockEnabled 2
06-21 16:23:45.355  1644  1644 W LockIcon: ignore hideView: false
06-21 16:23:45.355  1644  1644 W HwKeyguardBottomArea: KG_FDT skip mLockHintText.getVisibility()
06-21 16:23:45.368   467   467 E OEMINFO_NVM_SERVER:  OeminfoGetInfo:index(155), oeminfo data not find !!!!
06-21 16:23:45.369   467   467 E OEMINFO_NVM_SERVER:  OeminfoReturnInfo: oeminfo return info fail.
06-21 16:23:45.369   467   467 E OEMINFO_NVM_SERVER:  OinvCmdHandler: pid 506, operation oeminfo_getinfo and ret -1 fail.
06-21 16:23:45.369   506   506 I chatty  : uid=1000(system) hwfactoryinterf expire 76 lines
06-21 16:23:45.398 29086 29086 I SecurityComp10105306: Emui10RootDetect: OS is lower than Emui 10.
06-21 16:23:45.401 29086 29086 I AegisSecComp: JNI_OnLoad begins
06-21 16:23:45.401 29086 29086 I AegisSecComp: Begin to registerNativeMethods
06-21 16:23:45.401 29086 29086 I AegisSecComp: return JNI_VERSION_1_6
06-21 16:23:45.401 28546 29113 I chatty  : uid=1001(radio) HiAnalyticsSDK- expire 11 lines
06-21 16:23:45.407 29086 29102 I AwareBitmapCacher: init processName:com.huawei.appmarket pid=29086 uid=10032
06-21 16:23:45.409 29086 29115 I SecurityComp10105306: Emui10RootDetect: OS is lower than Emui 10.
06-21 16:23:45.414   757  3391 E LOGSERVER_UTILS: [Erecovery]readEvent: eRecEventManager readEvent 0
06-21 16:23:45.414 29086 29110 E HiApp.HUKSUtil: pool-5-thread-1{44520} <<< ERROR >>> getCertificateChain InvocationTargetException
06-21 16:23:45.415 29086 29110 E HiApp.HUKSUtil: pool-5-thread-1{44520} <<< ERROR >>> X509Certificate is null!
06-21 16:23:45.418  1644  1644 D NotificationEntryMgr: updateNotification(StatusBarNotification(pkg=com.android.settings user=UserHandle{0} id=1000002 tag=null key=0|com.android.settings|1000002|null|1000: Notification(channel=SETTINGS_USB pri=1 contentView=null vibrate=null sound=null tick defaults=0x0 flags=0x2 color=0x00000000 vis=PRIVATE)))
06-21 16:23:45.424  1644  1644 I NotificationInflation2: start: entry=215603411
06-21 16:23:45.425  1644  3242 I GlobalContext: Runnable for SerialExecutor
06-21 16:23:45.425  1644  3242 I NotificationInflation4: doInBackground is begin
06-21 16:23:45.426  1644  1644 W NotificationViewHierarchyManager: updateNotificationShade activeNotificationSize=9;hasFaceDT: true; Detected:false
06-21 16:23:45.426 28546 29118 I chatty  : uid=1001(radio) AsyncTask #1 expire 4 lines
06-21 16:23:45.428  1644  3242 I HwNotificationEx: new HwNotificationEx
06-21 16:23:45.428  1644  3242 I HwNotificationEx: isPureColorIcon
06-21 16:23:45.428  1644  3242 I HwNotificationEx: mHWColorUtil is null get it agin
06-21 16:23:45.428  1644  3242 I HwNotificationEx: isPureColorIcon
06-21 16:23:45.430  1644  3242 I HwNotificationEx: isPureColorIcon
06-21 16:23:45.431  1644  3242 I NotificationInflation5: doInBackground is end
06-21 16:23:45.448  5685 19142 I cmh     : [I/hmstss/cmh 5685:25908 SourceFile:104] lastQueryTime is 1624221710198
06-21 16:23:45.449  5685 19142 D SharFileContentProvider: context parent Path = /data/user_de/0/com.huawei.hwid
06-21 16:23:45.450  1644  1644 I NotificationInflation2: finish: entry=215603411
06-21 16:23:45.450  1644  1644 I NotificationInflation3: start: entry=215603411
06-21 16:23:45.474  1644  1644 I NotificationInflation3: finish: entry=215603411
06-21 16:23:45.479 29086 29086 E MLInitializerProvider: MLInitializerProvider Done
06-21 16:23:45.480 29086 29086 I AGConnectProvider: AGConnectInitializeProvider#onCreate
06-21 16:23:45.480 29086 29086 I AGConnectInstance: AGConnectInstance#initialize
06-21 16:23:45.480 29086 29086 I ServiceRegistrarParser: getServices
06-21 16:23:45.481 29086 29086 I ServiceRegistrarParser: services:0
06-21 16:23:45.512 29086 29086 I SecurityComp10105306: AesGcmKS: load key
06-21 16:23:45.685 29086 29110 W HiApp.AGUiKit/HwDisplaySafeInsetsUtils: main{1} <<< WARN >>> the version sdk api < 28, need not get display safe insets.
06-21 16:23:45.749  1644  1644 I FloatNotificationManager: removeNotification: key =-1|android|26|null|1000;mKey=null
06-21 16:23:45.753  1644  1644 W NotificationViewHierarchyManager: updateNotificationShade activeNotificationSize=8;hasFaceDT: true; Detected:false
06-21 16:23:45.766 26526 26526 D MtpReceiver: Debug MTP:ACTION_USB_STATE 
06-21 16:23:45.767 26526 26526 D MtpReceiver: Debug MTP:stop MTP service 
06-21 16:23:45.768 26526 26526 D MtpReceiver: handleUsbState stopService status=true
06-21 16:23:45.848 29086 29110 W HiApp.AGUiKit/HwDisplaySafeInsetsUtils: main{1} <<< WARN >>> the version sdk api < 28, need not get display safe insets.
06-21 16:23:45.859 29086 29141 I NetworkKit_c: ConcurrentGlobalQueue#3 -->NetworkKit_GRS_GrsClient-Init_0|null|com.huawei.hms.framework.network.grs.e.c|a|20|ContextHolder.getAppContext() from GRS is:null
06-21 16:23:45.865 29086 29141 I NetworkKit_c: ConcurrentGlobalQueue#3 -->NetworkKit_GRS_GrsClient-Init_0|null|com.huawei.hms.framework.network.grs.e.c|a|20|ContextHolder.getAppContext() from GRS is:null
06-21 16:23:45.866 29086 29139 I HMSSDK_HMSPackageManager: Succeed to find HMS apk: com.huawei.hwid version: 50300312
06-21 16:23:45.876  1644  1644 I FloatNotificationManager: removeNotification: key =0|com.android.settings|1000002|null|1000;mKey=null
06-21 16:23:45.877 20933 20954 I chatty  : uid=1000(system) core expire 37 lines
06-21 16:23:45.878  1644  1644 W NotificationViewHierarchyManager: updateNotificationShade activeNotificationSize=7;hasFaceDT: true; Detected:false
06-21 16:23:45.882 26526 26526 D MtpReceiver: Debug MTP:ACTION_USB_STATE 
06-21 16:23:45.883 26526 26526 D MtpReceiver: Debug MTP:stop MTP service 
06-21 16:23:45.889 26526 26526 D MtpReceiver: handleUsbState stopService status=false
06-21 16:23:45.889 29086 29102 E MemoryLeakMonitorManager: MemoryLeakMonitor.jar is not exist!
06-21 16:23:45.890 29086 29141 I NetworkKit_LocalManagerV2: ConcurrentGlobalQueue#3 -->NetworkKit_GRS_GrsClient-Init_0|null|com.huawei.hms.framework.network.grs.f.d|<init>|25|appConfigName iscom_huawei_appgallery_grs_app_global_route_config.json
06-21 16:23:45.895 29086 29134 E BundleMgrProxy: get device type failed by the key hw_sc.build.os.devicetype, and get it again by the old key ro.build.characteristic instead.
06-21 16:23:45.895 29086 29134 E BundleMgrProxy: get api version failed by the key hw_sc.build.os.apiversion, and get it again by the old key ro.build.ohos.apiversion instead.
06-21 16:23:45.895 29086 29134 E BundleMgrProxy: get device type failed by the key hw_sc.build.os.devicetype, and get it again by the old key ro.build.characteristic instead.
06-21 16:23:45.895 29086 29134 E BundleMgrProxy: get api version failed by the key hw_sc.build.os.apiversion, and get it again by the old key ro.build.ohos.apiversion instead.
06-21 16:23:45.902 29086 29139 I HMSSDK_AGCUtils: In getMetaDataCpId, Failed to read meta data for the CpId.
06-21 16:23:45.902 29086 29139 E HMSSDK_AGCUtils: Get client/cp_id failed: java.io.FileNotFoundException: agconnect-services.json
06-21 16:23:45.903 29086 29139 E HMSSDK_AGCUtils: The client/cp_id is null.
06-21 16:23:45.903 29086 29139 I HMSSDK_HianalyticsExist: hianalytics exist: false
06-21 16:23:45.903 29086 29139 I HMSSDK_HMSBIInitializer: Builder->biInitFlag :false
06-21 16:23:45.903 29086 29139 I HMSSDK_AnalyticsSwitchHolder: Builder->biSetting :true
06-21 16:23:45.909 29086 29149 I HMSSDK_HuaweiApi: inner hms is empty,hms pkg name is com.huawei.hwid
06-21 16:23:45.909 29086 29149 I HMSSDK_HuaweiApiManager: sendRequest
06-21 16:23:45.909 29086 29149 I HMSSDK_BaseHmsClient: ====== HMSSDK version: 50200300 ======
06-21 16:23:45.909 29086 29149 I HMSSDK_BaseHmsClient: Enter connect, Connection Status: 1
06-21 16:23:45.909 29086 29149 I HMSSDK_BaseHmsClient: connect minVersion:40002000 packageName:com.huawei.hwid
06-21 16:23:45.910 29086 29149 I HMSSDK_Util: available exist: true
06-21 16:23:45.910 29086 29149 I HMSSDK_Util: available exist: true
06-21 16:23:45.912 29086 29141 I NetworkKit_AbstractLocalManager: ConcurrentGlobalQueue#3 -->NetworkKit_GRS_GrsClient-Init_0|null|com.huawei.hms.framework.network.grs.f.a|a|14|load APP_CONFIG_FILE success.
06-21 16:23:45.913 29086 29149 I HMSSDK_HMSPackageManager: current versionCode:50300312, minimum version requirements: 40002000
06-21 16:23:45.917 29086 29149 I HMSSDK_HMSPackageManager: MinApkVersion is disabled.
06-21 16:23:45.917 29086 29149 I HMSSDK_BaseHmsClient: check available result: 0
06-21 16:23:45.917 29086 29149 I HMSSDK_BaseHmsClient: enter bindCoreService, packageName is com.huawei.hwid, serviceAction is com.huawei.hms.core.aidlservice
06-21 16:23:45.920 29086 29149 I HMSSDK_HuaweiApiManager: sendRequest
06-21 16:23:45.921 29086 29086 D HwInnerWifiManagerImpl: SupplicantState = COMPLETED
06-21 16:23:45.921 29086 29086 D HwInnerWifiManagerImpl: isPhoneAP = false
06-21 16:23:45.922 29086 29086 D HwInnerWifiManagerImpl: SupplicantState = COMPLETED
06-21 16:23:45.922 29086 29086 D HwInnerWifiManagerImpl: isPhoneAP = false
06-21 16:23:45.923 29086 29086 D HwInnerWifiManagerImpl: SupplicantState = COMPLETED
06-21 16:23:45.923 29086 29086 D HwInnerWifiManagerImpl: isPhoneAP = false
06-21 16:23:45.927 29086 29086 D HwInnerWifiManagerImpl: SupplicantState = COMPLETED
06-21 16:23:45.927 29086 29086 D HwInnerWifiManagerImpl: isPhoneAP = false
06-21 16:23:45.929 29086 29086 D HwInnerWifiManagerImpl: SupplicantState = COMPLETED
06-21 16:23:45.929 29086 29086 D HwInnerWifiManagerImpl: isPhoneAP = false
06-21 16:23:45.930 32056  6749 W EventPredictor: Received an event end, but no corresponding event start exists [CONTEXT service_id=218 ]
06-21 16:23:45.931 29086 29141 I NetworkKit_AbstractLocalManager: ConcurrentGlobalQueue#3 -->NetworkKit_GRS_GrsClient-Init_0|null|com.huawei.hms.framework.network.grs.f.a|a|79|load SDK_CONFIG_FILE sucess.
06-21 16:23:45.931 29086 29141 I NetworkKit_AbstractLocalManager: ConcurrentGlobalQueue#3 -->NetworkKit_GRS_GrsClient-Init_0|null|com.huawei.hms.framework.network.grs.f.a|a|79|load SDK_CONFIG_FILE sucess.
06-21 16:23:45.932  1305  8836 I chatty  : uid=1000(system) Binder:1305_1E expire 9 lines
06-21 16:23:45.932 29086 29086 D HwInnerWifiManagerImpl: SupplicantState = COMPLETED
06-21 16:23:45.932 29086 29086 D HwInnerWifiManagerImpl: isPhoneAP = false
06-21 16:23:45.933 29086 29141 I NetworkKit_AbstractLocalManager: ConcurrentGlobalQueue#3 -->NetworkKit_GRS_GrsClient-Init_0|null|com.huawei.hms.framework.network.grs.f.a|a|79|load SDK_CONFIG_FILE sucess.
06-21 16:23:45.933 29086 29141 I NetworkKit_AbstractLocalManager: ConcurrentGlobalQueue#3 -->NetworkKit_GRS_GrsClient-Init_0|null|com.huawei.hms.framework.network.grs.f.a|a|79|load SDK_CONFIG_FILE sucess.
06-21 16:23:45.934 29086 29086 D HwInnerWifiManagerImpl: SupplicantState = COMPLETED
06-21 16:23:45.934 29086 29086 D HwInnerWifiManagerImpl: isPhoneAP = false
06-21 16:23:45.934 29086 29141 I NetworkKit_AbstractLocalManager: ConcurrentGlobalQueue#3 -->NetworkKit_GRS_GrsClient-Init_0|null|com.huawei.hms.framework.network.grs.f.a|a|79|load SDK_CONFIG_FILE sucess.
06-21 16:23:45.935 29086 29141 I NetworkKit_AbstractLocalManager: ConcurrentGlobalQueue#3 -->NetworkKit_GRS_GrsClient-Init_0|null|com.huawei.hms.framework.network.grs.f.a|a|79|load SDK_CONFIG_FILE sucess.
06-21 16:23:45.935 29086 29086 D HwInnerWifiManagerImpl: SupplicantState = COMPLETED
06-21 16:23:45.935 29086 29086 D HwInnerWifiManagerImpl: isPhoneAP = false
06-21 16:23:45.936 29086 29141 I NetworkKit_AbstractLocalManager: ConcurrentGlobalQueue#3 -->NetworkKit_GRS_GrsClient-Init_0|null|com.huawei.hms.framework.network.grs.f.a|a|79|load SDK_CONFIG_FILE sucess.
06-21 16:23:45.936 29086 29141 I NetworkKit_AbstractLocalManager: ConcurrentGlobalQueue#3 -->NetworkKit_GRS_GrsClient-Init_0|null|com.huawei.hms.framework.network.grs.f.a|a|79|load SDK_CONFIG_FILE sucess.
06-21 16:23:45.937 29086 29086 D HwInnerWifiManagerImpl: SupplicantState = COMPLETED
06-21 16:23:45.937 29086 29086 D HwInnerWifiManagerImpl: isPhoneAP = false
06-21 16:23:45.937 29086 29141 I NetworkKit_GrsRequestInfo: ConcurrentGlobalQueue#3 -->NetworkKit_GRS_GrsClient-Init_0|null|com.huawei.hms.framework.network.grs.g.l.c|e|74|post service list is:{"services":["com.huawei.apptouch.updatesdk","com.huawei.appmarketV05","com.huawei.update","com.huawei.cloud.opensdkhianalytics","com.huawei.updatesdk","com.huawei.appmarketV02","com.huawei.appmarketV01","com.huawei.appmarketV04","com.huawei.cloud.quickcard","com.huawei.appmarketV03","com.huawei.dnkeeper","com.huawei.cloud.quickapp.sdk","com.huawei.hms.opendevicesdk","com.huawei.cloud.hianalytics.aspg","com.huawei.cloud.mlkithianalytics","com.huawei.cloud.hianalytics","com.huawei.cloud.agreementservice","com.huawei.cloud.hwid","com.huawei.wlac"]}
06-21 16:23:45.941 29086 29086 W ReflectUtil: NoSuchMethodException: getVSimSubId
06-21 16:23:45.942 29086 29086 W ReflectUtil: NoSuchMethodException: hasIccCardForVSim
06-21 16:23:45.942 29086 29086 W ReflectUtil: NoSuchMethodException: getVSimSubId
06-21 16:23:45.942 29086 29086 W ReflectUtil: NoSuchMethodException: getNetworkOperator
06-21 16:23:45.942 29086 29086 W ReflectUtil: NoSuchMethodException: hasIccCardForVSim
06-21 16:23:45.945 29086 29140 I NetworkKit_a: ConcurrentGlobalQueue#3|null|com.huawei.hms.framework.network.grs.a|a|20|get url from sp is not empty.
06-21 16:23:45.945 29086 29140 I NetworkKit_LocalManagerProxy: ConcurrentGlobalQueue#3|null|com.huawei.hms.framework.network.grs.f.b|a|20|appGrs is not null and clear services.
06-21 16:23:45.945 29086 29140 I NetworkKit_LocalManagerProxy: ConcurrentGlobalQueue#3|null|com.huawei.hms.framework.network.grs.f.b|a|20|appGrs is not null and clear services.
06-21 16:23:45.955   467   467 E OEMINFO_NVM_SERVER:  OeminfoGetInfo:index(155), oeminfo data not find !!!!
06-21 16:23:45.955 29086 29086 I HMSSDK_BinderAdapter: Enter onServiceConnected.
06-21 16:23:45.955 29086 29086 I HMSSDK_BaseHmsClient: Enter onServiceConnected.
06-21 16:23:45.955   467   467 E OEMINFO_NVM_SERVER:  OeminfoReturnInfo: oeminfo return info fail.
06-21 16:23:45.955   467   467 E OEMINFO_NVM_SERVER:  OinvCmdHandler: pid 506, operation oeminfo_getinfo and ret -1 fail.
06-21 16:23:45.957 29086 29149 I HMSSDK_HmsClient: post msg api_name:safetydetect.initAntiFraud, app_id:1027162|, pkg_name:com.huawei.appmarket, sdk_version:50200300, session_id:*, transaction_id:001027162iFraud20210621162345907611128, kitSdkVersion:5003301, apiLevel:1
06-21 16:23:45.958 29086 29149 I HMSSDK_BaseAdapter: in baseRequest + uri is :safetydetect.initAntiFraud, transactionId is : 001027162iFraud20210621162345907611128
06-21 16:23:45.982 29086 29140 I SecurityComp10105306: EncryptUtil: setBouncycastleFlag: true
06-21 16:23:45.982 29086 29149 I HMSSDK_PendingResultImpl: init uri:safetydetect.initAntiFraud
06-21 16:23:45.982 29086 29149 I HMSSDK_PendingResultImpl: setResultCallback
06-21 16:23:45.983 29086 29149 I HMSSDK_HmsClient: post msg api_name:safetydetect.getRiskToken, app_id:1027162|, pkg_name:com.huawei.appmarket, sdk_version:50200300, session_id:*, transaction_id:001027162kToken20210621162345911329901, kitSdkVersion:5003301, apiLevel:1
06-21 16:23:45.983 29086 29149 I HMSSDK_BaseAdapter: in baseRequest + uri is :safetydetect.getRiskToken, transactionId is : 001027162kToken20210621162345911329901
06-21 16:23:45.983  5685 19142 I AIDLInvoke: [I/HMSCore/AIDLInvoke 5685:25908 SourceFile:95] Request, URI: safetydetect.initAntiFraud
06-21 16:23:45.983 29086 29149 I HMSSDK_PendingResultImpl: init uri:safetydetect.getRiskToken
06-21 16:23:45.983 29086 29149 I HMSSDK_PendingResultImpl: setResultCallback
06-21 16:23:45.984  5685 19142 I PackageUtils: [I/HMSCore/PackageUtils 5685:25908 SourceFile:191] uid:10032, packageName:com.huawei.appmarket
06-21 16:23:45.984  5685 19142 I AIDLInvoke: [I/HMSCore/AIDLInvoke 5685:25908 SourceFile:137] modifyAidlRouteInfo param,appId:1027162,SdkVersion:50200300
06-21 16:23:45.985  5685 19142 I AIDLInvoke: [I/HMSCore/AIDLInvoke 5685:25908 SourceFile:95] Request, URI: safetydetect.getRiskToken
06-21 16:23:45.985  5685 29152 I AIDLInvoke: [I/HMSCore/AIDLInvoke 5685:27801 SourceFile:218] modify AdilRouteInfo begin,originApiName:safetydetect.initAntiFraud
06-21 16:23:45.985  5685 19142 I PackageUtils: [I/HMSCore/PackageUtils 5685:25908 SourceFile:191] uid:10032, packageName:com.huawei.appmarket
06-21 16:23:45.985  5685 29152 I fwkit_ApiRuleEngine: [I/fwkit/fwkit_ApiRuleEngine 5685:27801 ApiRuleEngine.java:167] input parameters: type: aidl apiName: safetydetect.initAntiFraud appId: 1027162 packageName: com.huawei.appmarket
06-21 16:23:45.987  5685 29152 I fwkit_ApiRuleEngine: [I/fwkit/fwkit_ApiRuleEngine 5685:27801 ApiRuleEngine.java:234] Business value is: Default
06-21 16:23:45.987  5685 29152 W fwkit_coresm: [W/fwkit/fwkit_coresm 5685:27801 CoreServiceManager.java:77] Get vr_system Service !but its binder is null!
06-21 16:23:45.987  5685 29152 I fwkit_sdk_apiRouter: newApiName is safetydetect.initAntiFraud
06-21 16:23:45.987  5685 29152 I RuleEngineService: [I/HMSCore/RuleEngineService 5685:27801 SourceFile:87] AIDLRequest modify route info,oldApiName:safetydetect.initAntiFraud, newApiName:safetydetect.initAntiFraud
06-21 16:23:45.987  5685 29152 I AIDLInvoke: [I/HMSCore/AIDLInvoke 5685:27801 SourceFile:224] after modify header newApiName:safetydetect.initAntiFraud
06-21 16:23:45.988  5685 29152 I KpmsUtils: [I/HMSCore/KpmsUtils 5685:27801 SourceFile:43] getRealApiLevel:50030000
06-21 16:23:45.988  5685 29152 I AIDLInvoke: [I/HMSCore/AIDLInvoke 5685:27801 SourceFile:520] safetydetect apiLevel: 50030000, request apiLevel: 1
06-21 16:23:45.989  5685 29152 I AIDLInvoke: [I/HMSCore/AIDLInvoke 5685:27801 SourceFile:270] Request, URI: safetydetect.initAntiFraud, clientId: {appId: 1027162, hostAppID: 1027162, packageName: com.huawei.appmarket, sdkVersion: 50200300, uid: 10032, transactionId: 001027162iFraud20210621162345907611128, apiLevel: 1, uri: safetydetect.initAntiFraud, kitSdkVersion: 5003301}
06-21 16:23:45.990  5685 19142 I AIDLInvoke: [I/HMSCore/AIDLInvoke 5685:25908 SourceFile:137] modifyAidlRouteInfo param,appId:1027162,SdkVersion:50200300
06-21 16:23:45.991  5685 29152 I ScopeManager: [I/HMSCore/ScopeManager 5685:27801 SourceFile:109] checkCertFingerprint, appID:1027162, packageName:com.huawei.appmarket
06-21 16:23:45.992  5685 29154 I AIDLInvoke: [I/HMSCore/AIDLInvoke 5685:27802 SourceFile:218] modify AdilRouteInfo begin,originApiName:safetydetect.getRiskToken
06-21 16:23:45.993  5685 29154 I fwkit_ApiRuleEngine: [I/fwkit/fwkit_ApiRuleEngine 5685:27802 ApiRuleEngine.java:167] input parameters: type: aidl apiName: safetydetect.getRiskToken appId: 1027162 packageName: com.huawei.appmarket
06-21 16:23:45.995  5685 29154 I fwkit_ApiRuleEngine: [I/fwkit/fwkit_ApiRuleEngine 5685:27802 ApiRuleEngine.java:234] Business value is: Default
06-21 16:23:45.995  5685 29154 W fwkit_coresm: [W/fwkit/fwkit_coresm 5685:27802 CoreServiceManager.java:77] Get vr_system Service !but its binder is null!
06-21 16:23:45.995  5685 29154 I fwkit_sdk_apiRouter: newApiName is safetydetect.getRiskToken
06-21 16:23:45.995  5685 29154 I RuleEngineService: [I/HMSCore/RuleEngineService 5685:27802 SourceFile:87] AIDLRequest modify route info,oldApiName:safetydetect.getRiskToken, newApiName:safetydetect.getRiskToken
06-21 16:23:45.995  5685 29154 I AIDLInvoke: [I/HMSCore/AIDLInvoke 5685:27802 SourceFile:224] after modify header newApiName:safetydetect.getRiskToken
06-21 16:23:45.996  5685 29154 I KpmsUtils: [I/HMSCore/KpmsUtils 5685:27802 SourceFile:43] getRealApiLevel:50030000
06-21 16:23:45.996  5685 29154 I AIDLInvoke: [I/HMSCore/AIDLInvoke 5685:27802 SourceFile:520] safetydetect apiLevel: 50030000, request apiLevel: 1
06-21 16:23:45.996  5685 29154 I AIDLInvoke: [I/HMSCore/AIDLInvoke 5685:27802 SourceFile:270] Request, URI: safetydetect.getRiskToken, clientId: {appId: 1027162, hostAppID: 1027162, packageName: com.huawei.appmarket, sdkVersion: 50200300, uid: 10032, transactionId: 001027162kToken20210621162345911329901, apiLevel: 1, uri: safetydetect.getRiskToken, kitSdkVersion: 5003301}
06-21 16:23:45.997   467   467 E OEMINFO_NVM_SERVER:  OeminfoGetInfo:index(155), oeminfo data not find !!!!
06-21 16:23:45.998   467   467 E OEMINFO_NVM_SERVER:  OeminfoReturnInfo: oeminfo return info fail.
06-21 16:23:45.998   467   467 E OEMINFO_NVM_SERVER:  OinvCmdHandler: pid 506, operation oeminfo_getinfo and ret -1 fail.
06-21 16:23:45.998  1305  2462 I chatty  : uid=1000(system) Binder:1305_D expire 5 lines
06-21 16:23:45.998  5685 29154 I ScopeManager: [I/HMSCore/ScopeManager 5685:27802 SourceFile:109] checkCertFingerprint, appID:1027162, packageName:com.huawei.appmarket
06-21 16:23:45.999  5685 29152 I AppScope: [I/HMSCore/AppScope 5685:27801 SourceFile:723] checkPermission, appID:1027162, permission:com.huawei.hms.safetydetect, accountIndex:null, checkExpiredTimeFlag:1
06-21 16:23:45.999  5685 29152 I cgm     : [I/hmssafetydetect/cgm 5685:27801 SourceFile:41] Init anti fraud.
06-21 16:23:45.999  5685 29154 I AppScope: [I/HMSCore/AppScope 5685:27802 SourceFile:723] checkPermission, appID:1027162, permission:com.huawei.hms.safetydetect, accountIndex:null, checkExpiredTimeFlag:1
06-21 16:23:45.999  5685 29154 I cgp     : [I/hmssafetydetect/cgp 5685:27802 SourceFile:37] Start get risk token.
06-21 16:23:46.002  5685 29154 I DeviceTokenManager: [I/hmssafetydetect/DeviceTokenManager 5685:27802 SourceFile:83] Device token cache success 
06-21 16:23:46.002  5685 29152 I NetworkSdk_CountryCodeBean: [I/HMSCore/NetworkSdk_CountryCodeBean 5685:27801 SourceFile:28] Core-Connect-770|null|com.huawei.hms.framework.network.grs.local.model.CountryCodeBean|getVendorCountryCode|40|countryCode by ro.hw.country is: cn
06-21 16:23:46.002  5685 29152 I NetworkSdk_CountryCodeBean: [I/HMSCore/NetworkSdk_CountryCodeBean 5685:27801 SourceFile:28] Core-Connect-770|null|com.huawei.hms.framework.network.grs.local.model.CountryCodeBean|init|15|get issue_country code from VENDOR_COUNTRY
06-21 16:23:46.002  5685 29154 I DetectPolicy: [I/hmssafetydetect/DetectPolicy 5685:27802 SourceFile:80] Get detect policy enable true, allow size 2, file size 10, last time 1,621,933,200,000, blackAllow size 0
06-21 16:23:46.002  5685 29152 I BaseUtil: [I/HwID_APK_log[5.3.0.312]/BaseUtil 5685:27801 SourceFile:3063] issueCountryCode is null ? :false
06-21 16:23:46.003  5685 29152 I HiAnalyticsUtil: [I/HwID_APK_log[5.3.0.312]/HiAnalyticsUtil 5685:27801 SourceFile:480] eventId is:907114871
06-21 16:23:46.003  5685 29152 I NetUtils: [I/HwID_APK_log[5.3.0.312]/NetUtils 5685:27801 SourceFile:329] network policy status:1
06-21 16:23:46.004  5685 29154 I chl     : [I/hmssafetydetect/chl 5685:27802 SourceFile:215] Pkg com.huawei.appmarket get risk token success 290
06-21 16:23:46.004  5685 29152 I PowerManagerUtils: [I/HwID_APK_log[5.3.0.312]/PowerManagerUtils 5685:27801 SourceFile:57] ScreenStatus:true
06-21 16:23:46.004  5685 29152 I PowerManagerUtils: [I/HwID_APK_log[5.3.0.312]/PowerManagerUtils 5685:27801 SourceFile:85] IgnoringBatteryOptimizations:true
06-21 16:23:46.004  5685 29154 I HaReporter: [I/hmssafetydetect/HaReporter 5685:27802 SourceFile:25] onEvent success
06-21 16:23:46.004  5685 29152 I PowerManagerUtils: [I/HwID_APK_log[5.3.0.312]/PowerManagerUtils 5685:27801 SourceFile:116] PowerSaveMode:false
06-21 16:23:46.004  5685 29152 I PowerManagerUtils: [I/HwID_APK_log[5.3.0.312]/PowerManagerUtils 5685:27801 SourceFile:148] DeviceIdleMode:false
06-21 16:23:46.004  5685 29154 I cgp     : [I/hmssafetydetect/cgp 5685:27802 SourceFile:44] Success get risk token.
06-21 16:23:46.004  5685 29154 I AIDLResponseImpl: [I/HMSCore/AIDLResponseImpl 5685:27802 SourceFile:147] Response, uri: safetydetect.getRiskToken, statusCode: 0, errorCode: 0
06-21 16:23:46.004  5685 29152 I NetworkSdk_CountryCodeBean: [I/HMSCore/NetworkSdk_CountryCodeBean 5685:27801 SourceFile:28] Core-Connect-770|null|com.huawei.hms.framework.network.grs.local.model.CountryCodeBean|getVendorCountryCode|40|countryCode by ro.hw.country is: cn
06-21 16:23:46.004  5685 29152 I NetworkSdk_CountryCodeBean: [I/HMSCore/NetworkSdk_CountryCodeBean 5685:27801 SourceFile:28] Core-Connect-770|null|com.huawei.hms.framework.network.grs.local.model.CountryCodeBean|init|15|get issue_country code from VENDOR_COUNTRY
06-21 16:23:46.004  5685 29152 I BaseUtil: [I/HwID_APK_log[5.3.0.312]/BaseUtil 5685:27801 SourceFile:3063] issueCountryCode is null ? :false
06-21 16:23:46.005  5685 29152 I HiAnalyticsUtil: [I/HwID_APK_log[5.3.0.312]/HiAnalyticsUtil 5685:27801 SourceFile:840] reportIntervalTime:86400000
06-21 16:23:46.005  5685 29152 I CloudAccountInnerAPI: [I/HwID_APK_log[5.3.0.312]/CloudAccountInnerAPI 5685:27801 SourceFile:116] getServiceToken. Core-Connect-770
06-21 16:23:46.005  5685 29159 I ThreadPool: [I/HwID_APK_log[5.3.0.312]/ThreadPool 5685:27803 SourceFile:140] thread dump:poolName:Hwid-Tracker-Pool activeCount:1 completedTaskCount:3397 taskCount:3398 corePoolSize:0 largestPoolSize:1 maximumPoolSize:1 queueSize:0 
06-21 16:23:46.005  5685 29159 I ThreadPool: [I/HwID_APK_log[5.3.0.312]/ThreadPool 5685:27803 SourceFile:183] afterExecute, time costs:0ms
06-21 16:23:46.005  5685 29159 I ThreadPool: [I/HwID_APK_log[5.3.0.312]/ThreadPool 5685:27803 SourceFile:140] thread dump:poolName:Hwid-Tracker-Pool activeCount:1 completedTaskCount:3397 taskCount:3398 corePoolSize:0 largestPoolSize:1 maximumPoolSize:1 queueSize:0 
06-21 16:23:46.005  5685 29152 I PropertyUtils: [I/HwID_APK_log[5.3.0.312]/PropertyUtils 5685:27801 SourceFile:341] isPhoneStillInLockMode is already false
06-21 16:23:46.005  5685 29152 I AbstractAIDLServiceInvoker: [I/HwID_APK_log[5.3.0.312]/AbstractAIDLServiceInvoker 5685:27801 SourceFile:64] mOriginalAppID is safetydetect
06-21 16:23:46.005  5685 29152 I AbstractAIDLServiceInvoker: [I/HwID_APK_log[5.3.0.312]/AbstractAIDLServiceInvoker 5685:27801 SourceFile:88] TransID:842e5ca5-28f2-45f9-a1c0-4e584ec193f7|innerConnect,status:1|mAPIName:getServiceToken
06-21 16:23:46.006  5685 29152 I AbstractAIDLServiceInvoker: [I/HwID_APK_log[5.3.0.312]/AbstractAIDLServiceInvoker 5685:27801 SourceFile:151] TransID:842e5ca5-28f2-45f9-a1c0-4e584ec193f7|sendEmptyMessageDelayed 3 seconds for onBindService. the result is : true|mAPIName:getServiceToken
06-21 16:23:46.006  5685 29152 I AbstractAIDLServiceInvoker: [I/HwID_APK_log[5.3.0.312]/AbstractAIDLServiceInvoker 5685:27801 SourceFile:115] bindInnerService start.
06-21 16:23:46.006 29086 29101 I HMSSDK_PendingResultImpl: setResult:0
06-21 16:23:46.006  5685 29152 I NetworkSdk_CountryCodeBean: [I/HMSCore/NetworkSdk_CountryCodeBean 5685:27801 SourceFile:28] Core-Connect-770|null|com.huawei.hms.framework.network.grs.local.model.CountryCodeBean|getVendorCountryCode|40|countryCode by ro.hw.country is: cn
06-21 16:23:46.006  5685 29152 I NetworkSdk_CountryCodeBean: [I/HMSCore/NetworkSdk_CountryCodeBean 5685:27801 SourceFile:28] Core-Connect-770|null|com.huawei.hms.framework.network.grs.local.model.CountryCodeBean|init|15|get issue_country code from VENDOR_COUNTRY
06-21 16:23:46.006  5685 29152 I BaseUtil: [I/HwID_APK_log[5.3.0.312]/BaseUtil 5685:27801 SourceFile:3063] issueCountryCode is null ? :false
06-21 16:23:46.006  5685 29152 I HiAnalyticsUtil: [I/HwID_APK_log[5.3.0.312]/HiAnalyticsUtil 5685:27801 SourceFile:480] eventId is:907114101
06-21 16:23:46.007 29086 29086 I HMSSDK_BaseAdapter: baseCallBack.onComplete
06-21 16:23:46.007  5685 29152 I NetUtils: [I/HwID_APK_log[5.3.0.312]/NetUtils 5685:27801 SourceFile:329] network policy status:1
06-21 16:23:46.007  5685 29152 I PowerManagerUtils: [I/HwID_APK_log[5.3.0.312]/PowerManagerUtils 5685:27801 SourceFile:57] ScreenStatus:true
06-21 16:23:46.007 29086 29086 I HMSSDK_HmsClient: receive msg status_code:0, error_code0, api_name:safetydetect.getRiskToken, app_id:1027162|, pkg_name:com.huawei.appmarket, session_id:*, transaction_id:001027162kToken20210621162345911329901, resolution:null
06-21 16:23:46.007  5685 29152 I PowerManagerUtils: [I/HwID_APK_log[5.3.0.312]/PowerManagerUtils 5685:27801 SourceFile:85] IgnoringBatteryOptimizations:true
06-21 16:23:46.008  5685 29152 I PowerManagerUtils: [I/HwID_APK_log[5.3.0.312]/PowerManagerUtils 5685:27801 SourceFile:116] PowerSaveMode:false
06-21 16:23:46.008  5685 29152 I PowerManagerUtils: [I/HwID_APK_log[5.3.0.312]/PowerManagerUtils 5685:27801 SourceFile:148] DeviceIdleMode:false
06-21 16:23:46.008  5685 29152 I NetworkSdk_CountryCodeBean: [I/HMSCore/NetworkSdk_CountryCodeBean 5685:27801 SourceFile:28] Core-Connect-770|null|com.huawei.hms.framework.network.grs.local.model.CountryCodeBean|getVendorCountryCode|40|countryCode by ro.hw.country is: cn
06-21 16:23:46.008  5685 29152 I NetworkSdk_CountryCodeBean: [I/HMSCore/NetworkSdk_CountryCodeBean 5685:27801 SourceFile:28] Core-Connect-770|null|com.huawei.hms.framework.network.grs.local.model.CountryCodeBean|init|15|get issue_country code from VENDOR_COUNTRY
06-21 16:23:46.008  5685 29152 I BaseUtil: [I/HwID_APK_log[5.3.0.312]/BaseUtil 5685:27801 SourceFile:3063] issueCountryCode is null ? :false
06-21 16:23:46.008  5685 29152 I HiAnalyticsUtil: [I/HwID_APK_log[5.3.0.312]/HiAnalyticsUtil 5685:27801 SourceFile:840] reportIntervalTime:86400000
06-21 16:23:46.008  5685 29159 I ThreadPool: [I/HwID_APK_log[5.3.0.312]/ThreadPool 5685:27803 SourceFile:183] afterExecute, time costs:0ms
06-21 16:23:46.008  5685 29159 I ThreadPool: [I/HwID_APK_log[5.3.0.312]/ThreadPool 5685:27803 SourceFile:140] thread dump:poolName:Hwid-Tracker-Pool activeCount:1 completedTaskCount:3398 taskCount:3399 corePoolSize:0 largestPoolSize:1 maximumPoolSize:1 queueSize:0 
06-21 16:23:46.010  5685  5685 I AbstractAIDLServiceInvoker: [I/HwID_APK_log[5.3.0.312]/AbstractAIDLServiceInvoker 5685:1 SourceFile:183] TransID:842e5ca5-28f2-45f9-a1c0-4e584ec193f7|onServiceConnected.|mAPIName:getServiceToken
06-21 16:23:46.010  5685  5685 I AbstractAIDLServiceInvoker: [I/HwID_APK_log[5.3.0.312]/AbstractAIDLServiceInvoker 5685:1 SourceFile:163] TransID:842e5ca5-28f2-45f9-a1c0-4e584ec193f7|cancelConnDelayHandle start.|mAPIName:getServiceToken
06-21 16:23:46.011  5685  5685 I CloudAccountInnerServiceInvoker: [I/HwID_APK_log[5.3.0.312]/CloudAccountInnerServiceInvoker 5685:1 SourceFile:41] checkServiceConnected,checkResult:true
06-21 16:23:46.011  5685  5685 I AbstractAIDLServiceInvoker: [I/HwID_APK_log[5.3.0.312]/AbstractAIDLServiceInvoker 5685:1 SourceFile:188] TransID:842e5ca5-28f2-45f9-a1c0-4e584ec193f7|Inner Service binded, bind status: 3|mAPIName:getServiceToken
